Compiling lib\main.dart for the Web...                          
flutter : Wasm dry run findings:
発生場所 行:1 文字:1
+ flutter build web --release --no-pub > build_output.txt 2>&1
+ ~~~~~~~~~~~~~~~~~~~~~~~~~~~~~~~~~~~~~~~~~~~~~~~~~~~~~~~~~~~~
    + CategoryInfo          : NotSpecified: (Wasm dry run findings::String) [], RemoteException
    + FullyQualifiedErrorId : NativeCommandError
 
Found incompatibilities with WebAssembly.

package:aquaanalyst_ai/data/services/local_ai_service.dart 7:24 - External JS interop member contains an invalid type: 
'invalid-type'. (2)

Consider addressing these issues to enable wasm builds. See docs for more info: https://docs.flutter.dev/platform-integ
ration/web/wasm

Use --no-wasm-dry-run to disable these warnings.
Target dart2js failed: ProcessException: Process exited abnormally with exit code 1:
lib/main.dart:34:1:
Error: Directives must appear before any declarations.
import 'core/app_config.dart';
^^^^^^
lib/data/services/gemini_service.dart:26:1:
Error: Directives must appear before any declarations.
import 'ai_service.dart';
^^^^^^
lib/ui/screens/agent_feedback_screen.dart:286:7:
Error: Expected a class member, but got 'finally'.
    } finally {
      ^^^^^^^
lib/ui/screens/agent_feedback_screen.dart:286:15:
Error: Expected an identifier, but got '{'.
    } finally {
              ^
lib/ui/screens/agent_feedback_screen.dart:286:15:
Error: A method declaration needs an explicit list of parameters.
    } finally {
              ^
lib/ui/screens/agent_feedback_screen.dart:774:1:
Error: Expected a declaration, but got '}'.
}
^
lib/ui/widgets/training_form.dart:137:1:
Error: The non-ASCII character '騾包ｽｻ' (U+753B) can't be used in identifiers, only in strings and comments.
騾包ｽｻ陷剃ｸ槭・邵ｺ・ｮ鬮ｯ・ｸ闕ｳ鄙ｫ繝ｨ郢晢ｽｬ郢晢ｽｼ郢昜ｹ斟ｦ郢ｧ・ｰ繝ｻ閧ｲ・ｭ荵昴Κ郢晢ｽｬ邵ｺ・ｪ邵ｺ・ｩ繝ｻ蟲ｨ繝ｻ髫ｪ蛟ｬ鮖ｸ郢ｧ蛛ｵ繝ｦ郢ｧ・ｭ郢ｧ・ｹ郢晏現竊堤ｸｺ蜉ｱ窶ｻ隰夲ｽｽ陷・ｽｺ邵ｺ蜉ｱ窶ｻ邵ｺ荳岩味邵ｺ
霈費ｼ樒ｸｲ繝ｻ^
lib/ui/widgets/training_form.dart:137:2:
Error: The non-ASCII character '陷偵・ (U+50CF) can't be used in identifiers, only in strings and comments.
騾包ｽｻ陷剃ｸ槭・邵ｺ・ｮ鬮ｯ・ｸ闕ｳ鄙ｫ繝ｨ郢晢ｽｬ郢晢ｽｼ郢昜ｹ斟ｦ郢ｧ・ｰ繝ｻ閧ｲ・ｭ荵昴Κ郢晢ｽｬ邵ｺ・ｪ邵ｺ・ｩ繝ｻ蟲ｨ繝ｻ髫ｪ蛟ｬ鮖ｸ郢ｧ蛛ｵ繝ｦ郢ｧ・ｭ郢ｧ・ｹ郢晏現竊堤ｸｺ蜉ｱ窶ｻ隰夲ｽｽ陷・ｽｺ邵ｺ蜉ｱ窶ｻ邵ｺ荳岩味邵ｺ
霈費ｼ樒ｸｲ繝ｻ ^
lib/ui/widgets/training_form.dart:137:3:
Error: The non-ASCII character '陷繝ｻ (U+5185) can't be used in identifiers, only in strings and comments.
騾包ｽｻ陷剃ｸ槭・邵ｺ・ｮ鬮ｯ・ｸ闕ｳ鄙ｫ繝ｨ郢晢ｽｬ郢晢ｽｼ郢昜ｹ斟ｦ郢ｧ・ｰ繝ｻ閧ｲ・ｭ荵昴Κ郢晢ｽｬ邵ｺ・ｪ邵ｺ・ｩ繝ｻ蟲ｨ繝ｻ髫ｪ蛟ｬ鮖ｸ郢ｧ蛛ｵ繝ｦ郢ｧ・ｭ郢ｧ・ｹ郢晏現竊堤ｸｺ蜉ｱ窶ｻ隰夲ｽｽ陷・ｽｺ邵ｺ蜉ｱ窶ｻ邵ｺ荳岩味邵ｺ
霈費ｼ樒ｸｲ繝ｻ  ^
lib/ui/widgets/training_form.dart:137:4:
Error: The non-ASCII character '邵ｺ・ｮ' (U+306E) can't be used in identifiers, only in strings and comments.
騾包ｽｻ陷剃ｸ槭・邵ｺ・ｮ鬮ｯ・ｸ闕ｳ鄙ｫ繝ｨ郢晢ｽｬ郢晢ｽｼ郢昜ｹ斟ｦ郢ｧ・ｰ繝ｻ閧ｲ・ｭ荵昴Κ郢晢ｽｬ邵ｺ・ｪ邵ｺ・ｩ繝ｻ蟲ｨ繝ｻ髫ｪ蛟ｬ鮖ｸ郢ｧ蛛ｵ繝ｦ郢ｧ・ｭ郢ｧ・ｹ郢晏現竊堤ｸｺ蜉ｱ窶ｻ隰夲ｽｽ陷・ｽｺ邵ｺ蜉ｱ窶ｻ邵ｺ荳岩味邵ｺ
霈費ｼ樒ｸｲ繝ｻ   ^
lib/ui/widgets/training_form.dart:137:5:
Error: The non-ASCII character '鬮ｯ・ｸ' (U+9678) can't be used in identifiers, only in strings and comments.
騾包ｽｻ陷剃ｸ槭・邵ｺ・ｮ鬮ｯ・ｸ闕ｳ鄙ｫ繝ｨ郢晢ｽｬ郢晢ｽｼ郢昜ｹ斟ｦ郢ｧ・ｰ繝ｻ閧ｲ・ｭ荵昴Κ郢晢ｽｬ邵ｺ・ｪ邵ｺ・ｩ繝ｻ蟲ｨ繝ｻ髫ｪ蛟ｬ鮖ｸ郢ｧ蛛ｵ繝ｦ郢ｧ・ｭ郢ｧ・ｹ郢晏現竊堤ｸｺ蜉ｱ窶ｻ隰夲ｽｽ陷・ｽｺ邵ｺ蜉ｱ窶ｻ邵ｺ荳岩味邵ｺ
霈費ｼ樒ｸｲ繝ｻ    ^
lib/ui/widgets/training_form.dart:137:6:
Error: The non-ASCII character '闕ｳ繝ｻ (U+4E0A) can't be used in identifiers, only in strings and comments.
騾包ｽｻ陷剃ｸ槭・邵ｺ・ｮ鬮ｯ・ｸ闕ｳ鄙ｫ繝ｨ郢晢ｽｬ郢晢ｽｼ郢昜ｹ斟ｦ郢ｧ・ｰ繝ｻ閧ｲ・ｭ荵昴Κ郢晢ｽｬ邵ｺ・ｪ邵ｺ・ｩ繝ｻ蟲ｨ繝ｻ髫ｪ蛟ｬ鮖ｸ郢ｧ蛛ｵ繝ｦ郢ｧ・ｭ郢ｧ・ｹ郢晏現竊堤ｸｺ蜉ｱ窶ｻ隰夲ｽｽ陷・ｽｺ邵ｺ蜉ｱ窶ｻ邵ｺ荳岩味邵ｺ
霈費ｼ樒ｸｲ繝ｻ     ^
lib/ui/widgets/training_form.dart:137:7:
Error: The non-ASCII character '郢昴・ (U+30C8) can't be used in identifiers, only in strings and comments.
騾包ｽｻ陷剃ｸ槭・邵ｺ・ｮ鬮ｯ・ｸ闕ｳ鄙ｫ繝ｨ郢晢ｽｬ郢晢ｽｼ郢昜ｹ斟ｦ郢ｧ・ｰ繝ｻ閧ｲ・ｭ荵昴Κ郢晢ｽｬ邵ｺ・ｪ邵ｺ・ｩ繝ｻ蟲ｨ繝ｻ髫ｪ蛟ｬ鮖ｸ郢ｧ蛛ｵ繝ｦ郢ｧ・ｭ郢ｧ・ｹ郢晏現竊堤ｸｺ蜉ｱ窶ｻ隰夲ｽｽ陷・ｽｺ邵ｺ蜉ｱ窶ｻ邵ｺ荳岩味邵ｺ
霈費ｼ樒ｸｲ繝ｻ      ^
lib/ui/widgets/training_form.dart:137:8:
Error: The non-ASCII character '郢晢ｽｬ' (U+30EC) can't be used in identifiers, only in strings and comments.
騾包ｽｻ陷剃ｸ槭・邵ｺ・ｮ鬮ｯ・ｸ闕ｳ鄙ｫ繝ｨ郢晢ｽｬ郢晢ｽｼ郢昜ｹ斟ｦ郢ｧ・ｰ繝ｻ閧ｲ・ｭ荵昴Κ郢晢ｽｬ邵ｺ・ｪ邵ｺ・ｩ繝ｻ蟲ｨ繝ｻ髫ｪ蛟ｬ鮖ｸ郢ｧ蛛ｵ繝ｦ郢ｧ・ｭ郢ｧ・ｹ郢晏現竊堤ｸｺ蜉ｱ窶ｻ隰夲ｽｽ陷・ｽｺ邵ｺ蜉ｱ窶ｻ邵ｺ荳岩味邵ｺ
霈費ｼ樒ｸｲ繝ｻ       ^
lib/ui/widgets/training_form.dart:137:9:
Error: The non-ASCII character '郢晢ｽｼ' (U+30FC) can't be used in identifiers, only in strings and comments.
騾包ｽｻ陷剃ｸ槭・邵ｺ・ｮ鬮ｯ・ｸ闕ｳ鄙ｫ繝ｨ郢晢ｽｬ郢晢ｽｼ郢昜ｹ斟ｦ郢ｧ・ｰ繝ｻ閧ｲ・ｭ荵昴Κ郢晢ｽｬ邵ｺ・ｪ邵ｺ・ｩ繝ｻ蟲ｨ繝ｻ髫ｪ蛟ｬ鮖ｸ郢ｧ蛛ｵ繝ｦ郢ｧ・ｭ郢ｧ・ｹ郢晏現竊堤ｸｺ蜉ｱ窶ｻ隰夲ｽｽ陷・ｽｺ邵ｺ蜉ｱ窶ｻ邵ｺ荳岩味邵ｺ
霈費ｼ樒ｸｲ繝ｻ        ^
lib/ui/widgets/training_form.dart:137:10:
Error: The non-ASCII character '郢昴・ (U+30CB) can't be used in identifiers, only in strings and comments.
騾包ｽｻ陷剃ｸ槭・邵ｺ・ｮ鬮ｯ・ｸ闕ｳ鄙ｫ繝ｨ郢晢ｽｬ郢晢ｽｼ郢昜ｹ斟ｦ郢ｧ・ｰ繝ｻ閧ｲ・ｭ荵昴Κ郢晢ｽｬ邵ｺ・ｪ邵ｺ・ｩ繝ｻ蟲ｨ繝ｻ髫ｪ蛟ｬ鮖ｸ郢ｧ蛛ｵ繝ｦ郢ｧ・ｭ郢ｧ・ｹ郢晏現竊堤ｸｺ蜉ｱ窶ｻ隰夲ｽｽ陷・ｽｺ邵ｺ蜉ｱ窶ｻ邵ｺ荳岩味邵ｺ
霈費ｼ樒ｸｲ繝ｻ         ^
lib/ui/widgets/training_form.dart:137:11:
Error: The non-ASCII character '郢晢ｽｳ' (U+30F3) can't be used in identifiers, only in strings and comments.
騾包ｽｻ陷剃ｸ槭・邵ｺ・ｮ鬮ｯ・ｸ闕ｳ鄙ｫ繝ｨ郢晢ｽｬ郢晢ｽｼ郢昜ｹ斟ｦ郢ｧ・ｰ繝ｻ閧ｲ・ｭ荵昴Κ郢晢ｽｬ邵ｺ・ｪ邵ｺ・ｩ繝ｻ蟲ｨ繝ｻ髫ｪ蛟ｬ鮖ｸ郢ｧ蛛ｵ繝ｦ郢ｧ・ｭ郢ｧ・ｹ郢晏現竊堤ｸｺ蜉ｱ窶ｻ隰夲ｽｽ陷・ｽｺ邵ｺ蜉ｱ窶ｻ邵ｺ荳岩味邵ｺ
霈費ｼ樒ｸｲ繝ｻ          ^
lib/ui/widgets/training_form.dart:137:12:
Error: The non-ASCII character '郢ｧ・ｰ' (U+30B0) can't be used in identifiers, only in strings and comments.
騾包ｽｻ陷剃ｸ槭・邵ｺ・ｮ鬮ｯ・ｸ闕ｳ鄙ｫ繝ｨ郢晢ｽｬ郢晢ｽｼ郢昜ｹ斟ｦ郢ｧ・ｰ繝ｻ閧ｲ・ｭ荵昴Κ郢晢ｽｬ邵ｺ・ｪ邵ｺ・ｩ繝ｻ蟲ｨ繝ｻ髫ｪ蛟ｬ鮖ｸ郢ｧ蛛ｵ繝ｦ郢ｧ・ｭ郢ｧ・ｹ郢晏現竊堤ｸｺ蜉ｱ窶ｻ隰夲ｽｽ陷・ｽｺ邵ｺ蜉ｱ窶ｻ邵ｺ荳岩味邵ｺ
霈費ｼ樒ｸｲ繝ｻ           ^
lib/ui/widgets/training_form.dart:137:13:
Error: The non-ASCII character '繝ｻ繝ｻ (U+FF08) can't be used in identifiers, only in strings and comments.
騾包ｽｻ陷剃ｸ槭・邵ｺ・ｮ鬮ｯ・ｸ闕ｳ鄙ｫ繝ｨ郢晢ｽｬ郢晢ｽｼ郢昜ｹ斟ｦ郢ｧ・ｰ繝ｻ閧ｲ・ｭ荵昴Κ郢晢ｽｬ邵ｺ・ｪ邵ｺ・ｩ繝ｻ蟲ｨ繝ｻ髫ｪ蛟ｬ鮖ｸ郢ｧ蛛ｵ繝ｦ郢ｧ・ｭ郢ｧ・ｹ郢晏現竊堤ｸｺ蜉ｱ窶ｻ隰夲ｽｽ陷・ｽｺ邵ｺ蜉ｱ窶ｻ邵ｺ荳岩味邵ｺ
霈費ｼ樒ｸｲ繝ｻ            ^
lib/ui/widgets/training_form.dart:137:14:
Error: The non-ASCII character '驕ｲ繝ｻ (U+7B4B) can't be used in identifiers, only in strings and comments.
騾包ｽｻ陷剃ｸ槭・邵ｺ・ｮ鬮ｯ・ｸ闕ｳ鄙ｫ繝ｨ郢晢ｽｬ郢晢ｽｼ郢昜ｹ斟ｦ郢ｧ・ｰ繝ｻ閧ｲ・ｭ荵昴Κ郢晢ｽｬ邵ｺ・ｪ邵ｺ・ｩ繝ｻ蟲ｨ繝ｻ髫ｪ蛟ｬ鮖ｸ郢ｧ蛛ｵ繝ｦ郢ｧ・ｭ郢ｧ・ｹ郢晏現竊堤ｸｺ蜉ｱ窶ｻ隰夲ｽｽ陷・ｽｺ邵ｺ蜉ｱ窶ｻ邵ｺ荳岩味邵ｺ
霈費ｼ樒ｸｲ繝ｻ             ^
lib/ui/widgets/training_form.dart:137:15:
Error: The non-ASCII character '郢昴・ (U+30C8) can't be used in identifiers, only in strings and comments.
騾包ｽｻ陷剃ｸ槭・邵ｺ・ｮ鬮ｯ・ｸ闕ｳ鄙ｫ繝ｨ郢晢ｽｬ郢晢ｽｼ郢昜ｹ斟ｦ郢ｧ・ｰ繝ｻ閧ｲ・ｭ荵昴Κ郢晢ｽｬ邵ｺ・ｪ邵ｺ・ｩ繝ｻ蟲ｨ繝ｻ髫ｪ蛟ｬ鮖ｸ郢ｧ蛛ｵ繝ｦ郢ｧ・ｭ郢ｧ・ｹ郢晏現竊堤ｸｺ蜉ｱ窶ｻ隰夲ｽｽ陷・ｽｺ邵ｺ蜉ｱ窶ｻ邵ｺ荳岩味邵ｺ
霈費ｼ樒ｸｲ繝ｻ              ^
lib/ui/widgets/training_form.dart:137:16:
Error: The non-ASCII character '郢晢ｽｬ' (U+30EC) can't be used in identifiers, only in strings and comments.
騾包ｽｻ陷剃ｸ槭・邵ｺ・ｮ鬮ｯ・ｸ闕ｳ鄙ｫ繝ｨ郢晢ｽｬ郢晢ｽｼ郢昜ｹ斟ｦ郢ｧ・ｰ繝ｻ閧ｲ・ｭ荵昴Κ郢晢ｽｬ邵ｺ・ｪ邵ｺ・ｩ繝ｻ蟲ｨ繝ｻ髫ｪ蛟ｬ鮖ｸ郢ｧ蛛ｵ繝ｦ郢ｧ・ｭ郢ｧ・ｹ郢晏現竊堤ｸｺ蜉ｱ窶ｻ隰夲ｽｽ陷・ｽｺ邵ｺ蜉ｱ窶ｻ邵ｺ荳岩味邵ｺ
霈費ｼ樒ｸｲ繝ｻ               ^
lib/ui/widgets/training_form.dart:137:17:
Error: The non-ASCII character '邵ｺ・ｪ' (U+306A) can't be used in identifiers, only in strings and comments.
騾包ｽｻ陷剃ｸ槭・邵ｺ・ｮ鬮ｯ・ｸ闕ｳ鄙ｫ繝ｨ郢晢ｽｬ郢晢ｽｼ郢昜ｹ斟ｦ郢ｧ・ｰ繝ｻ閧ｲ・ｭ荵昴Κ郢晢ｽｬ邵ｺ・ｪ邵ｺ・ｩ繝ｻ蟲ｨ繝ｻ髫ｪ蛟ｬ鮖ｸ郢ｧ蛛ｵ繝ｦ郢ｧ・ｭ郢ｧ・ｹ郢晏現竊堤ｸｺ蜉ｱ窶ｻ隰夲ｽｽ陷・ｽｺ邵ｺ蜉ｱ窶ｻ邵ｺ荳岩味邵ｺ
霈費ｼ樒ｸｲ繝ｻ                ^
lib/ui/widgets/training_form.dart:137:18:
Error: The non-ASCII character '邵ｺ・ｩ' (U+3069) can't be used in identifiers, only in strings and comments.
騾包ｽｻ陷剃ｸ槭・邵ｺ・ｮ鬮ｯ・ｸ闕ｳ鄙ｫ繝ｨ郢晢ｽｬ郢晢ｽｼ郢昜ｹ斟ｦ郢ｧ・ｰ繝ｻ閧ｲ・ｭ荵昴Κ郢晢ｽｬ邵ｺ・ｪ邵ｺ・ｩ繝ｻ蟲ｨ繝ｻ髫ｪ蛟ｬ鮖ｸ郢ｧ蛛ｵ繝ｦ郢ｧ・ｭ郢ｧ・ｹ郢晏現竊堤ｸｺ蜉ｱ窶ｻ隰夲ｽｽ陷・ｽｺ邵ｺ蜉ｱ窶ｻ邵ｺ荳岩味邵ｺ
霈費ｼ樒ｸｲ繝ｻ                 ^
lib/ui/widgets/training_form.dart:137:19:
Error: The non-ASCII character '繝ｻ繝ｻ (U+FF09) can't be used in identifiers, only in strings and comments.
騾包ｽｻ陷剃ｸ槭・邵ｺ・ｮ鬮ｯ・ｸ闕ｳ鄙ｫ繝ｨ郢晢ｽｬ郢晢ｽｼ郢昜ｹ斟ｦ郢ｧ・ｰ繝ｻ閧ｲ・ｭ荵昴Κ郢晢ｽｬ邵ｺ・ｪ邵ｺ・ｩ繝ｻ蟲ｨ繝ｻ髫ｪ蛟ｬ鮖ｸ郢ｧ蛛ｵ繝ｦ郢ｧ・ｭ郢ｧ・ｹ郢晏現竊堤ｸｺ蜉ｱ窶ｻ隰夲ｽｽ陷・ｽｺ邵ｺ蜉ｱ窶ｻ邵ｺ荳岩味邵ｺ
霈費ｼ樒ｸｲ繝ｻ                  ^
lib/ui/widgets/training_form.dart:137:20:
Error: The non-ASCII character '邵ｺ・ｮ' (U+306E) can't be used in identifiers, only in strings and comments.
騾包ｽｻ陷剃ｸ槭・邵ｺ・ｮ鬮ｯ・ｸ闕ｳ鄙ｫ繝ｨ郢晢ｽｬ郢晢ｽｼ郢昜ｹ斟ｦ郢ｧ・ｰ繝ｻ閧ｲ・ｭ荵昴Κ郢晢ｽｬ邵ｺ・ｪ邵ｺ・ｩ繝ｻ蟲ｨ繝ｻ髫ｪ蛟ｬ鮖ｸ郢ｧ蛛ｵ繝ｦ郢ｧ・ｭ郢ｧ・ｹ郢晏現竊堤ｸｺ蜉ｱ窶ｻ隰夲ｽｽ陷・ｽｺ邵ｺ蜉ｱ窶ｻ邵ｺ荳岩味邵ｺ
霈費ｼ樒ｸｲ繝ｻ                   ^
lib/ui/widgets/training_form.dart:137:21:
Error: The non-ASCII character '髫ｪ繝ｻ (U+8A18) can't be used in identifiers, only in strings and comments.
騾包ｽｻ陷剃ｸ槭・邵ｺ・ｮ鬮ｯ・ｸ闕ｳ鄙ｫ繝ｨ郢晢ｽｬ郢晢ｽｼ郢昜ｹ斟ｦ郢ｧ・ｰ繝ｻ閧ｲ・ｭ荵昴Κ郢晢ｽｬ邵ｺ・ｪ邵ｺ・ｩ繝ｻ蟲ｨ繝ｻ髫ｪ蛟ｬ鮖ｸ郢ｧ蛛ｵ繝ｦ郢ｧ・ｭ郢ｧ・ｹ郢晏現竊堤ｸｺ蜉ｱ窶ｻ隰夲ｽｽ陷・ｽｺ邵ｺ蜉ｱ窶ｻ邵ｺ荳岩味邵ｺ
霈費ｼ樒ｸｲ繝ｻ                    ^
lib/ui/widgets/training_form.dart:137:22:
Error: The non-ASCII character '鬪ｭ・ｲ' (U+9332) can't be used in identifiers, only in strings and comments.
騾包ｽｻ陷剃ｸ槭・邵ｺ・ｮ鬮ｯ・ｸ闕ｳ鄙ｫ繝ｨ郢晢ｽｬ郢晢ｽｼ郢昜ｹ斟ｦ郢ｧ・ｰ繝ｻ閧ｲ・ｭ荵昴Κ郢晢ｽｬ邵ｺ・ｪ邵ｺ・ｩ繝ｻ蟲ｨ繝ｻ髫ｪ蛟ｬ鮖ｸ郢ｧ蛛ｵ繝ｦ郢ｧ・ｭ郢ｧ・ｹ郢晏現竊堤ｸｺ蜉ｱ窶ｻ隰夲ｽｽ陷・ｽｺ邵ｺ蜉ｱ窶ｻ邵ｺ荳岩味邵ｺ
霈費ｼ樒ｸｲ繝ｻ                     ^
lib/ui/widgets/training_form.dart:137:23:
Error: The non-ASCII character '郢ｧ繝ｻ (U+3092) can't be used in identifiers, only in strings and comments.
騾包ｽｻ陷剃ｸ槭・邵ｺ・ｮ鬮ｯ・ｸ闕ｳ鄙ｫ繝ｨ郢晢ｽｬ郢晢ｽｼ郢昜ｹ斟ｦ郢ｧ・ｰ繝ｻ閧ｲ・ｭ荵昴Κ郢晢ｽｬ邵ｺ・ｪ邵ｺ・ｩ繝ｻ蟲ｨ繝ｻ髫ｪ蛟ｬ鮖ｸ郢ｧ蛛ｵ繝ｦ郢ｧ・ｭ郢ｧ・ｹ郢晏現竊堤ｸｺ蜉ｱ窶ｻ隰夲ｽｽ陷・ｽｺ邵ｺ蜉ｱ窶ｻ邵ｺ荳岩味邵ｺ
霈費ｼ樒ｸｲ繝ｻ                      ^
lib/ui/widgets/training_form.dart:137:24:
Error: The non-ASCII character '郢昴・ (U+30C6) can't be used in identifiers, only in strings and comments.
騾包ｽｻ陷剃ｸ槭・邵ｺ・ｮ鬮ｯ・ｸ闕ｳ鄙ｫ繝ｨ郢晢ｽｬ郢晢ｽｼ郢昜ｹ斟ｦ郢ｧ・ｰ繝ｻ閧ｲ・ｭ荵昴Κ郢晢ｽｬ邵ｺ・ｪ邵ｺ・ｩ繝ｻ蟲ｨ繝ｻ髫ｪ蛟ｬ鮖ｸ郢ｧ蛛ｵ繝ｦ郢ｧ・ｭ郢ｧ・ｹ郢晏現竊堤ｸｺ蜉ｱ窶ｻ隰夲ｽｽ陷・ｽｺ邵ｺ蜉ｱ窶ｻ邵ｺ荳岩味邵ｺ
霈費ｼ樒ｸｲ繝ｻ                       ^
lib/ui/widgets/training_form.dart:137:25:
Error: The non-ASCII character '郢ｧ・ｭ' (U+30AD) can't be used in identifiers, only in strings and comments.
騾包ｽｻ陷剃ｸ槭・邵ｺ・ｮ鬮ｯ・ｸ闕ｳ鄙ｫ繝ｨ郢晢ｽｬ郢晢ｽｼ郢昜ｹ斟ｦ郢ｧ・ｰ繝ｻ閧ｲ・ｭ荵昴Κ郢晢ｽｬ邵ｺ・ｪ邵ｺ・ｩ繝ｻ蟲ｨ繝ｻ髫ｪ蛟ｬ鮖ｸ郢ｧ蛛ｵ繝ｦ郢ｧ・ｭ郢ｧ・ｹ郢晏現竊堤ｸｺ蜉ｱ窶ｻ隰夲ｽｽ陷・ｽｺ邵ｺ蜉ｱ窶ｻ邵ｺ荳岩味邵ｺ
霈費ｼ樒ｸｲ繝ｻ                        ^
lib/ui/widgets/training_form.dart:137:26:
Error: The non-ASCII character '郢ｧ・ｹ' (U+30B9) can't be used in identifiers, only in strings and comments.
騾包ｽｻ陷剃ｸ槭・邵ｺ・ｮ鬮ｯ・ｸ闕ｳ鄙ｫ繝ｨ郢晢ｽｬ郢晢ｽｼ郢昜ｹ斟ｦ郢ｧ・ｰ繝ｻ閧ｲ・ｭ荵昴Κ郢晢ｽｬ邵ｺ・ｪ邵ｺ・ｩ繝ｻ蟲ｨ繝ｻ髫ｪ蛟ｬ鮖ｸ郢ｧ蛛ｵ繝ｦ郢ｧ・ｭ郢ｧ・ｹ郢晏現竊堤ｸｺ蜉ｱ窶ｻ隰夲ｽｽ陷・ｽｺ邵ｺ蜉ｱ窶ｻ邵ｺ荳岩味邵ｺ
霈費ｼ樒ｸｲ繝ｻ                         ^
lib/ui/widgets/training_form.dart:137:27:
Error: The non-ASCII character '郢昴・ (U+30C8) can't be used in identifiers, only in strings and comments.
騾包ｽｻ陷剃ｸ槭・邵ｺ・ｮ鬮ｯ・ｸ闕ｳ鄙ｫ繝ｨ郢晢ｽｬ郢晢ｽｼ郢昜ｹ斟ｦ郢ｧ・ｰ繝ｻ閧ｲ・ｭ荵昴Κ郢晢ｽｬ邵ｺ・ｪ邵ｺ・ｩ繝ｻ蟲ｨ繝ｻ髫ｪ蛟ｬ鮖ｸ郢ｧ蛛ｵ繝ｦ郢ｧ・ｭ郢ｧ・ｹ郢晏現竊堤ｸｺ蜉ｱ窶ｻ隰夲ｽｽ陷・ｽｺ邵ｺ蜉ｱ窶ｻ邵ｺ荳岩味邵ｺ
霈費ｼ樒ｸｲ繝ｻ                          ^
lib/ui/widgets/training_form.dart:137:28:
Error: The non-ASCII character '邵ｺ・ｨ' (U+3068) can't be used in identifiers, only in strings and comments.
騾包ｽｻ陷剃ｸ槭・邵ｺ・ｮ鬮ｯ・ｸ闕ｳ鄙ｫ繝ｨ郢晢ｽｬ郢晢ｽｼ郢昜ｹ斟ｦ郢ｧ・ｰ繝ｻ閧ｲ・ｭ荵昴Κ郢晢ｽｬ邵ｺ・ｪ邵ｺ・ｩ繝ｻ蟲ｨ繝ｻ髫ｪ蛟ｬ鮖ｸ郢ｧ蛛ｵ繝ｦ郢ｧ・ｭ郢ｧ・ｹ郢晏現竊堤ｸｺ蜉ｱ窶ｻ隰夲ｽｽ陷・ｽｺ邵ｺ蜉ｱ窶ｻ邵ｺ荳岩味邵ｺ
霈費ｼ樒ｸｲ繝ｻ                           ^
lib/ui/widgets/training_form.dart:137:29:
Error: The non-ASCII character '邵ｺ繝ｻ (U+3057) can't be used in identifiers, only in strings and comments.
騾包ｽｻ陷剃ｸ槭・邵ｺ・ｮ鬮ｯ・ｸ闕ｳ鄙ｫ繝ｨ郢晢ｽｬ郢晢ｽｼ郢昜ｹ斟ｦ郢ｧ・ｰ繝ｻ閧ｲ・ｭ荵昴Κ郢晢ｽｬ邵ｺ・ｪ邵ｺ・ｩ繝ｻ蟲ｨ繝ｻ髫ｪ蛟ｬ鮖ｸ郢ｧ蛛ｵ繝ｦ郢ｧ・ｭ郢ｧ・ｹ郢晏現竊堤ｸｺ蜉ｱ窶ｻ隰夲ｽｽ陷・ｽｺ邵ｺ蜉ｱ窶ｻ邵ｺ荳岩味邵ｺ
霈費ｼ樒ｸｲ繝ｻ                            ^
lib/ui/widgets/training_form.dart:137:30:
Error: The non-ASCII character '邵ｺ・ｦ' (U+3066) can't be used in identifiers, only in strings and comments.
騾包ｽｻ陷剃ｸ槭・邵ｺ・ｮ鬮ｯ・ｸ闕ｳ鄙ｫ繝ｨ郢晢ｽｬ郢晢ｽｼ郢昜ｹ斟ｦ郢ｧ・ｰ繝ｻ閧ｲ・ｭ荵昴Κ郢晢ｽｬ邵ｺ・ｪ邵ｺ・ｩ繝ｻ蟲ｨ繝ｻ髫ｪ蛟ｬ鮖ｸ郢ｧ蛛ｵ繝ｦ郢ｧ・ｭ郢ｧ・ｹ郢晏現竊堤ｸｺ蜉ｱ窶ｻ隰夲ｽｽ陷・ｽｺ邵ｺ蜉ｱ窶ｻ邵ｺ荳岩味邵ｺ
霈費ｼ樒ｸｲ繝ｻ                             ^
lib/ui/widgets/training_form.dart:137:31:
Error: The non-ASCII character '隰夲ｽｽ' (U+62BD) can't be used in identifiers, only in strings and comments.
騾包ｽｻ陷剃ｸ槭・邵ｺ・ｮ鬮ｯ・ｸ闕ｳ鄙ｫ繝ｨ郢晢ｽｬ郢晢ｽｼ郢昜ｹ斟ｦ郢ｧ・ｰ繝ｻ閧ｲ・ｭ荵昴Κ郢晢ｽｬ邵ｺ・ｪ邵ｺ・ｩ繝ｻ蟲ｨ繝ｻ髫ｪ蛟ｬ鮖ｸ郢ｧ蛛ｵ繝ｦ郢ｧ・ｭ郢ｧ・ｹ郢晏現竊堤ｸｺ蜉ｱ窶ｻ隰夲ｽｽ陷・ｽｺ邵ｺ蜉ｱ窶ｻ邵ｺ荳岩味邵ｺ
霈費ｼ樒ｸｲ繝ｻ                              ^
lib/ui/widgets/training_form.dart:137:32:
Error: The non-ASCII character '陷・ｽｺ' (U+51FA) can't be used in identifiers, only in strings and comments.
騾包ｽｻ陷剃ｸ槭・邵ｺ・ｮ鬮ｯ・ｸ闕ｳ鄙ｫ繝ｨ郢晢ｽｬ郢晢ｽｼ郢昜ｹ斟ｦ郢ｧ・ｰ繝ｻ閧ｲ・ｭ荵昴Κ郢晢ｽｬ邵ｺ・ｪ邵ｺ・ｩ繝ｻ蟲ｨ繝ｻ髫ｪ蛟ｬ鮖ｸ郢ｧ蛛ｵ繝ｦ郢ｧ・ｭ郢ｧ・ｹ郢晏現竊堤ｸｺ蜉ｱ窶ｻ隰夲ｽｽ陷・ｽｺ邵ｺ蜉ｱ窶ｻ邵ｺ荳岩味邵ｺ
霈費ｼ樒ｸｲ繝ｻ                               ^
lib/ui/widgets/training_form.dart:137:33:
Error: The non-ASCII character '邵ｺ繝ｻ (U+3057) can't be used in identifiers, only in strings and comments.
騾包ｽｻ陷剃ｸ槭・邵ｺ・ｮ鬮ｯ・ｸ闕ｳ鄙ｫ繝ｨ郢晢ｽｬ郢晢ｽｼ郢昜ｹ斟ｦ郢ｧ・ｰ繝ｻ閧ｲ・ｭ荵昴Κ郢晢ｽｬ邵ｺ・ｪ邵ｺ・ｩ繝ｻ蟲ｨ繝ｻ髫ｪ蛟ｬ鮖ｸ郢ｧ蛛ｵ繝ｦ郢ｧ・ｭ郢ｧ・ｹ郢晏現竊堤ｸｺ蜉ｱ窶ｻ隰夲ｽｽ陷・ｽｺ邵ｺ蜉ｱ窶ｻ邵ｺ荳岩味邵ｺ
霈費ｼ樒ｸｲ繝ｻ                                ^
lib/ui/widgets/training_form.dart:137:34:
Error: The non-ASCII character '邵ｺ・ｦ' (U+3066) can't be used in identifiers, only in strings and comments.
騾包ｽｻ陷剃ｸ槭・邵ｺ・ｮ鬮ｯ・ｸ闕ｳ鄙ｫ繝ｨ郢晢ｽｬ郢晢ｽｼ郢昜ｹ斟ｦ郢ｧ・ｰ繝ｻ閧ｲ・ｭ荵昴Κ郢晢ｽｬ邵ｺ・ｪ邵ｺ・ｩ繝ｻ蟲ｨ繝ｻ髫ｪ蛟ｬ鮖ｸ郢ｧ蛛ｵ繝ｦ郢ｧ・ｭ郢ｧ・ｹ郢晏現竊堤ｸｺ蜉ｱ窶ｻ隰夲ｽｽ陷・ｽｺ邵ｺ蜉ｱ窶ｻ邵ｺ荳岩味邵ｺ
霈費ｼ樒ｸｲ繝ｻ                                 ^
lib/ui/widgets/training_form.dart:137:35:
Error: The non-ASCII character '邵ｺ繝ｻ (U+304F) can't be used in identifiers, only in strings and comments.
騾包ｽｻ陷剃ｸ槭・邵ｺ・ｮ鬮ｯ・ｸ闕ｳ鄙ｫ繝ｨ郢晢ｽｬ郢晢ｽｼ郢昜ｹ斟ｦ郢ｧ・ｰ繝ｻ閧ｲ・ｭ荵昴Κ郢晢ｽｬ邵ｺ・ｪ邵ｺ・ｩ繝ｻ蟲ｨ繝ｻ髫ｪ蛟ｬ鮖ｸ郢ｧ蛛ｵ繝ｦ郢ｧ・ｭ郢ｧ・ｹ郢晏現竊堤ｸｺ蜉ｱ窶ｻ隰夲ｽｽ陷・ｽｺ邵ｺ蜉ｱ窶ｻ邵ｺ荳岩味邵ｺ
霈費ｼ樒ｸｲ繝ｻ                                  ^
lib/ui/widgets/training_form.dart:137:36:
Error: The non-ASCII character '邵ｺ・ｰ' (U+3060) can't be used in identifiers, only in strings and comments.
騾包ｽｻ陷剃ｸ槭・邵ｺ・ｮ鬮ｯ・ｸ闕ｳ鄙ｫ繝ｨ郢晢ｽｬ郢晢ｽｼ郢昜ｹ斟ｦ郢ｧ・ｰ繝ｻ閧ｲ・ｭ荵昴Κ郢晢ｽｬ邵ｺ・ｪ邵ｺ・ｩ繝ｻ蟲ｨ繝ｻ髫ｪ蛟ｬ鮖ｸ郢ｧ蛛ｵ繝ｦ郢ｧ・ｭ郢ｧ・ｹ郢晏現竊堤ｸｺ蜉ｱ窶ｻ隰夲ｽｽ陷・ｽｺ邵ｺ蜉ｱ窶ｻ邵ｺ荳岩味邵ｺ
霈費ｼ樒ｸｲ繝ｻ                                   ^
lib/ui/widgets/training_form.dart:137:37:
Error: The non-ASCII character '邵ｺ繝ｻ (U+3055) can't be used in identifiers, only in strings and comments.
騾包ｽｻ陷剃ｸ槭・邵ｺ・ｮ鬮ｯ・ｸ闕ｳ鄙ｫ繝ｨ郢晢ｽｬ郢晢ｽｼ郢昜ｹ斟ｦ郢ｧ・ｰ繝ｻ閧ｲ・ｭ荵昴Κ郢晢ｽｬ邵ｺ・ｪ邵ｺ・ｩ繝ｻ蟲ｨ繝ｻ髫ｪ蛟ｬ鮖ｸ郢ｧ蛛ｵ繝ｦ郢ｧ・ｭ郢ｧ・ｹ郢晏現竊堤ｸｺ蜉ｱ窶ｻ隰夲ｽｽ陷・ｽｺ邵ｺ蜉ｱ窶ｻ邵ｺ荳岩味邵ｺ
霈費ｼ樒ｸｲ繝ｻ                                    ^
lib/ui/widgets/training_form.dart:137:38:
Error: The non-ASCII character '邵ｺ繝ｻ (U+3044) can't be used in identifiers, only in strings and comments.
騾包ｽｻ陷剃ｸ槭・邵ｺ・ｮ鬮ｯ・ｸ闕ｳ鄙ｫ繝ｨ郢晢ｽｬ郢晢ｽｼ郢昜ｹ斟ｦ郢ｧ・ｰ繝ｻ閧ｲ・ｭ荵昴Κ郢晢ｽｬ邵ｺ・ｪ邵ｺ・ｩ繝ｻ蟲ｨ繝ｻ髫ｪ蛟ｬ鮖ｸ郢ｧ蛛ｵ繝ｦ郢ｧ・ｭ郢ｧ・ｹ郢晏現竊堤ｸｺ蜉ｱ窶ｻ隰夲ｽｽ陷・ｽｺ邵ｺ蜉ｱ窶ｻ邵ｺ荳岩味邵ｺ
霈費ｼ樒ｸｲ繝ｻ                                     ^
lib/ui/widgets/training_form.dart:137:39:
Error: The non-ASCII character '邵ｲ繝ｻ (U+3002) can't be used in identifiers, only in strings and comments.
騾包ｽｻ陷剃ｸ槭・邵ｺ・ｮ鬮ｯ・ｸ闕ｳ鄙ｫ繝ｨ郢晢ｽｬ郢晢ｽｼ郢昜ｹ斟ｦ郢ｧ・ｰ繝ｻ閧ｲ・ｭ荵昴Κ郢晢ｽｬ邵ｺ・ｪ邵ｺ・ｩ繝ｻ蟲ｨ繝ｻ髫ｪ蛟ｬ鮖ｸ郢ｧ蛛ｵ繝ｦ郢ｧ・ｭ郢ｧ・ｹ郢晏現竊堤ｸｺ蜉ｱ窶ｻ隰夲ｽｽ陷・ｽｺ邵ｺ蜉ｱ窶ｻ邵ｺ荳岩味邵ｺ
霈費ｼ樒ｸｲ繝ｻ                                      ^
lib/ui/widgets/training_form.dart:138:1:
Error: The non-ASCII character '郢昴・ (U+30DB) can't be used in identifiers, only in strings and comments.
郢晏ｸ厥｡郢ｧ・､郢晏現繝ｻ郢晢ｽｼ郢晏ｳｨ繝ｻ隰・玄蠍檎ｸｺ髦ｪﾎ鍋ｹ昜ｹ斟礼ｹ晢ｽｼ郢ｧ繝ｻﾂ竏壹Κ郢晢ｽｬ郢晢ｽｼ郢昜ｹ斟ｦ郢ｧ・ｰ髫ｪ蛟ｬ鮖ｸ郢ｧ・｢郢晏干ﾎ懃ｸｺ・ｮ郢ｧ・ｹ郢ｧ・ｯ郢晢ｽｪ郢晢ｽｼ郢晢ｽｳ郢ｧ・ｷ郢晢ｽｧ郢昴
・繝ｨ邵ｺ・ｪ邵ｺ・ｩ邵ｲ竏壺・邵ｺ・ｮ郢ｧ蛹ｻ竕ｧ邵ｺ・ｪ陟厄ｽ｢陟台ｸ翫・騾包ｽｻ陷剃ｸ翫堤ｹｧ繧・ｽｯ・ｾ陟｢諛奇ｼ邵ｺ・ｦ邵ｺ荳岩味邵ｺ霈費ｼ樒ｸｲ繝ｻ^
lib/ui/widgets/training_form.dart:138:2:
Error: The non-ASCII character '郢晢ｽｯ' (U+30EF) can't be used in identifiers, only in strings and comments.
郢晏ｸ厥｡郢ｧ・､郢晏現繝ｻ郢晢ｽｼ郢晏ｳｨ繝ｻ隰・玄蠍檎ｸｺ髦ｪﾎ鍋ｹ昜ｹ斟礼ｹ晢ｽｼ郢ｧ繝ｻﾂ竏壹Κ郢晢ｽｬ郢晢ｽｼ郢昜ｹ斟ｦ郢ｧ・ｰ髫ｪ蛟ｬ鮖ｸ郢ｧ・｢郢晏干ﾎ懃ｸｺ・ｮ郢ｧ・ｹ郢ｧ・ｯ郢晢ｽｪ郢晢ｽｼ郢晢ｽｳ郢ｧ・ｷ郢晢ｽｧ郢昴
・繝ｨ邵ｺ・ｪ邵ｺ・ｩ邵ｲ竏壺・邵ｺ・ｮ郢ｧ蛹ｻ竕ｧ邵ｺ・ｪ陟厄ｽ｢陟台ｸ翫・騾包ｽｻ陷剃ｸ翫堤ｹｧ繧・ｽｯ・ｾ陟｢諛奇ｼ邵ｺ・ｦ邵ｺ荳岩味邵ｺ霈費ｼ樒ｸｲ繝ｻ ^
lib/ui/widgets/training_form.dart:138:3:
Error: The non-ASCII character '郢ｧ・､' (U+30A4) can't be used in identifiers, only in strings and comments.
郢晏ｸ厥｡郢ｧ・､郢晏現繝ｻ郢晢ｽｼ郢晏ｳｨ繝ｻ隰・玄蠍檎ｸｺ髦ｪﾎ鍋ｹ昜ｹ斟礼ｹ晢ｽｼ郢ｧ繝ｻﾂ竏壹Κ郢晢ｽｬ郢晢ｽｼ郢昜ｹ斟ｦ郢ｧ・ｰ髫ｪ蛟ｬ鮖ｸ郢ｧ・｢郢晏干ﾎ懃ｸｺ・ｮ郢ｧ・ｹ郢ｧ・ｯ郢晢ｽｪ郢晢ｽｼ郢晢ｽｳ郢ｧ・ｷ郢晢ｽｧ郢昴
・繝ｨ邵ｺ・ｪ邵ｺ・ｩ邵ｲ竏壺・邵ｺ・ｮ郢ｧ蛹ｻ竕ｧ邵ｺ・ｪ陟厄ｽ｢陟台ｸ翫・騾包ｽｻ陷剃ｸ翫堤ｹｧ繧・ｽｯ・ｾ陟｢諛奇ｼ邵ｺ・ｦ邵ｺ荳岩味邵ｺ霈費ｼ樒ｸｲ繝ｻ  ^
lib/ui/widgets/training_form.dart:138:4:
Error: The non-ASCII character '郢昴・ (U+30C8) can't be used in identifiers, only in strings and comments.
郢晏ｸ厥｡郢ｧ・､郢晏現繝ｻ郢晢ｽｼ郢晏ｳｨ繝ｻ隰・玄蠍檎ｸｺ髦ｪﾎ鍋ｹ昜ｹ斟礼ｹ晢ｽｼ郢ｧ繝ｻﾂ竏壹Κ郢晢ｽｬ郢晢ｽｼ郢昜ｹ斟ｦ郢ｧ・ｰ髫ｪ蛟ｬ鮖ｸ郢ｧ・｢郢晏干ﾎ懃ｸｺ・ｮ郢ｧ・ｹ郢ｧ・ｯ郢晢ｽｪ郢晢ｽｼ郢晢ｽｳ郢ｧ・ｷ郢晢ｽｧ郢昴
・繝ｨ邵ｺ・ｪ邵ｺ・ｩ邵ｲ竏壺・邵ｺ・ｮ郢ｧ蛹ｻ竕ｧ邵ｺ・ｪ陟厄ｽ｢陟台ｸ翫・騾包ｽｻ陷剃ｸ翫堤ｹｧ繧・ｽｯ・ｾ陟｢諛奇ｼ邵ｺ・ｦ邵ｺ荳岩味邵ｺ霈費ｼ樒ｸｲ繝ｻ   ^
lib/ui/widgets/training_form.dart:138:5:
Error: The non-ASCII character '郢昴・ (U+30DC) can't be used in identifiers, only in strings and comments.
郢晏ｸ厥｡郢ｧ・､郢晏現繝ｻ郢晢ｽｼ郢晏ｳｨ繝ｻ隰・玄蠍檎ｸｺ髦ｪﾎ鍋ｹ昜ｹ斟礼ｹ晢ｽｼ郢ｧ繝ｻﾂ竏壹Κ郢晢ｽｬ郢晢ｽｼ郢昜ｹ斟ｦ郢ｧ・ｰ髫ｪ蛟ｬ鮖ｸ郢ｧ・｢郢晏干ﾎ懃ｸｺ・ｮ郢ｧ・ｹ郢ｧ・ｯ郢晢ｽｪ郢晢ｽｼ郢晢ｽｳ郢ｧ・ｷ郢晢ｽｧ郢昴
・繝ｨ邵ｺ・ｪ邵ｺ・ｩ邵ｲ竏壺・邵ｺ・ｮ郢ｧ蛹ｻ竕ｧ邵ｺ・ｪ陟厄ｽ｢陟台ｸ翫・騾包ｽｻ陷剃ｸ翫堤ｹｧ繧・ｽｯ・ｾ陟｢諛奇ｼ邵ｺ・ｦ邵ｺ荳岩味邵ｺ霈費ｼ樒ｸｲ繝ｻ    ^
lib/ui/widgets/training_form.dart:138:6:
Error: The non-ASCII character '郢晢ｽｼ' (U+30FC) can't be used in identifiers, only in strings and comments.
郢晏ｸ厥｡郢ｧ・､郢晏現繝ｻ郢晢ｽｼ郢晏ｳｨ繝ｻ隰・玄蠍檎ｸｺ髦ｪﾎ鍋ｹ昜ｹ斟礼ｹ晢ｽｼ郢ｧ繝ｻﾂ竏壹Κ郢晢ｽｬ郢晢ｽｼ郢昜ｹ斟ｦ郢ｧ・ｰ髫ｪ蛟ｬ鮖ｸ郢ｧ・｢郢晏干ﾎ懃ｸｺ・ｮ郢ｧ・ｹ郢ｧ・ｯ郢晢ｽｪ郢晢ｽｼ郢晢ｽｳ郢ｧ・ｷ郢晢ｽｧ郢昴
・繝ｨ邵ｺ・ｪ邵ｺ・ｩ邵ｲ竏壺・邵ｺ・ｮ郢ｧ蛹ｻ竕ｧ邵ｺ・ｪ陟厄ｽ｢陟台ｸ翫・騾包ｽｻ陷剃ｸ翫堤ｹｧ繧・ｽｯ・ｾ陟｢諛奇ｼ邵ｺ・ｦ邵ｺ荳岩味邵ｺ霈費ｼ樒ｸｲ繝ｻ     ^
lib/ui/widgets/training_form.dart:138:7:
Error: The non-ASCII character '郢昴・ (U+30C9) can't be used in identifiers, only in strings and comments.
郢晏ｸ厥｡郢ｧ・､郢晏現繝ｻ郢晢ｽｼ郢晏ｳｨ繝ｻ隰・玄蠍檎ｸｺ髦ｪﾎ鍋ｹ昜ｹ斟礼ｹ晢ｽｼ郢ｧ繝ｻﾂ竏壹Κ郢晢ｽｬ郢晢ｽｼ郢昜ｹ斟ｦ郢ｧ・ｰ髫ｪ蛟ｬ鮖ｸ郢ｧ・｢郢晏干ﾎ懃ｸｺ・ｮ郢ｧ・ｹ郢ｧ・ｯ郢晢ｽｪ郢晢ｽｼ郢晢ｽｳ郢ｧ・ｷ郢晢ｽｧ郢昴
・繝ｨ邵ｺ・ｪ邵ｺ・ｩ邵ｲ竏壺・邵ｺ・ｮ郢ｧ蛹ｻ竕ｧ邵ｺ・ｪ陟厄ｽ｢陟台ｸ翫・騾包ｽｻ陷剃ｸ翫堤ｹｧ繧・ｽｯ・ｾ陟｢諛奇ｼ邵ｺ・ｦ邵ｺ荳岩味邵ｺ霈費ｼ樒ｸｲ繝ｻ      ^
lib/ui/widgets/training_form.dart:138:8:
Error: The non-ASCII character '邵ｺ・ｮ' (U+306E) can't be used in identifiers, only in strings and comments.
郢晏ｸ厥｡郢ｧ・､郢晏現繝ｻ郢晢ｽｼ郢晏ｳｨ繝ｻ隰・玄蠍檎ｸｺ髦ｪﾎ鍋ｹ昜ｹ斟礼ｹ晢ｽｼ郢ｧ繝ｻﾂ竏壹Κ郢晢ｽｬ郢晢ｽｼ郢昜ｹ斟ｦ郢ｧ・ｰ髫ｪ蛟ｬ鮖ｸ郢ｧ・｢郢晏干ﾎ懃ｸｺ・ｮ郢ｧ・ｹ郢ｧ・ｯ郢晢ｽｪ郢晢ｽｼ郢晢ｽｳ郢ｧ・ｷ郢晢ｽｧ郢昴
・繝ｨ邵ｺ・ｪ邵ｺ・ｩ邵ｲ竏壺・邵ｺ・ｮ郢ｧ蛹ｻ竕ｧ邵ｺ・ｪ陟厄ｽ｢陟台ｸ翫・騾包ｽｻ陷剃ｸ翫堤ｹｧ繧・ｽｯ・ｾ陟｢諛奇ｼ邵ｺ・ｦ邵ｺ荳岩味邵ｺ霈費ｼ樒ｸｲ繝ｻ       ^
lib/ui/widgets/training_form.dart:138:9:
Error: The non-ASCII character '隰・・ (U+624B) can't be used in identifiers, only in strings and comments.
郢晏ｸ厥｡郢ｧ・､郢晏現繝ｻ郢晢ｽｼ郢晏ｳｨ繝ｻ隰・玄蠍檎ｸｺ髦ｪﾎ鍋ｹ昜ｹ斟礼ｹ晢ｽｼ郢ｧ繝ｻﾂ竏壹Κ郢晢ｽｬ郢晢ｽｼ郢昜ｹ斟ｦ郢ｧ・ｰ髫ｪ蛟ｬ鮖ｸ郢ｧ・｢郢晏干ﾎ懃ｸｺ・ｮ郢ｧ・ｹ郢ｧ・ｯ郢晢ｽｪ郢晢ｽｼ郢晢ｽｳ郢ｧ・ｷ郢晢ｽｧ郢昴
・繝ｨ邵ｺ・ｪ邵ｺ・ｩ邵ｲ竏壺・邵ｺ・ｮ郢ｧ蛹ｻ竕ｧ邵ｺ・ｪ陟厄ｽ｢陟台ｸ翫・騾包ｽｻ陷剃ｸ翫堤ｹｧ繧・ｽｯ・ｾ陟｢諛奇ｼ邵ｺ・ｦ邵ｺ荳岩味邵ｺ霈費ｼ樒ｸｲ繝ｻ        ^
lib/ui/widgets/training_form.dart:138:10:
Error: The non-ASCII character '隴厄ｽｸ' (U+66F8) can't be used in identifiers, only in strings and comments.
郢晏ｸ厥｡郢ｧ・､郢晏現繝ｻ郢晢ｽｼ郢晏ｳｨ繝ｻ隰・玄蠍檎ｸｺ髦ｪﾎ鍋ｹ昜ｹ斟礼ｹ晢ｽｼ郢ｧ繝ｻﾂ竏壹Κ郢晢ｽｬ郢晢ｽｼ郢昜ｹ斟ｦ郢ｧ・ｰ髫ｪ蛟ｬ鮖ｸ郢ｧ・｢郢晏干ﾎ懃ｸｺ・ｮ郢ｧ・ｹ郢ｧ・ｯ郢晢ｽｪ郢晢ｽｼ郢晢ｽｳ郢ｧ・ｷ郢晢ｽｧ郢昴
・繝ｨ邵ｺ・ｪ邵ｺ・ｩ邵ｲ竏壺・邵ｺ・ｮ郢ｧ蛹ｻ竕ｧ邵ｺ・ｪ陟厄ｽ｢陟台ｸ翫・騾包ｽｻ陷剃ｸ翫堤ｹｧ繧・ｽｯ・ｾ陟｢諛奇ｼ邵ｺ・ｦ邵ｺ荳岩味邵ｺ霈費ｼ樒ｸｲ繝ｻ         ^
lib/ui/widgets/training_form.dart:138:11:
Error: The non-ASCII character '邵ｺ繝ｻ (U+304D) can't be used in identifiers, only in strings and comments.
郢晏ｸ厥｡郢ｧ・､郢晏現繝ｻ郢晢ｽｼ郢晏ｳｨ繝ｻ隰・玄蠍檎ｸｺ髦ｪﾎ鍋ｹ昜ｹ斟礼ｹ晢ｽｼ郢ｧ繝ｻﾂ竏壹Κ郢晢ｽｬ郢晢ｽｼ郢昜ｹ斟ｦ郢ｧ・ｰ髫ｪ蛟ｬ鮖ｸ郢ｧ・｢郢晏干ﾎ懃ｸｺ・ｮ郢ｧ・ｹ郢ｧ・ｯ郢晢ｽｪ郢晢ｽｼ郢晢ｽｳ郢ｧ・ｷ郢晢ｽｧ郢昴
・繝ｨ邵ｺ・ｪ邵ｺ・ｩ邵ｲ竏壺・邵ｺ・ｮ郢ｧ蛹ｻ竕ｧ邵ｺ・ｪ陟厄ｽ｢陟台ｸ翫・騾包ｽｻ陷剃ｸ翫堤ｹｧ繧・ｽｯ・ｾ陟｢諛奇ｼ邵ｺ・ｦ邵ｺ荳岩味邵ｺ霈費ｼ樒ｸｲ繝ｻ          ^
lib/ui/widgets/training_form.dart:138:12:
Error: The non-ASCII character '郢晢ｽ｡' (U+30E1) can't be used in identifiers, only in strings and comments.
郢晏ｸ厥｡郢ｧ・､郢晏現繝ｻ郢晢ｽｼ郢晏ｳｨ繝ｻ隰・玄蠍檎ｸｺ髦ｪﾎ鍋ｹ昜ｹ斟礼ｹ晢ｽｼ郢ｧ繝ｻﾂ竏壹Κ郢晢ｽｬ郢晢ｽｼ郢昜ｹ斟ｦ郢ｧ・ｰ髫ｪ蛟ｬ鮖ｸ郢ｧ・｢郢晏干ﾎ懃ｸｺ・ｮ郢ｧ・ｹ郢ｧ・ｯ郢晢ｽｪ郢晢ｽｼ郢晢ｽｳ郢ｧ・ｷ郢晢ｽｧ郢昴
・繝ｨ邵ｺ・ｪ邵ｺ・ｩ邵ｲ竏壺・邵ｺ・ｮ郢ｧ蛹ｻ竕ｧ邵ｺ・ｪ陟厄ｽ｢陟台ｸ翫・騾包ｽｻ陷剃ｸ翫堤ｹｧ繧・ｽｯ・ｾ陟｢諛奇ｼ邵ｺ・ｦ邵ｺ荳岩味邵ｺ霈費ｼ樒ｸｲ繝ｻ           ^
lib/ui/widgets/training_form.dart:138:13:
Error: The non-ASCII character '郢昴・ (U+30CB) can't be used in identifiers, only in strings and comments.
郢晏ｸ厥｡郢ｧ・､郢晏現繝ｻ郢晢ｽｼ郢晏ｳｨ繝ｻ隰・玄蠍檎ｸｺ髦ｪﾎ鍋ｹ昜ｹ斟礼ｹ晢ｽｼ郢ｧ繝ｻﾂ竏壹Κ郢晢ｽｬ郢晢ｽｼ郢昜ｹ斟ｦ郢ｧ・ｰ髫ｪ蛟ｬ鮖ｸ郢ｧ・｢郢晏干ﾎ懃ｸｺ・ｮ郢ｧ・ｹ郢ｧ・ｯ郢晢ｽｪ郢晢ｽｼ郢晢ｽｳ郢ｧ・ｷ郢晢ｽｧ郢昴
・繝ｨ邵ｺ・ｪ邵ｺ・ｩ邵ｲ竏壺・邵ｺ・ｮ郢ｧ蛹ｻ竕ｧ邵ｺ・ｪ陟厄ｽ｢陟台ｸ翫・騾包ｽｻ陷剃ｸ翫堤ｹｧ繧・ｽｯ・ｾ陟｢諛奇ｼ邵ｺ・ｦ邵ｺ荳岩味邵ｺ霈費ｼ樒ｸｲ繝ｻ            ^
lib/ui/widgets/training_form.dart:138:14:
Error: The non-ASCII character '郢晢ｽ･' (U+30E5) can't be used in identifiers, only in strings and comments.
郢晏ｸ厥｡郢ｧ・､郢晏現繝ｻ郢晢ｽｼ郢晏ｳｨ繝ｻ隰・玄蠍檎ｸｺ髦ｪﾎ鍋ｹ昜ｹ斟礼ｹ晢ｽｼ郢ｧ繝ｻﾂ竏壹Κ郢晢ｽｬ郢晢ｽｼ郢昜ｹ斟ｦ郢ｧ・ｰ髫ｪ蛟ｬ鮖ｸ郢ｧ・｢郢晏干ﾎ懃ｸｺ・ｮ郢ｧ・ｹ郢ｧ・ｯ郢晢ｽｪ郢晢ｽｼ郢晢ｽｳ郢ｧ・ｷ郢晢ｽｧ郢昴
・繝ｨ邵ｺ・ｪ邵ｺ・ｩ邵ｲ竏壺・邵ｺ・ｮ郢ｧ蛹ｻ竕ｧ邵ｺ・ｪ陟厄ｽ｢陟台ｸ翫・騾包ｽｻ陷剃ｸ翫堤ｹｧ繧・ｽｯ・ｾ陟｢諛奇ｼ邵ｺ・ｦ邵ｺ荳岩味邵ｺ霈費ｼ樒ｸｲ繝ｻ             ^
lib/ui/widgets/training_form.dart:138:15:
Error: The non-ASCII character '郢晢ｽｼ' (U+30FC) can't be used in identifiers, only in strings and comments.
郢晏ｸ厥｡郢ｧ・､郢晏現繝ｻ郢晢ｽｼ郢晏ｳｨ繝ｻ隰・玄蠍檎ｸｺ髦ｪﾎ鍋ｹ昜ｹ斟礼ｹ晢ｽｼ郢ｧ繝ｻﾂ竏壹Κ郢晢ｽｬ郢晢ｽｼ郢昜ｹ斟ｦ郢ｧ・ｰ髫ｪ蛟ｬ鮖ｸ郢ｧ・｢郢晏干ﾎ懃ｸｺ・ｮ郢ｧ・ｹ郢ｧ・ｯ郢晢ｽｪ郢晢ｽｼ郢晢ｽｳ郢ｧ・ｷ郢晢ｽｧ郢昴
・繝ｨ邵ｺ・ｪ邵ｺ・ｩ邵ｲ竏壺・邵ｺ・ｮ郢ｧ蛹ｻ竕ｧ邵ｺ・ｪ陟厄ｽ｢陟台ｸ翫・騾包ｽｻ陷剃ｸ翫堤ｹｧ繧・ｽｯ・ｾ陟｢諛奇ｼ邵ｺ・ｦ邵ｺ荳岩味邵ｺ霈費ｼ樒ｸｲ繝ｻ              ^
lib/ui/widgets/training_form.dart:138:16:
Error: The non-ASCII character '郢ｧ繝ｻ (U+3084) can't be used in identifiers, only in strings and comments.
郢晏ｸ厥｡郢ｧ・､郢晏現繝ｻ郢晢ｽｼ郢晏ｳｨ繝ｻ隰・玄蠍檎ｸｺ髦ｪﾎ鍋ｹ昜ｹ斟礼ｹ晢ｽｼ郢ｧ繝ｻﾂ竏壹Κ郢晢ｽｬ郢晢ｽｼ郢昜ｹ斟ｦ郢ｧ・ｰ髫ｪ蛟ｬ鮖ｸ郢ｧ・｢郢晏干ﾎ懃ｸｺ・ｮ郢ｧ・ｹ郢ｧ・ｯ郢晢ｽｪ郢晢ｽｼ郢晢ｽｳ郢ｧ・ｷ郢晢ｽｧ郢昴
・繝ｨ邵ｺ・ｪ邵ｺ・ｩ邵ｲ竏壺・邵ｺ・ｮ郢ｧ蛹ｻ竕ｧ邵ｺ・ｪ陟厄ｽ｢陟台ｸ翫・騾包ｽｻ陷剃ｸ翫堤ｹｧ繧・ｽｯ・ｾ陟｢諛奇ｼ邵ｺ・ｦ邵ｺ荳岩味邵ｺ霈費ｼ樒ｸｲ繝ｻ               ^
lib/ui/widgets/training_form.dart:138:17:
Error: The non-ASCII character '邵ｲ繝ｻ (U+3001) can't be used in identifiers, only in strings and comments.
郢晏ｸ厥｡郢ｧ・､郢晏現繝ｻ郢晢ｽｼ郢晏ｳｨ繝ｻ隰・玄蠍檎ｸｺ髦ｪﾎ鍋ｹ昜ｹ斟礼ｹ晢ｽｼ郢ｧ繝ｻﾂ竏壹Κ郢晢ｽｬ郢晢ｽｼ郢昜ｹ斟ｦ郢ｧ・ｰ髫ｪ蛟ｬ鮖ｸ郢ｧ・｢郢晏干ﾎ懃ｸｺ・ｮ郢ｧ・ｹ郢ｧ・ｯ郢晢ｽｪ郢晢ｽｼ郢晢ｽｳ郢ｧ・ｷ郢晢ｽｧ郢昴
・繝ｨ邵ｺ・ｪ邵ｺ・ｩ邵ｲ竏壺・邵ｺ・ｮ郢ｧ蛹ｻ竕ｧ邵ｺ・ｪ陟厄ｽ｢陟台ｸ翫・騾包ｽｻ陷剃ｸ翫堤ｹｧ繧・ｽｯ・ｾ陟｢諛奇ｼ邵ｺ・ｦ邵ｺ荳岩味邵ｺ霈費ｼ樒ｸｲ繝ｻ                ^
lib/ui/widgets/training_form.dart:138:18:
Error: The non-ASCII character '郢昴・ (U+30C8) can't be used in identifiers, only in strings and comments.
郢晏ｸ厥｡郢ｧ・､郢晏現繝ｻ郢晢ｽｼ郢晏ｳｨ繝ｻ隰・玄蠍檎ｸｺ髦ｪﾎ鍋ｹ昜ｹ斟礼ｹ晢ｽｼ郢ｧ繝ｻﾂ竏壹Κ郢晢ｽｬ郢晢ｽｼ郢昜ｹ斟ｦ郢ｧ・ｰ髫ｪ蛟ｬ鮖ｸ郢ｧ・｢郢晏干ﾎ懃ｸｺ・ｮ郢ｧ・ｹ郢ｧ・ｯ郢晢ｽｪ郢晢ｽｼ郢晢ｽｳ郢ｧ・ｷ郢晢ｽｧ郢昴
・繝ｨ邵ｺ・ｪ邵ｺ・ｩ邵ｲ竏壺・邵ｺ・ｮ郢ｧ蛹ｻ竕ｧ邵ｺ・ｪ陟厄ｽ｢陟台ｸ翫・騾包ｽｻ陷剃ｸ翫堤ｹｧ繧・ｽｯ・ｾ陟｢諛奇ｼ邵ｺ・ｦ邵ｺ荳岩味邵ｺ霈費ｼ樒ｸｲ繝ｻ                 ^
lib/ui/widgets/training_form.dart:138:19:
Error: The non-ASCII character '郢晢ｽｬ' (U+30EC) can't be used in identifiers, only in strings and comments.
郢晏ｸ厥｡郢ｧ・､郢晏現繝ｻ郢晢ｽｼ郢晏ｳｨ繝ｻ隰・玄蠍檎ｸｺ髦ｪﾎ鍋ｹ昜ｹ斟礼ｹ晢ｽｼ郢ｧ繝ｻﾂ竏壹Κ郢晢ｽｬ郢晢ｽｼ郢昜ｹ斟ｦ郢ｧ・ｰ髫ｪ蛟ｬ鮖ｸ郢ｧ・｢郢晏干ﾎ懃ｸｺ・ｮ郢ｧ・ｹ郢ｧ・ｯ郢晢ｽｪ郢晢ｽｼ郢晢ｽｳ郢ｧ・ｷ郢晢ｽｧ郢昴
・繝ｨ邵ｺ・ｪ邵ｺ・ｩ邵ｲ竏壺・邵ｺ・ｮ郢ｧ蛹ｻ竕ｧ邵ｺ・ｪ陟厄ｽ｢陟台ｸ翫・騾包ｽｻ陷剃ｸ翫堤ｹｧ繧・ｽｯ・ｾ陟｢諛奇ｼ邵ｺ・ｦ邵ｺ荳岩味邵ｺ霈費ｼ樒ｸｲ繝ｻ                  ^
lib/ui/widgets/training_form.dart:138:20:
Error: The non-ASCII character '郢晢ｽｼ' (U+30FC) can't be used in identifiers, only in strings and comments.
郢晏ｸ厥｡郢ｧ・､郢晏現繝ｻ郢晢ｽｼ郢晏ｳｨ繝ｻ隰・玄蠍檎ｸｺ髦ｪﾎ鍋ｹ昜ｹ斟礼ｹ晢ｽｼ郢ｧ繝ｻﾂ竏壹Κ郢晢ｽｬ郢晢ｽｼ郢昜ｹ斟ｦ郢ｧ・ｰ髫ｪ蛟ｬ鮖ｸ郢ｧ・｢郢晏干ﾎ懃ｸｺ・ｮ郢ｧ・ｹ郢ｧ・ｯ郢晢ｽｪ郢晢ｽｼ郢晢ｽｳ郢ｧ・ｷ郢晢ｽｧ郢昴
・繝ｨ邵ｺ・ｪ邵ｺ・ｩ邵ｲ竏壺・邵ｺ・ｮ郢ｧ蛹ｻ竕ｧ邵ｺ・ｪ陟厄ｽ｢陟台ｸ翫・騾包ｽｻ陷剃ｸ翫堤ｹｧ繧・ｽｯ・ｾ陟｢諛奇ｼ邵ｺ・ｦ邵ｺ荳岩味邵ｺ霈費ｼ樒ｸｲ繝ｻ                   ^
lib/ui/widgets/training_form.dart:138:21:
Error: The non-ASCII character '郢昴・ (U+30CB) can't be used in identifiers, only in strings and comments.
郢晏ｸ厥｡郢ｧ・､郢晏現繝ｻ郢晢ｽｼ郢晏ｳｨ繝ｻ隰・玄蠍檎ｸｺ髦ｪﾎ鍋ｹ昜ｹ斟礼ｹ晢ｽｼ郢ｧ繝ｻﾂ竏壹Κ郢晢ｽｬ郢晢ｽｼ郢昜ｹ斟ｦ郢ｧ・ｰ髫ｪ蛟ｬ鮖ｸ郢ｧ・｢郢晏干ﾎ懃ｸｺ・ｮ郢ｧ・ｹ郢ｧ・ｯ郢晢ｽｪ郢晢ｽｼ郢晢ｽｳ郢ｧ・ｷ郢晢ｽｧ郢昴
・繝ｨ邵ｺ・ｪ邵ｺ・ｩ邵ｲ竏壺・邵ｺ・ｮ郢ｧ蛹ｻ竕ｧ邵ｺ・ｪ陟厄ｽ｢陟台ｸ翫・騾包ｽｻ陷剃ｸ翫堤ｹｧ繧・ｽｯ・ｾ陟｢諛奇ｼ邵ｺ・ｦ邵ｺ荳岩味邵ｺ霈費ｼ樒ｸｲ繝ｻ                    ^
lib/ui/widgets/training_form.dart:138:22:
Error: The non-ASCII character '郢晢ｽｳ' (U+30F3) can't be used in identifiers, only in strings and comments.
郢晏ｸ厥｡郢ｧ・､郢晏現繝ｻ郢晢ｽｼ郢晏ｳｨ繝ｻ隰・玄蠍檎ｸｺ髦ｪﾎ鍋ｹ昜ｹ斟礼ｹ晢ｽｼ郢ｧ繝ｻﾂ竏壹Κ郢晢ｽｬ郢晢ｽｼ郢昜ｹ斟ｦ郢ｧ・ｰ髫ｪ蛟ｬ鮖ｸ郢ｧ・｢郢晏干ﾎ懃ｸｺ・ｮ郢ｧ・ｹ郢ｧ・ｯ郢晢ｽｪ郢晢ｽｼ郢晢ｽｳ郢ｧ・ｷ郢晢ｽｧ郢昴
・繝ｨ邵ｺ・ｪ邵ｺ・ｩ邵ｲ竏壺・邵ｺ・ｮ郢ｧ蛹ｻ竕ｧ邵ｺ・ｪ陟厄ｽ｢陟台ｸ翫・騾包ｽｻ陷剃ｸ翫堤ｹｧ繧・ｽｯ・ｾ陟｢諛奇ｼ邵ｺ・ｦ邵ｺ荳岩味邵ｺ霈費ｼ樒ｸｲ繝ｻ                     ^
lib/ui/widgets/training_form.dart:138:23:
Error: The non-ASCII character '郢ｧ・ｰ' (U+30B0) can't be used in identifiers, only in strings and comments.
郢晏ｸ厥｡郢ｧ・､郢晏現繝ｻ郢晢ｽｼ郢晏ｳｨ繝ｻ隰・玄蠍檎ｸｺ髦ｪﾎ鍋ｹ昜ｹ斟礼ｹ晢ｽｼ郢ｧ繝ｻﾂ竏壹Κ郢晢ｽｬ郢晢ｽｼ郢昜ｹ斟ｦ郢ｧ・ｰ髫ｪ蛟ｬ鮖ｸ郢ｧ・｢郢晏干ﾎ懃ｸｺ・ｮ郢ｧ・ｹ郢ｧ・ｯ郢晢ｽｪ郢晢ｽｼ郢晢ｽｳ郢ｧ・ｷ郢晢ｽｧ郢昴
・繝ｨ邵ｺ・ｪ邵ｺ・ｩ邵ｲ竏壺・邵ｺ・ｮ郢ｧ蛹ｻ竕ｧ邵ｺ・ｪ陟厄ｽ｢陟台ｸ翫・騾包ｽｻ陷剃ｸ翫堤ｹｧ繧・ｽｯ・ｾ陟｢諛奇ｼ邵ｺ・ｦ邵ｺ荳岩味邵ｺ霈費ｼ樒ｸｲ繝ｻ                      ^
lib/ui/widgets/training_form.dart:138:24:
Error: The non-ASCII character '髫ｪ繝ｻ (U+8A18) can't be used in identifiers, only in strings and comments.
郢晏ｸ厥｡郢ｧ・､郢晏現繝ｻ郢晢ｽｼ郢晏ｳｨ繝ｻ隰・玄蠍檎ｸｺ髦ｪﾎ鍋ｹ昜ｹ斟礼ｹ晢ｽｼ郢ｧ繝ｻﾂ竏壹Κ郢晢ｽｬ郢晢ｽｼ郢昜ｹ斟ｦ郢ｧ・ｰ髫ｪ蛟ｬ鮖ｸ郢ｧ・｢郢晏干ﾎ懃ｸｺ・ｮ郢ｧ・ｹ郢ｧ・ｯ郢晢ｽｪ郢晢ｽｼ郢晢ｽｳ郢ｧ・ｷ郢晢ｽｧ郢昴
・繝ｨ邵ｺ・ｪ邵ｺ・ｩ邵ｲ竏壺・邵ｺ・ｮ郢ｧ蛹ｻ竕ｧ邵ｺ・ｪ陟厄ｽ｢陟台ｸ翫・騾包ｽｻ陷剃ｸ翫堤ｹｧ繧・ｽｯ・ｾ陟｢諛奇ｼ邵ｺ・ｦ邵ｺ荳岩味邵ｺ霈費ｼ樒ｸｲ繝ｻ                       ^
lib/ui/widgets/training_form.dart:138:25:
Error: The non-ASCII character '鬪ｭ・ｲ' (U+9332) can't be used in identifiers, only in strings and comments.
郢晏ｸ厥｡郢ｧ・､郢晏現繝ｻ郢晢ｽｼ郢晏ｳｨ繝ｻ隰・玄蠍檎ｸｺ髦ｪﾎ鍋ｹ昜ｹ斟礼ｹ晢ｽｼ郢ｧ繝ｻﾂ竏壹Κ郢晢ｽｬ郢晢ｽｼ郢昜ｹ斟ｦ郢ｧ・ｰ髫ｪ蛟ｬ鮖ｸ郢ｧ・｢郢晏干ﾎ懃ｸｺ・ｮ郢ｧ・ｹ郢ｧ・ｯ郢晢ｽｪ郢晢ｽｼ郢晢ｽｳ郢ｧ・ｷ郢晢ｽｧ郢昴
・繝ｨ邵ｺ・ｪ邵ｺ・ｩ邵ｲ竏壺・邵ｺ・ｮ郢ｧ蛹ｻ竕ｧ邵ｺ・ｪ陟厄ｽ｢陟台ｸ翫・騾包ｽｻ陷剃ｸ翫堤ｹｧ繧・ｽｯ・ｾ陟｢諛奇ｼ邵ｺ・ｦ邵ｺ荳岩味邵ｺ霈費ｼ樒ｸｲ繝ｻ                        ^
lib/ui/widgets/training_form.dart:138:26:
Error: The non-ASCII character '郢ｧ・｢' (U+30A2) can't be used in identifiers, only in strings and comments.
郢晏ｸ厥｡郢ｧ・､郢晏現繝ｻ郢晢ｽｼ郢晏ｳｨ繝ｻ隰・玄蠍檎ｸｺ髦ｪﾎ鍋ｹ昜ｹ斟礼ｹ晢ｽｼ郢ｧ繝ｻﾂ竏壹Κ郢晢ｽｬ郢晢ｽｼ郢昜ｹ斟ｦ郢ｧ・ｰ髫ｪ蛟ｬ鮖ｸ郢ｧ・｢郢晏干ﾎ懃ｸｺ・ｮ郢ｧ・ｹ郢ｧ・ｯ郢晢ｽｪ郢晢ｽｼ郢晢ｽｳ郢ｧ・ｷ郢晢ｽｧ郢昴
・繝ｨ邵ｺ・ｪ邵ｺ・ｩ邵ｲ竏壺・邵ｺ・ｮ郢ｧ蛹ｻ竕ｧ邵ｺ・ｪ陟厄ｽ｢陟台ｸ翫・騾包ｽｻ陷剃ｸ翫堤ｹｧ繧・ｽｯ・ｾ陟｢諛奇ｼ邵ｺ・ｦ邵ｺ荳岩味邵ｺ霈費ｼ樒ｸｲ繝ｻ                         ^
lib/ui/widgets/training_form.dart:138:27:
Error: The non-ASCII character '郢昴・ (U+30D7) can't be used in identifiers, only in strings and comments.
郢晏ｸ厥｡郢ｧ・､郢晏現繝ｻ郢晢ｽｼ郢晏ｳｨ繝ｻ隰・玄蠍檎ｸｺ髦ｪﾎ鍋ｹ昜ｹ斟礼ｹ晢ｽｼ郢ｧ繝ｻﾂ竏壹Κ郢晢ｽｬ郢晢ｽｼ郢昜ｹ斟ｦ郢ｧ・ｰ髫ｪ蛟ｬ鮖ｸ郢ｧ・｢郢晏干ﾎ懃ｸｺ・ｮ郢ｧ・ｹ郢ｧ・ｯ郢晢ｽｪ郢晢ｽｼ郢晢ｽｳ郢ｧ・ｷ郢晢ｽｧ郢昴
・繝ｨ邵ｺ・ｪ邵ｺ・ｩ邵ｲ竏壺・邵ｺ・ｮ郢ｧ蛹ｻ竕ｧ邵ｺ・ｪ陟厄ｽ｢陟台ｸ翫・騾包ｽｻ陷剃ｸ翫堤ｹｧ繧・ｽｯ・ｾ陟｢諛奇ｼ邵ｺ・ｦ邵ｺ荳岩味邵ｺ霈費ｼ樒ｸｲ繝ｻ                          ^
lib/ui/widgets/training_form.dart:138:28:
Error: The non-ASCII character '郢晢ｽｪ' (U+30EA) can't be used in identifiers, only in strings and comments.
郢晏ｸ厥｡郢ｧ・､郢晏現繝ｻ郢晢ｽｼ郢晏ｳｨ繝ｻ隰・玄蠍檎ｸｺ髦ｪﾎ鍋ｹ昜ｹ斟礼ｹ晢ｽｼ郢ｧ繝ｻﾂ竏壹Κ郢晢ｽｬ郢晢ｽｼ郢昜ｹ斟ｦ郢ｧ・ｰ髫ｪ蛟ｬ鮖ｸ郢ｧ・｢郢晏干ﾎ懃ｸｺ・ｮ郢ｧ・ｹ郢ｧ・ｯ郢晢ｽｪ郢晢ｽｼ郢晢ｽｳ郢ｧ・ｷ郢晢ｽｧ郢昴
・繝ｨ邵ｺ・ｪ邵ｺ・ｩ邵ｲ竏壺・邵ｺ・ｮ郢ｧ蛹ｻ竕ｧ邵ｺ・ｪ陟厄ｽ｢陟台ｸ翫・騾包ｽｻ陷剃ｸ翫堤ｹｧ繧・ｽｯ・ｾ陟｢諛奇ｼ邵ｺ・ｦ邵ｺ荳岩味邵ｺ霈費ｼ樒ｸｲ繝ｻ                           ^
lib/ui/widgets/training_form.dart:138:29:
Error: The non-ASCII character '邵ｺ・ｮ' (U+306E) can't be used in identifiers, only in strings and comments.
郢晏ｸ厥｡郢ｧ・､郢晏現繝ｻ郢晢ｽｼ郢晏ｳｨ繝ｻ隰・玄蠍檎ｸｺ髦ｪﾎ鍋ｹ昜ｹ斟礼ｹ晢ｽｼ郢ｧ繝ｻﾂ竏壹Κ郢晢ｽｬ郢晢ｽｼ郢昜ｹ斟ｦ郢ｧ・ｰ髫ｪ蛟ｬ鮖ｸ郢ｧ・｢郢晏干ﾎ懃ｸｺ・ｮ郢ｧ・ｹ郢ｧ・ｯ郢晢ｽｪ郢晢ｽｼ郢晢ｽｳ郢ｧ・ｷ郢晢ｽｧ郢昴
・繝ｨ邵ｺ・ｪ邵ｺ・ｩ邵ｲ竏壺・邵ｺ・ｮ郢ｧ蛹ｻ竕ｧ邵ｺ・ｪ陟厄ｽ｢陟台ｸ翫・騾包ｽｻ陷剃ｸ翫堤ｹｧ繧・ｽｯ・ｾ陟｢諛奇ｼ邵ｺ・ｦ邵ｺ荳岩味邵ｺ霈費ｼ樒ｸｲ繝ｻ                            ^
lib/ui/widgets/training_form.dart:138:30:
Error: The non-ASCII character '郢ｧ・ｹ' (U+30B9) can't be used in identifiers, only in strings and comments.
郢晏ｸ厥｡郢ｧ・､郢晏現繝ｻ郢晢ｽｼ郢晏ｳｨ繝ｻ隰・玄蠍檎ｸｺ髦ｪﾎ鍋ｹ昜ｹ斟礼ｹ晢ｽｼ郢ｧ繝ｻﾂ竏壹Κ郢晢ｽｬ郢晢ｽｼ郢昜ｹ斟ｦ郢ｧ・ｰ髫ｪ蛟ｬ鮖ｸ郢ｧ・｢郢晏干ﾎ懃ｸｺ・ｮ郢ｧ・ｹ郢ｧ・ｯ郢晢ｽｪ郢晢ｽｼ郢晢ｽｳ郢ｧ・ｷ郢晢ｽｧ郢昴
・繝ｨ邵ｺ・ｪ邵ｺ・ｩ邵ｲ竏壺・邵ｺ・ｮ郢ｧ蛹ｻ竕ｧ邵ｺ・ｪ陟厄ｽ｢陟台ｸ翫・騾包ｽｻ陷剃ｸ翫堤ｹｧ繧・ｽｯ・ｾ陟｢諛奇ｼ邵ｺ・ｦ邵ｺ荳岩味邵ｺ霈費ｼ樒ｸｲ繝ｻ                             ^
lib/ui/widgets/training_form.dart:138:31:
Error: The non-ASCII character '郢ｧ・ｯ' (U+30AF) can't be used in identifiers, only in strings and comments.
郢晏ｸ厥｡郢ｧ・､郢晏現繝ｻ郢晢ｽｼ郢晏ｳｨ繝ｻ隰・玄蠍檎ｸｺ髦ｪﾎ鍋ｹ昜ｹ斟礼ｹ晢ｽｼ郢ｧ繝ｻﾂ竏壹Κ郢晢ｽｬ郢晢ｽｼ郢昜ｹ斟ｦ郢ｧ・ｰ髫ｪ蛟ｬ鮖ｸ郢ｧ・｢郢晏干ﾎ懃ｸｺ・ｮ郢ｧ・ｹ郢ｧ・ｯ郢晢ｽｪ郢晢ｽｼ郢晢ｽｳ郢ｧ・ｷ郢晢ｽｧ郢昴
・繝ｨ邵ｺ・ｪ邵ｺ・ｩ邵ｲ竏壺・邵ｺ・ｮ郢ｧ蛹ｻ竕ｧ邵ｺ・ｪ陟厄ｽ｢陟台ｸ翫・騾包ｽｻ陷剃ｸ翫堤ｹｧ繧・ｽｯ・ｾ陟｢諛奇ｼ邵ｺ・ｦ邵ｺ荳岩味邵ｺ霈費ｼ樒ｸｲ繝ｻ                              ^
lib/ui/widgets/training_form.dart:138:32:
Error: The non-ASCII character '郢晢ｽｪ' (U+30EA) can't be used in identifiers, only in strings and comments.
郢晏ｸ厥｡郢ｧ・､郢晏現繝ｻ郢晢ｽｼ郢晏ｳｨ繝ｻ隰・玄蠍檎ｸｺ髦ｪﾎ鍋ｹ昜ｹ斟礼ｹ晢ｽｼ郢ｧ繝ｻﾂ竏壹Κ郢晢ｽｬ郢晢ｽｼ郢昜ｹ斟ｦ郢ｧ・ｰ髫ｪ蛟ｬ鮖ｸ郢ｧ・｢郢晏干ﾎ懃ｸｺ・ｮ郢ｧ・ｹ郢ｧ・ｯ郢晢ｽｪ郢晢ｽｼ郢晢ｽｳ郢ｧ・ｷ郢晢ｽｧ郢昴
・繝ｨ邵ｺ・ｪ邵ｺ・ｩ邵ｲ竏壺・邵ｺ・ｮ郢ｧ蛹ｻ竕ｧ邵ｺ・ｪ陟厄ｽ｢陟台ｸ翫・騾包ｽｻ陷剃ｸ翫堤ｹｧ繧・ｽｯ・ｾ陟｢諛奇ｼ邵ｺ・ｦ邵ｺ荳岩味邵ｺ霈費ｼ樒ｸｲ繝ｻ                               ^
lib/ui/widgets/training_form.dart:138:33:
Error: The non-ASCII character '郢晢ｽｼ' (U+30FC) can't be used in identifiers, only in strings and comments.
郢晏ｸ厥｡郢ｧ・､郢晏現繝ｻ郢晢ｽｼ郢晏ｳｨ繝ｻ隰・玄蠍檎ｸｺ髦ｪﾎ鍋ｹ昜ｹ斟礼ｹ晢ｽｼ郢ｧ繝ｻﾂ竏壹Κ郢晢ｽｬ郢晢ｽｼ郢昜ｹ斟ｦ郢ｧ・ｰ髫ｪ蛟ｬ鮖ｸ郢ｧ・｢郢晏干ﾎ懃ｸｺ・ｮ郢ｧ・ｹ郢ｧ・ｯ郢晢ｽｪ郢晢ｽｼ郢晢ｽｳ郢ｧ・ｷ郢晢ｽｧ郢昴
・繝ｨ邵ｺ・ｪ邵ｺ・ｩ邵ｲ竏壺・邵ｺ・ｮ郢ｧ蛹ｻ竕ｧ邵ｺ・ｪ陟厄ｽ｢陟台ｸ翫・騾包ｽｻ陷剃ｸ翫堤ｹｧ繧・ｽｯ・ｾ陟｢諛奇ｼ邵ｺ・ｦ邵ｺ荳岩味邵ｺ霈費ｼ樒ｸｲ繝ｻ                                ^
lib/ui/widgets/training_form.dart:138:34:
Error: The non-ASCII character '郢晢ｽｳ' (U+30F3) can't be used in identifiers, only in strings and comments.
郢晏ｸ厥｡郢ｧ・､郢晏現繝ｻ郢晢ｽｼ郢晏ｳｨ繝ｻ隰・玄蠍檎ｸｺ髦ｪﾎ鍋ｹ昜ｹ斟礼ｹ晢ｽｼ郢ｧ繝ｻﾂ竏壹Κ郢晢ｽｬ郢晢ｽｼ郢昜ｹ斟ｦ郢ｧ・ｰ髫ｪ蛟ｬ鮖ｸ郢ｧ・｢郢晏干ﾎ懃ｸｺ・ｮ郢ｧ・ｹ郢ｧ・ｯ郢晢ｽｪ郢晢ｽｼ郢晢ｽｳ郢ｧ・ｷ郢晢ｽｧ郢昴
・繝ｨ邵ｺ・ｪ邵ｺ・ｩ邵ｲ竏壺・邵ｺ・ｮ郢ｧ蛹ｻ竕ｧ邵ｺ・ｪ陟厄ｽ｢陟台ｸ翫・騾包ｽｻ陷剃ｸ翫堤ｹｧ繧・ｽｯ・ｾ陟｢諛奇ｼ邵ｺ・ｦ邵ｺ荳岩味邵ｺ霈費ｼ樒ｸｲ繝ｻ                                 ^
lib/ui/widgets/training_form.dart:138:35:
Error: The non-ASCII character '郢ｧ・ｷ' (U+30B7) can't be used in identifiers, only in strings and comments.
郢晏ｸ厥｡郢ｧ・､郢晏現繝ｻ郢晢ｽｼ郢晏ｳｨ繝ｻ隰・玄蠍檎ｸｺ髦ｪﾎ鍋ｹ昜ｹ斟礼ｹ晢ｽｼ郢ｧ繝ｻﾂ竏壹Κ郢晢ｽｬ郢晢ｽｼ郢昜ｹ斟ｦ郢ｧ・ｰ髫ｪ蛟ｬ鮖ｸ郢ｧ・｢郢晏干ﾎ懃ｸｺ・ｮ郢ｧ・ｹ郢ｧ・ｯ郢晢ｽｪ郢晢ｽｼ郢晢ｽｳ郢ｧ・ｷ郢晢ｽｧ郢昴
・繝ｨ邵ｺ・ｪ邵ｺ・ｩ邵ｲ竏壺・邵ｺ・ｮ郢ｧ蛹ｻ竕ｧ邵ｺ・ｪ陟厄ｽ｢陟台ｸ翫・騾包ｽｻ陷剃ｸ翫堤ｹｧ繧・ｽｯ・ｾ陟｢諛奇ｼ邵ｺ・ｦ邵ｺ荳岩味邵ｺ霈費ｼ樒ｸｲ繝ｻ                                  ^
lib/ui/widgets/training_form.dart:138:36:
Error: The non-ASCII character '郢晢ｽｧ' (U+30E7) can't be used in identifiers, only in strings and comments.
郢晏ｸ厥｡郢ｧ・､郢晏現繝ｻ郢晢ｽｼ郢晏ｳｨ繝ｻ隰・玄蠍檎ｸｺ髦ｪﾎ鍋ｹ昜ｹ斟礼ｹ晢ｽｼ郢ｧ繝ｻﾂ竏壹Κ郢晢ｽｬ郢晢ｽｼ郢昜ｹ斟ｦ郢ｧ・ｰ髫ｪ蛟ｬ鮖ｸ郢ｧ・｢郢晏干ﾎ懃ｸｺ・ｮ郢ｧ・ｹ郢ｧ・ｯ郢晢ｽｪ郢晢ｽｼ郢晢ｽｳ郢ｧ・ｷ郢晢ｽｧ郢昴
・繝ｨ邵ｺ・ｪ邵ｺ・ｩ邵ｲ竏壺・邵ｺ・ｮ郢ｧ蛹ｻ竕ｧ邵ｺ・ｪ陟厄ｽ｢陟台ｸ翫・騾包ｽｻ陷剃ｸ翫堤ｹｧ繧・ｽｯ・ｾ陟｢諛奇ｼ邵ｺ・ｦ邵ｺ荳岩味邵ｺ霈費ｼ樒ｸｲ繝ｻ                                   ^
lib/ui/widgets/training_form.dart:138:37:
Error: The non-ASCII character '郢昴・ (U+30C3) can't be used in identifiers, only in strings and comments.
郢晏ｸ厥｡郢ｧ・､郢晏現繝ｻ郢晢ｽｼ郢晏ｳｨ繝ｻ隰・玄蠍檎ｸｺ髦ｪﾎ鍋ｹ昜ｹ斟礼ｹ晢ｽｼ郢ｧ繝ｻﾂ竏壹Κ郢晢ｽｬ郢晢ｽｼ郢昜ｹ斟ｦ郢ｧ・ｰ髫ｪ蛟ｬ鮖ｸ郢ｧ・｢郢晏干ﾎ懃ｸｺ・ｮ郢ｧ・ｹ郢ｧ・ｯ郢晢ｽｪ郢晢ｽｼ郢晢ｽｳ郢ｧ・ｷ郢晢ｽｧ郢昴
・繝ｨ邵ｺ・ｪ邵ｺ・ｩ邵ｲ竏壺・邵ｺ・ｮ郢ｧ蛹ｻ竕ｧ邵ｺ・ｪ陟厄ｽ｢陟台ｸ翫・騾包ｽｻ陷剃ｸ翫堤ｹｧ繧・ｽｯ・ｾ陟｢諛奇ｼ邵ｺ・ｦ邵ｺ荳岩味邵ｺ霈費ｼ樒ｸｲ繝ｻ                                    ^
lib/ui/widgets/training_form.dart:138:38:
Error: The non-ASCII character '郢昴・ (U+30C8) can't be used in identifiers, only in strings and comments.
郢晏ｸ厥｡郢ｧ・､郢晏現繝ｻ郢晢ｽｼ郢晏ｳｨ繝ｻ隰・玄蠍檎ｸｺ髦ｪﾎ鍋ｹ昜ｹ斟礼ｹ晢ｽｼ郢ｧ繝ｻﾂ竏壹Κ郢晢ｽｬ郢晢ｽｼ郢昜ｹ斟ｦ郢ｧ・ｰ髫ｪ蛟ｬ鮖ｸ郢ｧ・｢郢晏干ﾎ懃ｸｺ・ｮ郢ｧ・ｹ郢ｧ・ｯ郢晢ｽｪ郢晢ｽｼ郢晢ｽｳ郢ｧ・ｷ郢晢ｽｧ郢昴
・繝ｨ邵ｺ・ｪ邵ｺ・ｩ邵ｲ竏壺・邵ｺ・ｮ郢ｧ蛹ｻ竕ｧ邵ｺ・ｪ陟厄ｽ｢陟台ｸ翫・騾包ｽｻ陷剃ｸ翫堤ｹｧ繧・ｽｯ・ｾ陟｢諛奇ｼ邵ｺ・ｦ邵ｺ荳岩味邵ｺ霈費ｼ樒ｸｲ繝ｻ                                     
^
lib/ui/widgets/training_form.dart:138:39:
Error: The non-ASCII character '邵ｺ・ｪ' (U+306A) can't be used in identifiers, only in strings and comments.
郢晏ｸ厥｡郢ｧ・､郢晏現繝ｻ郢晢ｽｼ郢晏ｳｨ繝ｻ隰・玄蠍檎ｸｺ髦ｪﾎ鍋ｹ昜ｹ斟礼ｹ晢ｽｼ郢ｧ繝ｻﾂ竏壹Κ郢晢ｽｬ郢晢ｽｼ郢昜ｹ斟ｦ郢ｧ・ｰ髫ｪ蛟ｬ鮖ｸ郢ｧ・｢郢晏干ﾎ懃ｸｺ・ｮ郢ｧ・ｹ郢ｧ・ｯ郢晢ｽｪ郢晢ｽｼ郢晢ｽｳ郢ｧ・ｷ郢晢ｽｧ郢昴
・繝ｨ邵ｺ・ｪ邵ｺ・ｩ邵ｲ竏壺・邵ｺ・ｮ郢ｧ蛹ｻ竕ｧ邵ｺ・ｪ陟厄ｽ｢陟台ｸ翫・騾包ｽｻ陷剃ｸ翫堤ｹｧ繧・ｽｯ・ｾ陟｢諛奇ｼ邵ｺ・ｦ邵ｺ荳岩味邵ｺ霈費ｼ樒ｸｲ繝ｻ                                     
 ^
lib/ui/widgets/training_form.dart:138:40:
Error: The non-ASCII character '邵ｺ・ｩ' (U+3069) can't be used in identifiers, only in strings and comments.
郢晏ｸ厥｡郢ｧ・､郢晏現繝ｻ郢晢ｽｼ郢晏ｳｨ繝ｻ隰・玄蠍檎ｸｺ髦ｪﾎ鍋ｹ昜ｹ斟礼ｹ晢ｽｼ郢ｧ繝ｻﾂ竏壹Κ郢晢ｽｬ郢晢ｽｼ郢昜ｹ斟ｦ郢ｧ・ｰ髫ｪ蛟ｬ鮖ｸ郢ｧ・｢郢晏干ﾎ懃ｸｺ・ｮ郢ｧ・ｹ郢ｧ・ｯ郢晢ｽｪ郢晢ｽｼ郢晢ｽｳ郢ｧ・ｷ郢晢ｽｧ郢昴
・繝ｨ邵ｺ・ｪ邵ｺ・ｩ邵ｲ竏壺・邵ｺ・ｮ郢ｧ蛹ｻ竕ｧ邵ｺ・ｪ陟厄ｽ｢陟台ｸ翫・騾包ｽｻ陷剃ｸ翫堤ｹｧ繧・ｽｯ・ｾ陟｢諛奇ｼ邵ｺ・ｦ邵ｺ荳岩味邵ｺ霈費ｼ樒ｸｲ繝ｻ                                     
  ^
lib/ui/widgets/training_form.dart:138:41:
Error: The non-ASCII character '邵ｲ繝ｻ (U+3001) can't be used in identifiers, only in strings and comments.
郢晏ｸ厥｡郢ｧ・､郢晏現繝ｻ郢晢ｽｼ郢晏ｳｨ繝ｻ隰・玄蠍檎ｸｺ髦ｪﾎ鍋ｹ昜ｹ斟礼ｹ晢ｽｼ郢ｧ繝ｻﾂ竏壹Κ郢晢ｽｬ郢晢ｽｼ郢昜ｹ斟ｦ郢ｧ・ｰ髫ｪ蛟ｬ鮖ｸ郢ｧ・｢郢晏干ﾎ懃ｸｺ・ｮ郢ｧ・ｹ郢ｧ・ｯ郢晢ｽｪ郢晢ｽｼ郢晢ｽｳ郢ｧ・ｷ郢晢ｽｧ郢昴
・繝ｨ邵ｺ・ｪ邵ｺ・ｩ邵ｲ竏壺・邵ｺ・ｮ郢ｧ蛹ｻ竕ｧ邵ｺ・ｪ陟厄ｽ｢陟台ｸ翫・騾包ｽｻ陷剃ｸ翫堤ｹｧ繧・ｽｯ・ｾ陟｢諛奇ｼ邵ｺ・ｦ邵ｺ荳岩味邵ｺ霈費ｼ樒ｸｲ繝ｻ                                     
   ^
lib/ui/widgets/training_form.dart:138:42:
Error: The non-ASCII character '邵ｺ・ｩ' (U+3069) can't be used in identifiers, only in strings and comments.
郢晏ｸ厥｡郢ｧ・､郢晏現繝ｻ郢晢ｽｼ郢晏ｳｨ繝ｻ隰・玄蠍檎ｸｺ髦ｪﾎ鍋ｹ昜ｹ斟礼ｹ晢ｽｼ郢ｧ繝ｻﾂ竏壹Κ郢晢ｽｬ郢晢ｽｼ郢昜ｹ斟ｦ郢ｧ・ｰ髫ｪ蛟ｬ鮖ｸ郢ｧ・｢郢晏干ﾎ懃ｸｺ・ｮ郢ｧ・ｹ郢ｧ・ｯ郢晢ｽｪ郢晢ｽｼ郢晢ｽｳ郢ｧ・ｷ郢晢ｽｧ郢昴
・繝ｨ邵ｺ・ｪ邵ｺ・ｩ邵ｲ竏壺・邵ｺ・ｮ郢ｧ蛹ｻ竕ｧ邵ｺ・ｪ陟厄ｽ｢陟台ｸ翫・騾包ｽｻ陷剃ｸ翫堤ｹｧ繧・ｽｯ・ｾ陟｢諛奇ｼ邵ｺ・ｦ邵ｺ荳岩味邵ｺ霈費ｼ樒ｸｲ繝ｻ                                     
    ^
lib/ui/widgets/training_form.dart:138:43:
Error: The non-ASCII character '邵ｺ・ｮ' (U+306E) can't be used in identifiers, only in strings and comments.
郢晏ｸ厥｡郢ｧ・､郢晏現繝ｻ郢晢ｽｼ郢晏ｳｨ繝ｻ隰・玄蠍檎ｸｺ髦ｪﾎ鍋ｹ昜ｹ斟礼ｹ晢ｽｼ郢ｧ繝ｻﾂ竏壹Κ郢晢ｽｬ郢晢ｽｼ郢昜ｹ斟ｦ郢ｧ・ｰ髫ｪ蛟ｬ鮖ｸ郢ｧ・｢郢晏干ﾎ懃ｸｺ・ｮ郢ｧ・ｹ郢ｧ・ｯ郢晢ｽｪ郢晢ｽｼ郢晢ｽｳ郢ｧ・ｷ郢晢ｽｧ郢昴
・繝ｨ邵ｺ・ｪ邵ｺ・ｩ邵ｲ竏壺・邵ｺ・ｮ郢ｧ蛹ｻ竕ｧ邵ｺ・ｪ陟厄ｽ｢陟台ｸ翫・騾包ｽｻ陷剃ｸ翫堤ｹｧ繧・ｽｯ・ｾ陟｢諛奇ｼ邵ｺ・ｦ邵ｺ荳岩味邵ｺ霈費ｼ樒ｸｲ繝ｻ                                     
     ^
lib/ui/widgets/training_form.dart:138:44:
Error: The non-ASCII character '郢ｧ繝ｻ (U+3088) can't be used in identifiers, only in strings and comments.
郢晏ｸ厥｡郢ｧ・､郢晏現繝ｻ郢晢ｽｼ郢晏ｳｨ繝ｻ隰・玄蠍檎ｸｺ髦ｪﾎ鍋ｹ昜ｹ斟礼ｹ晢ｽｼ郢ｧ繝ｻﾂ竏壹Κ郢晢ｽｬ郢晢ｽｼ郢昜ｹ斟ｦ郢ｧ・ｰ髫ｪ蛟ｬ鮖ｸ郢ｧ・｢郢晏干ﾎ懃ｸｺ・ｮ郢ｧ・ｹ郢ｧ・ｯ郢晢ｽｪ郢晢ｽｼ郢晢ｽｳ郢ｧ・ｷ郢晢ｽｧ郢昴
・繝ｨ邵ｺ・ｪ邵ｺ・ｩ邵ｲ竏壺・邵ｺ・ｮ郢ｧ蛹ｻ竕ｧ邵ｺ・ｪ陟厄ｽ｢陟台ｸ翫・騾包ｽｻ陷剃ｸ翫堤ｹｧ繧・ｽｯ・ｾ陟｢諛奇ｼ邵ｺ・ｦ邵ｺ荳岩味邵ｺ霈費ｼ樒ｸｲ繝ｻ                                     
      ^
lib/ui/widgets/training_form.dart:138:45:
Error: The non-ASCII character '邵ｺ繝ｻ (U+3046) can't be used in identifiers, only in strings and comments.
郢晏ｸ厥｡郢ｧ・､郢晏現繝ｻ郢晢ｽｼ郢晏ｳｨ繝ｻ隰・玄蠍檎ｸｺ髦ｪﾎ鍋ｹ昜ｹ斟礼ｹ晢ｽｼ郢ｧ繝ｻﾂ竏壹Κ郢晢ｽｬ郢晢ｽｼ郢昜ｹ斟ｦ郢ｧ・ｰ髫ｪ蛟ｬ鮖ｸ郢ｧ・｢郢晏干ﾎ懃ｸｺ・ｮ郢ｧ・ｹ郢ｧ・ｯ郢晢ｽｪ郢晢ｽｼ郢晢ｽｳ郢ｧ・ｷ郢晢ｽｧ郢昴
・繝ｨ邵ｺ・ｪ邵ｺ・ｩ邵ｲ竏壺・邵ｺ・ｮ郢ｧ蛹ｻ竕ｧ邵ｺ・ｪ陟厄ｽ｢陟台ｸ翫・騾包ｽｻ陷剃ｸ翫堤ｹｧ繧・ｽｯ・ｾ陟｢諛奇ｼ邵ｺ・ｦ邵ｺ荳岩味邵ｺ霈費ｼ樒ｸｲ繝ｻ                                     
       ^
lib/ui/widgets/training_form.dart:138:46:
Error: The non-ASCII character '邵ｺ・ｪ' (U+306A) can't be used in identifiers, only in strings and comments.
郢晏ｸ厥｡郢ｧ・､郢晏現繝ｻ郢晢ｽｼ郢晏ｳｨ繝ｻ隰・玄蠍檎ｸｺ髦ｪﾎ鍋ｹ昜ｹ斟礼ｹ晢ｽｼ郢ｧ繝ｻﾂ竏壹Κ郢晢ｽｬ郢晢ｽｼ郢昜ｹ斟ｦ郢ｧ・ｰ髫ｪ蛟ｬ鮖ｸ郢ｧ・｢郢晏干ﾎ懃ｸｺ・ｮ郢ｧ・ｹ郢ｧ・ｯ郢晢ｽｪ郢晢ｽｼ郢晢ｽｳ郢ｧ・ｷ郢晢ｽｧ郢昴
・繝ｨ邵ｺ・ｪ邵ｺ・ｩ邵ｲ竏壺・邵ｺ・ｮ郢ｧ蛹ｻ竕ｧ邵ｺ・ｪ陟厄ｽ｢陟台ｸ翫・騾包ｽｻ陷剃ｸ翫堤ｹｧ繧・ｽｯ・ｾ陟｢諛奇ｼ邵ｺ・ｦ邵ｺ荳岩味邵ｺ霈費ｼ樒ｸｲ繝ｻ                                     
        ^
lib/ui/widgets/training_form.dart:138:47:
Error: The non-ASCII character '陟厄ｽ｢' (U+5F62) can't be used in identifiers, only in strings and comments.
郢晏ｸ厥｡郢ｧ・､郢晏現繝ｻ郢晢ｽｼ郢晏ｳｨ繝ｻ隰・玄蠍檎ｸｺ髦ｪﾎ鍋ｹ昜ｹ斟礼ｹ晢ｽｼ郢ｧ繝ｻﾂ竏壹Κ郢晢ｽｬ郢晢ｽｼ郢昜ｹ斟ｦ郢ｧ・ｰ髫ｪ蛟ｬ鮖ｸ郢ｧ・｢郢晏干ﾎ懃ｸｺ・ｮ郢ｧ・ｹ郢ｧ・ｯ郢晢ｽｪ郢晢ｽｼ郢晢ｽｳ郢ｧ・ｷ郢晢ｽｧ郢昴
・繝ｨ邵ｺ・ｪ邵ｺ・ｩ邵ｲ竏壺・邵ｺ・ｮ郢ｧ蛹ｻ竕ｧ邵ｺ・ｪ陟厄ｽ｢陟台ｸ翫・騾包ｽｻ陷剃ｸ翫堤ｹｧ繧・ｽｯ・ｾ陟｢諛奇ｼ邵ｺ・ｦ邵ｺ荳岩味邵ｺ霈費ｼ樒ｸｲ繝ｻ                                     
         ^
lib/ui/widgets/training_form.dart:138:48:
Error: The non-ASCII character '陟代・ (U+5F0F) can't be used in identifiers, only in strings and comments.
郢晏ｸ厥｡郢ｧ・､郢晏現繝ｻ郢晢ｽｼ郢晏ｳｨ繝ｻ隰・玄蠍檎ｸｺ髦ｪﾎ鍋ｹ昜ｹ斟礼ｹ晢ｽｼ郢ｧ繝ｻﾂ竏壹Κ郢晢ｽｬ郢晢ｽｼ郢昜ｹ斟ｦ郢ｧ・ｰ髫ｪ蛟ｬ鮖ｸ郢ｧ・｢郢晏干ﾎ懃ｸｺ・ｮ郢ｧ・ｹ郢ｧ・ｯ郢晢ｽｪ郢晢ｽｼ郢晢ｽｳ郢ｧ・ｷ郢晢ｽｧ郢昴
・繝ｨ邵ｺ・ｪ邵ｺ・ｩ邵ｲ竏壺・邵ｺ・ｮ郢ｧ蛹ｻ竕ｧ邵ｺ・ｪ陟厄ｽ｢陟台ｸ翫・騾包ｽｻ陷剃ｸ翫堤ｹｧ繧・ｽｯ・ｾ陟｢諛奇ｼ邵ｺ・ｦ邵ｺ荳岩味邵ｺ霈費ｼ樒ｸｲ繝ｻ                                     
          ^
lib/ui/widgets/training_form.dart:138:49:
Error: The non-ASCII character '邵ｺ・ｮ' (U+306E) can't be used in identifiers, only in strings and comments.
郢晏ｸ厥｡郢ｧ・､郢晏現繝ｻ郢晢ｽｼ郢晏ｳｨ繝ｻ隰・玄蠍檎ｸｺ髦ｪﾎ鍋ｹ昜ｹ斟礼ｹ晢ｽｼ郢ｧ繝ｻﾂ竏壹Κ郢晢ｽｬ郢晢ｽｼ郢昜ｹ斟ｦ郢ｧ・ｰ髫ｪ蛟ｬ鮖ｸ郢ｧ・｢郢晏干ﾎ懃ｸｺ・ｮ郢ｧ・ｹ郢ｧ・ｯ郢晢ｽｪ郢晢ｽｼ郢晢ｽｳ郢ｧ・ｷ郢晢ｽｧ郢昴
・繝ｨ邵ｺ・ｪ邵ｺ・ｩ邵ｲ竏壺・邵ｺ・ｮ郢ｧ蛹ｻ竕ｧ邵ｺ・ｪ陟厄ｽ｢陟台ｸ翫・騾包ｽｻ陷剃ｸ翫堤ｹｧ繧・ｽｯ・ｾ陟｢諛奇ｼ邵ｺ・ｦ邵ｺ荳岩味邵ｺ霈費ｼ樒ｸｲ繝ｻ                                     
           ^
lib/ui/widgets/training_form.dart:138:50:
Error: The non-ASCII character '騾包ｽｻ' (U+753B) can't be used in identifiers, only in strings and comments.
郢晏ｸ厥｡郢ｧ・､郢晏現繝ｻ郢晢ｽｼ郢晏ｳｨ繝ｻ隰・玄蠍檎ｸｺ髦ｪﾎ鍋ｹ昜ｹ斟礼ｹ晢ｽｼ郢ｧ繝ｻﾂ竏壹Κ郢晢ｽｬ郢晢ｽｼ郢昜ｹ斟ｦ郢ｧ・ｰ髫ｪ蛟ｬ鮖ｸ郢ｧ・｢郢晏干ﾎ懃ｸｺ・ｮ郢ｧ・ｹ郢ｧ・ｯ郢晢ｽｪ郢晢ｽｼ郢晢ｽｳ郢ｧ・ｷ郢晢ｽｧ郢昴
・繝ｨ邵ｺ・ｪ邵ｺ・ｩ邵ｲ竏壺・邵ｺ・ｮ郢ｧ蛹ｻ竕ｧ邵ｺ・ｪ陟厄ｽ｢陟台ｸ翫・騾包ｽｻ陷剃ｸ翫堤ｹｧ繧・ｽｯ・ｾ陟｢諛奇ｼ邵ｺ・ｦ邵ｺ荳岩味邵ｺ霈費ｼ樒ｸｲ繝ｻ                                     
            ^
lib/ui/widgets/training_form.dart:138:51:
Error: The non-ASCII character '陷偵・ (U+50CF) can't be used in identifiers, only in strings and comments.
郢晏ｸ厥｡郢ｧ・､郢晏現繝ｻ郢晢ｽｼ郢晏ｳｨ繝ｻ隰・玄蠍檎ｸｺ髦ｪﾎ鍋ｹ昜ｹ斟礼ｹ晢ｽｼ郢ｧ繝ｻﾂ竏壹Κ郢晢ｽｬ郢晢ｽｼ郢昜ｹ斟ｦ郢ｧ・ｰ髫ｪ蛟ｬ鮖ｸ郢ｧ・｢郢晏干ﾎ懃ｸｺ・ｮ郢ｧ・ｹ郢ｧ・ｯ郢晢ｽｪ郢晢ｽｼ郢晢ｽｳ郢ｧ・ｷ郢晢ｽｧ郢昴
・繝ｨ邵ｺ・ｪ邵ｺ・ｩ邵ｲ竏壺・邵ｺ・ｮ郢ｧ蛹ｻ竕ｧ邵ｺ・ｪ陟厄ｽ｢陟台ｸ翫・騾包ｽｻ陷剃ｸ翫堤ｹｧ繧・ｽｯ・ｾ陟｢諛奇ｼ邵ｺ・ｦ邵ｺ荳岩味邵ｺ霈費ｼ樒ｸｲ繝ｻ                                     
             ^
lib/ui/widgets/training_form.dart:138:52:
Error: The non-ASCII character '邵ｺ・ｧ' (U+3067) can't be used in identifiers, only in strings and comments.
郢晏ｸ厥｡郢ｧ・､郢晏現繝ｻ郢晢ｽｼ郢晏ｳｨ繝ｻ隰・玄蠍檎ｸｺ髦ｪﾎ鍋ｹ昜ｹ斟礼ｹ晢ｽｼ郢ｧ繝ｻﾂ竏壹Κ郢晢ｽｬ郢晢ｽｼ郢昜ｹ斟ｦ郢ｧ・ｰ髫ｪ蛟ｬ鮖ｸ郢ｧ・｢郢晏干ﾎ懃ｸｺ・ｮ郢ｧ・ｹ郢ｧ・ｯ郢晢ｽｪ郢晢ｽｼ郢晢ｽｳ郢ｧ・ｷ郢晢ｽｧ郢昴
・繝ｨ邵ｺ・ｪ邵ｺ・ｩ邵ｲ竏壺・邵ｺ・ｮ郢ｧ蛹ｻ竕ｧ邵ｺ・ｪ陟厄ｽ｢陟台ｸ翫・騾包ｽｻ陷剃ｸ翫堤ｹｧ繧・ｽｯ・ｾ陟｢諛奇ｼ邵ｺ・ｦ邵ｺ荳岩味邵ｺ霈費ｼ樒ｸｲ繝ｻ                                     
              ^
lib/ui/widgets/training_form.dart:138:53:
Error: The non-ASCII character '郢ｧ繝ｻ (U+3082) can't be used in identifiers, only in strings and comments.
郢晏ｸ厥｡郢ｧ・､郢晏現繝ｻ郢晢ｽｼ郢晏ｳｨ繝ｻ隰・玄蠍檎ｸｺ髦ｪﾎ鍋ｹ昜ｹ斟礼ｹ晢ｽｼ郢ｧ繝ｻﾂ竏壹Κ郢晢ｽｬ郢晢ｽｼ郢昜ｹ斟ｦ郢ｧ・ｰ髫ｪ蛟ｬ鮖ｸ郢ｧ・｢郢晏干ﾎ懃ｸｺ・ｮ郢ｧ・ｹ郢ｧ・ｯ郢晢ｽｪ郢晢ｽｼ郢晢ｽｳ郢ｧ・ｷ郢晢ｽｧ郢昴
・繝ｨ邵ｺ・ｪ邵ｺ・ｩ邵ｲ竏壺・邵ｺ・ｮ郢ｧ蛹ｻ竕ｧ邵ｺ・ｪ陟厄ｽ｢陟台ｸ翫・騾包ｽｻ陷剃ｸ翫堤ｹｧ繧・ｽｯ・ｾ陟｢諛奇ｼ邵ｺ・ｦ邵ｺ荳岩味邵ｺ霈費ｼ樒ｸｲ繝ｻ                                     
               ^
lib/ui/widgets/training_form.dart:138:54:
Error: The non-ASCII character '陝・ｽｾ' (U+5BFE) can't be used in identifiers, only in strings and comments.
郢晏ｸ厥｡郢ｧ・､郢晏現繝ｻ郢晢ｽｼ郢晏ｳｨ繝ｻ隰・玄蠍檎ｸｺ髦ｪﾎ鍋ｹ昜ｹ斟礼ｹ晢ｽｼ郢ｧ繝ｻﾂ竏壹Κ郢晢ｽｬ郢晢ｽｼ郢昜ｹ斟ｦ郢ｧ・ｰ髫ｪ蛟ｬ鮖ｸ郢ｧ・｢郢晏干ﾎ懃ｸｺ・ｮ郢ｧ・ｹ郢ｧ・ｯ郢晢ｽｪ郢晢ｽｼ郢晢ｽｳ郢ｧ・ｷ郢晢ｽｧ郢昴
・繝ｨ邵ｺ・ｪ邵ｺ・ｩ邵ｲ竏壺・邵ｺ・ｮ郢ｧ蛹ｻ竕ｧ邵ｺ・ｪ陟厄ｽ｢陟台ｸ翫・騾包ｽｻ陷剃ｸ翫堤ｹｧ繧・ｽｯ・ｾ陟｢諛奇ｼ邵ｺ・ｦ邵ｺ荳岩味邵ｺ霈費ｼ樒ｸｲ繝ｻ                                     
                ^
lib/ui/widgets/training_form.dart:138:55:
Error: The non-ASCII character '陟｢繝ｻ (U+5FDC) can't be used in identifiers, only in strings and comments.
郢晏ｸ厥｡郢ｧ・､郢晏現繝ｻ郢晢ｽｼ郢晏ｳｨ繝ｻ隰・玄蠍檎ｸｺ髦ｪﾎ鍋ｹ昜ｹ斟礼ｹ晢ｽｼ郢ｧ繝ｻﾂ竏壹Κ郢晢ｽｬ郢晢ｽｼ郢昜ｹ斟ｦ郢ｧ・ｰ髫ｪ蛟ｬ鮖ｸ郢ｧ・｢郢晏干ﾎ懃ｸｺ・ｮ郢ｧ・ｹ郢ｧ・ｯ郢晢ｽｪ郢晢ｽｼ郢晢ｽｳ郢ｧ・ｷ郢晢ｽｧ郢昴
・繝ｨ邵ｺ・ｪ邵ｺ・ｩ邵ｲ竏壺・邵ｺ・ｮ郢ｧ蛹ｻ竕ｧ邵ｺ・ｪ陟厄ｽ｢陟台ｸ翫・騾包ｽｻ陷剃ｸ翫堤ｹｧ繧・ｽｯ・ｾ陟｢諛奇ｼ邵ｺ・ｦ邵ｺ荳岩味邵ｺ霈費ｼ樒ｸｲ繝ｻ                                     
                 ^
lib/ui/widgets/training_form.dart:138:56:
Error: The non-ASCII character '邵ｺ繝ｻ (U+3057) can't be used in identifiers, only in strings and comments.
郢晏ｸ厥｡郢ｧ・､郢晏現繝ｻ郢晢ｽｼ郢晏ｳｨ繝ｻ隰・玄蠍檎ｸｺ髦ｪﾎ鍋ｹ昜ｹ斟礼ｹ晢ｽｼ郢ｧ繝ｻﾂ竏壹Κ郢晢ｽｬ郢晢ｽｼ郢昜ｹ斟ｦ郢ｧ・ｰ髫ｪ蛟ｬ鮖ｸ郢ｧ・｢郢晏干ﾎ懃ｸｺ・ｮ郢ｧ・ｹ郢ｧ・ｯ郢晢ｽｪ郢晢ｽｼ郢晢ｽｳ郢ｧ・ｷ郢晢ｽｧ郢昴
・繝ｨ邵ｺ・ｪ邵ｺ・ｩ邵ｲ竏壺・邵ｺ・ｮ郢ｧ蛹ｻ竕ｧ邵ｺ・ｪ陟厄ｽ｢陟台ｸ翫・騾包ｽｻ陷剃ｸ翫堤ｹｧ繧・ｽｯ・ｾ陟｢諛奇ｼ邵ｺ・ｦ邵ｺ荳岩味邵ｺ霈費ｼ樒ｸｲ繝ｻ                                     
                  ^
lib/ui/widgets/training_form.dart:138:57:
Error: The non-ASCII character '邵ｺ・ｦ' (U+3066) can't be used in identifiers, only in strings and comments.
郢晏ｸ厥｡郢ｧ・､郢晏現繝ｻ郢晢ｽｼ郢晏ｳｨ繝ｻ隰・玄蠍檎ｸｺ髦ｪﾎ鍋ｹ昜ｹ斟礼ｹ晢ｽｼ郢ｧ繝ｻﾂ竏壹Κ郢晢ｽｬ郢晢ｽｼ郢昜ｹ斟ｦ郢ｧ・ｰ髫ｪ蛟ｬ鮖ｸ郢ｧ・｢郢晏干ﾎ懃ｸｺ・ｮ郢ｧ・ｹ郢ｧ・ｯ郢晢ｽｪ郢晢ｽｼ郢晢ｽｳ郢ｧ・ｷ郢晢ｽｧ郢昴
・繝ｨ邵ｺ・ｪ邵ｺ・ｩ邵ｲ竏壺・邵ｺ・ｮ郢ｧ蛹ｻ竕ｧ邵ｺ・ｪ陟厄ｽ｢陟台ｸ翫・騾包ｽｻ陷剃ｸ翫堤ｹｧ繧・ｽｯ・ｾ陟｢諛奇ｼ邵ｺ・ｦ邵ｺ荳岩味邵ｺ霈費ｼ樒ｸｲ繝ｻ                                     
                   ^
lib/ui/widgets/training_form.dart:138:58:
Error: The non-ASCII character '邵ｺ繝ｻ (U+304F) can't be used in identifiers, only in strings and comments.
郢晏ｸ厥｡郢ｧ・､郢晏現繝ｻ郢晢ｽｼ郢晏ｳｨ繝ｻ隰・玄蠍檎ｸｺ髦ｪﾎ鍋ｹ昜ｹ斟礼ｹ晢ｽｼ郢ｧ繝ｻﾂ竏壹Κ郢晢ｽｬ郢晢ｽｼ郢昜ｹ斟ｦ郢ｧ・ｰ髫ｪ蛟ｬ鮖ｸ郢ｧ・｢郢晏干ﾎ懃ｸｺ・ｮ郢ｧ・ｹ郢ｧ・ｯ郢晢ｽｪ郢晢ｽｼ郢晢ｽｳ郢ｧ・ｷ郢晢ｽｧ郢昴
・繝ｨ邵ｺ・ｪ邵ｺ・ｩ邵ｲ竏壺・邵ｺ・ｮ郢ｧ蛹ｻ竕ｧ邵ｺ・ｪ陟厄ｽ｢陟台ｸ翫・騾包ｽｻ陷剃ｸ翫堤ｹｧ繧・ｽｯ・ｾ陟｢諛奇ｼ邵ｺ・ｦ邵ｺ荳岩味邵ｺ霈費ｼ樒ｸｲ繝ｻ                                     
                    ^
lib/ui/widgets/training_form.dart:138:59:
Error: The non-ASCII character '邵ｺ・ｰ' (U+3060) can't be used in identifiers, only in strings and comments.
郢晏ｸ厥｡郢ｧ・､郢晏現繝ｻ郢晢ｽｼ郢晏ｳｨ繝ｻ隰・玄蠍檎ｸｺ髦ｪﾎ鍋ｹ昜ｹ斟礼ｹ晢ｽｼ郢ｧ繝ｻﾂ竏壹Κ郢晢ｽｬ郢晢ｽｼ郢昜ｹ斟ｦ郢ｧ・ｰ髫ｪ蛟ｬ鮖ｸ郢ｧ・｢郢晏干ﾎ懃ｸｺ・ｮ郢ｧ・ｹ郢ｧ・ｯ郢晢ｽｪ郢晢ｽｼ郢晢ｽｳ郢ｧ・ｷ郢晢ｽｧ郢昴
・繝ｨ邵ｺ・ｪ邵ｺ・ｩ邵ｲ竏壺・邵ｺ・ｮ郢ｧ蛹ｻ竕ｧ邵ｺ・ｪ陟厄ｽ｢陟台ｸ翫・騾包ｽｻ陷剃ｸ翫堤ｹｧ繧・ｽｯ・ｾ陟｢諛奇ｼ邵ｺ・ｦ邵ｺ荳岩味邵ｺ霈費ｼ樒ｸｲ繝ｻ                                     
                     ^
lib/ui/widgets/training_form.dart:138:60:
Error: The non-ASCII character '邵ｺ繝ｻ (U+3055) can't be used in identifiers, only in strings and comments.
郢晏ｸ厥｡郢ｧ・､郢晏現繝ｻ郢晢ｽｼ郢晏ｳｨ繝ｻ隰・玄蠍檎ｸｺ髦ｪﾎ鍋ｹ昜ｹ斟礼ｹ晢ｽｼ郢ｧ繝ｻﾂ竏壹Κ郢晢ｽｬ郢晢ｽｼ郢昜ｹ斟ｦ郢ｧ・ｰ髫ｪ蛟ｬ鮖ｸ郢ｧ・｢郢晏干ﾎ懃ｸｺ・ｮ郢ｧ・ｹ郢ｧ・ｯ郢晢ｽｪ郢晢ｽｼ郢晢ｽｳ郢ｧ・ｷ郢晢ｽｧ郢昴
・繝ｨ邵ｺ・ｪ邵ｺ・ｩ邵ｲ竏壺・邵ｺ・ｮ郢ｧ蛹ｻ竕ｧ邵ｺ・ｪ陟厄ｽ｢陟台ｸ翫・騾包ｽｻ陷剃ｸ翫堤ｹｧ繧・ｽｯ・ｾ陟｢諛奇ｼ邵ｺ・ｦ邵ｺ荳岩味邵ｺ霈費ｼ樒ｸｲ繝ｻ                                     
                      ^
lib/ui/widgets/training_form.dart:138:61:
Error: The non-ASCII character '邵ｺ繝ｻ (U+3044) can't be used in identifiers, only in strings and comments.
郢晏ｸ厥｡郢ｧ・､郢晏現繝ｻ郢晢ｽｼ郢晏ｳｨ繝ｻ隰・玄蠍檎ｸｺ髦ｪﾎ鍋ｹ昜ｹ斟礼ｹ晢ｽｼ郢ｧ繝ｻﾂ竏壹Κ郢晢ｽｬ郢晢ｽｼ郢昜ｹ斟ｦ郢ｧ・ｰ髫ｪ蛟ｬ鮖ｸ郢ｧ・｢郢晏干ﾎ懃ｸｺ・ｮ郢ｧ・ｹ郢ｧ・ｯ郢晢ｽｪ郢晢ｽｼ郢晢ｽｳ郢ｧ・ｷ郢晢ｽｧ郢昴
・繝ｨ邵ｺ・ｪ邵ｺ・ｩ邵ｲ竏壺・邵ｺ・ｮ郢ｧ蛹ｻ竕ｧ邵ｺ・ｪ陟厄ｽ｢陟台ｸ翫・騾包ｽｻ陷剃ｸ翫堤ｹｧ繧・ｽｯ・ｾ陟｢諛奇ｼ邵ｺ・ｦ邵ｺ荳岩味邵ｺ霈費ｼ樒ｸｲ繝ｻ                                     
                       ^
lib/ui/widgets/training_form.dart:138:62:
Error: The non-ASCII character '邵ｲ繝ｻ (U+3002) can't be used in identifiers, only in strings and comments.
郢晏ｸ厥｡郢ｧ・､郢晏現繝ｻ郢晢ｽｼ郢晏ｳｨ繝ｻ隰・玄蠍檎ｸｺ髦ｪﾎ鍋ｹ昜ｹ斟礼ｹ晢ｽｼ郢ｧ繝ｻﾂ竏壹Κ郢晢ｽｬ郢晢ｽｼ郢昜ｹ斟ｦ郢ｧ・ｰ髫ｪ蛟ｬ鮖ｸ郢ｧ・｢郢晏干ﾎ懃ｸｺ・ｮ郢ｧ・ｹ郢ｧ・ｯ郢晢ｽｪ郢晢ｽｼ郢晢ｽｳ郢ｧ・ｷ郢晢ｽｧ郢昴
・繝ｨ邵ｺ・ｪ邵ｺ・ｩ邵ｲ竏壺・邵ｺ・ｮ郢ｧ蛹ｻ竕ｧ邵ｺ・ｪ陟厄ｽ｢陟台ｸ翫・騾包ｽｻ陷剃ｸ翫堤ｹｧ繧・ｽｯ・ｾ陟｢諛奇ｼ邵ｺ・ｦ邵ｺ荳岩味邵ｺ霈費ｼ樒ｸｲ繝ｻ                                     
                        ^
lib/ui/widgets/training_form.dart:140:1:
Error: The non-ASCII character '郢ｧ・ｷ' (U+30B7) can't be used in identifiers, only in strings and comments.
郢ｧ・ｷ郢ｧ・ｹ郢昴・ﾎ堤ｸｺ・ｧ髢ｾ・ｪ陝ｾ・ｱ郢晏生縺帷ｹ晏現竊醍ｸｺ・ｩ郢ｧ螳壹・陷肴・・ｪ蟠趣ｽｭ蛟･笘・ｹｧ荵昶螺郢ｧ竏堋竏ｽ・ｻ・･闕ｳ荵昴・霓､・ｹ邵ｺ・ｫ雎包ｽｨ隲｢荳奇ｼ邵ｺ・ｦ隰ｨ・ｴ陟厄ｽ｢邵ｺ蜉ｱ窶ｻ邵ｺ荳岩味
邵ｺ霈費ｼ樒ｸｲ繝ｻ^
lib/ui/widgets/training_form.dart:140:2:
Error: The non-ASCII character '郢ｧ・ｹ' (U+30B9) can't be used in identifiers, only in strings and comments.
郢ｧ・ｷ郢ｧ・ｹ郢昴・ﾎ堤ｸｺ・ｧ髢ｾ・ｪ陝ｾ・ｱ郢晏生縺帷ｹ晏現竊醍ｸｺ・ｩ郢ｧ螳壹・陷肴・・ｪ蟠趣ｽｭ蛟･笘・ｹｧ荵昶螺郢ｧ竏堋竏ｽ・ｻ・･闕ｳ荵昴・霓､・ｹ邵ｺ・ｫ雎包ｽｨ隲｢荳奇ｼ邵ｺ・ｦ隰ｨ・ｴ陟厄ｽ｢邵ｺ蜉ｱ窶ｻ邵ｺ荳岩味
邵ｺ霈費ｼ樒ｸｲ繝ｻ ^
lib/ui/widgets/training_form.dart:140:3:
Error: The non-ASCII character '郢昴・ (U+30C6) can't be used in identifiers, only in strings and comments.
郢ｧ・ｷ郢ｧ・ｹ郢昴・ﾎ堤ｸｺ・ｧ髢ｾ・ｪ陝ｾ・ｱ郢晏生縺帷ｹ晏現竊醍ｸｺ・ｩ郢ｧ螳壹・陷肴・・ｪ蟠趣ｽｭ蛟･笘・ｹｧ荵昶螺郢ｧ竏堋竏ｽ・ｻ・･闕ｳ荵昴・霓､・ｹ邵ｺ・ｫ雎包ｽｨ隲｢荳奇ｼ邵ｺ・ｦ隰ｨ・ｴ陟厄ｽ｢邵ｺ蜉ｱ窶ｻ邵ｺ荳岩味
邵ｺ霈費ｼ樒ｸｲ繝ｻ  ^
lib/ui/widgets/training_form.dart:140:4:
Error: The non-ASCII character '郢晢｣ｰ' (U+30E0) can't be used in identifiers, only in strings and comments.
郢ｧ・ｷ郢ｧ・ｹ郢昴・ﾎ堤ｸｺ・ｧ髢ｾ・ｪ陝ｾ・ｱ郢晏生縺帷ｹ晏現竊醍ｸｺ・ｩ郢ｧ螳壹・陷肴・・ｪ蟠趣ｽｭ蛟･笘・ｹｧ荵昶螺郢ｧ竏堋竏ｽ・ｻ・･闕ｳ荵昴・霓､・ｹ邵ｺ・ｫ雎包ｽｨ隲｢荳奇ｼ邵ｺ・ｦ隰ｨ・ｴ陟厄ｽ｢邵ｺ蜉ｱ窶ｻ邵ｺ荳岩味
邵ｺ霈費ｼ樒ｸｲ繝ｻ   ^
lib/ui/widgets/training_form.dart:140:5:
Error: The non-ASCII character '邵ｺ・ｧ' (U+3067) can't be used in identifiers, only in strings and comments.
郢ｧ・ｷ郢ｧ・ｹ郢昴・ﾎ堤ｸｺ・ｧ髢ｾ・ｪ陝ｾ・ｱ郢晏生縺帷ｹ晏現竊醍ｸｺ・ｩ郢ｧ螳壹・陷肴・・ｪ蟠趣ｽｭ蛟･笘・ｹｧ荵昶螺郢ｧ竏堋竏ｽ・ｻ・･闕ｳ荵昴・霓､・ｹ邵ｺ・ｫ雎包ｽｨ隲｢荳奇ｼ邵ｺ・ｦ隰ｨ・ｴ陟厄ｽ｢邵ｺ蜉ｱ窶ｻ邵ｺ荳岩味
邵ｺ霈費ｼ樒ｸｲ繝ｻ    ^
lib/ui/widgets/training_form.dart:140:6:
Error: The non-ASCII character '髢ｾ・ｪ' (U+81EA) can't be used in identifiers, only in strings and comments.
郢ｧ・ｷ郢ｧ・ｹ郢昴・ﾎ堤ｸｺ・ｧ髢ｾ・ｪ陝ｾ・ｱ郢晏生縺帷ｹ晏現竊醍ｸｺ・ｩ郢ｧ螳壹・陷肴・・ｪ蟠趣ｽｭ蛟･笘・ｹｧ荵昶螺郢ｧ竏堋竏ｽ・ｻ・･闕ｳ荵昴・霓､・ｹ邵ｺ・ｫ雎包ｽｨ隲｢荳奇ｼ邵ｺ・ｦ隰ｨ・ｴ陟厄ｽ｢邵ｺ蜉ｱ窶ｻ邵ｺ荳岩味
邵ｺ霈費ｼ樒ｸｲ繝ｻ     ^
lib/ui/widgets/training_form.dart:140:7:
Error: The non-ASCII character '陝ｾ・ｱ' (U+5DF1) can't be used in identifiers, only in strings and comments.
郢ｧ・ｷ郢ｧ・ｹ郢昴・ﾎ堤ｸｺ・ｧ髢ｾ・ｪ陝ｾ・ｱ郢晏生縺帷ｹ晏現竊醍ｸｺ・ｩ郢ｧ螳壹・陷肴・・ｪ蟠趣ｽｭ蛟･笘・ｹｧ荵昶螺郢ｧ竏堋竏ｽ・ｻ・･闕ｳ荵昴・霓､・ｹ邵ｺ・ｫ雎包ｽｨ隲｢荳奇ｼ邵ｺ・ｦ隰ｨ・ｴ陟厄ｽ｢邵ｺ蜉ｱ窶ｻ邵ｺ荳岩味
邵ｺ霈費ｼ樒ｸｲ繝ｻ      ^
lib/ui/widgets/training_form.dart:140:8:
Error: The non-ASCII character '郢昴・ (U+30D9) can't be used in identifiers, only in strings and comments.
郢ｧ・ｷ郢ｧ・ｹ郢昴・ﾎ堤ｸｺ・ｧ髢ｾ・ｪ陝ｾ・ｱ郢晏生縺帷ｹ晏現竊醍ｸｺ・ｩ郢ｧ螳壹・陷肴・・ｪ蟠趣ｽｭ蛟･笘・ｹｧ荵昶螺郢ｧ竏堋竏ｽ・ｻ・･闕ｳ荵昴・霓､・ｹ邵ｺ・ｫ雎包ｽｨ隲｢荳奇ｼ邵ｺ・ｦ隰ｨ・ｴ陟厄ｽ｢邵ｺ蜉ｱ窶ｻ邵ｺ荳岩味
邵ｺ霈費ｼ樒ｸｲ繝ｻ       ^
lib/ui/widgets/training_form.dart:140:9:
Error: The non-ASCII character '郢ｧ・ｹ' (U+30B9) can't be used in identifiers, only in strings and comments.
郢ｧ・ｷ郢ｧ・ｹ郢昴・ﾎ堤ｸｺ・ｧ髢ｾ・ｪ陝ｾ・ｱ郢晏生縺帷ｹ晏現竊醍ｸｺ・ｩ郢ｧ螳壹・陷肴・・ｪ蟠趣ｽｭ蛟･笘・ｹｧ荵昶螺郢ｧ竏堋竏ｽ・ｻ・･闕ｳ荵昴・霓､・ｹ邵ｺ・ｫ雎包ｽｨ隲｢荳奇ｼ邵ｺ・ｦ隰ｨ・ｴ陟厄ｽ｢邵ｺ蜉ｱ窶ｻ邵ｺ荳岩味
邵ｺ霈費ｼ樒ｸｲ繝ｻ        ^
lib/ui/widgets/training_form.dart:140:10:
Error: The non-ASCII character '郢昴・ (U+30C8) can't be used in identifiers, only in strings and comments.
郢ｧ・ｷ郢ｧ・ｹ郢昴・ﾎ堤ｸｺ・ｧ髢ｾ・ｪ陝ｾ・ｱ郢晏生縺帷ｹ晏現竊醍ｸｺ・ｩ郢ｧ螳壹・陷肴・・ｪ蟠趣ｽｭ蛟･笘・ｹｧ荵昶螺郢ｧ竏堋竏ｽ・ｻ・･闕ｳ荵昴・霓､・ｹ邵ｺ・ｫ雎包ｽｨ隲｢荳奇ｼ邵ｺ・ｦ隰ｨ・ｴ陟厄ｽ｢邵ｺ蜉ｱ窶ｻ邵ｺ荳岩味
邵ｺ霈費ｼ樒ｸｲ繝ｻ         ^
lib/ui/widgets/training_form.dart:140:11:
Error: The non-ASCII character '邵ｺ・ｪ' (U+306A) can't be used in identifiers, only in strings and comments.
郢ｧ・ｷ郢ｧ・ｹ郢昴・ﾎ堤ｸｺ・ｧ髢ｾ・ｪ陝ｾ・ｱ郢晏生縺帷ｹ晏現竊醍ｸｺ・ｩ郢ｧ螳壹・陷肴・・ｪ蟠趣ｽｭ蛟･笘・ｹｧ荵昶螺郢ｧ竏堋竏ｽ・ｻ・･闕ｳ荵昴・霓､・ｹ邵ｺ・ｫ雎包ｽｨ隲｢荳奇ｼ邵ｺ・ｦ隰ｨ・ｴ陟厄ｽ｢邵ｺ蜉ｱ窶ｻ邵ｺ荳岩味
邵ｺ霈費ｼ樒ｸｲ繝ｻ          ^
lib/ui/widgets/training_form.dart:140:12:
Error: The non-ASCII character '邵ｺ・ｩ' (U+3069) can't be used in identifiers, only in strings and comments.
郢ｧ・ｷ郢ｧ・ｹ郢昴・ﾎ堤ｸｺ・ｧ髢ｾ・ｪ陝ｾ・ｱ郢晏生縺帷ｹ晏現竊醍ｸｺ・ｩ郢ｧ螳壹・陷肴・・ｪ蟠趣ｽｭ蛟･笘・ｹｧ荵昶螺郢ｧ竏堋竏ｽ・ｻ・･闕ｳ荵昴・霓､・ｹ邵ｺ・ｫ雎包ｽｨ隲｢荳奇ｼ邵ｺ・ｦ隰ｨ・ｴ陟厄ｽ｢邵ｺ蜉ｱ窶ｻ邵ｺ荳岩味
邵ｺ霈費ｼ樒ｸｲ繝ｻ           ^
lib/ui/widgets/training_form.dart:140:13:
Error: The non-ASCII character '郢ｧ繝ｻ (U+3092) can't be used in identifiers, only in strings and comments.
郢ｧ・ｷ郢ｧ・ｹ郢昴・ﾎ堤ｸｺ・ｧ髢ｾ・ｪ陝ｾ・ｱ郢晏生縺帷ｹ晏現竊醍ｸｺ・ｩ郢ｧ螳壹・陷肴・・ｪ蟠趣ｽｭ蛟･笘・ｹｧ荵昶螺郢ｧ竏堋竏ｽ・ｻ・･闕ｳ荵昴・霓､・ｹ邵ｺ・ｫ雎包ｽｨ隲｢荳奇ｼ邵ｺ・ｦ隰ｨ・ｴ陟厄ｽ｢邵ｺ蜉ｱ窶ｻ邵ｺ荳岩味
邵ｺ霈費ｼ樒ｸｲ繝ｻ            ^
lib/ui/widgets/training_form.dart:140:14:
Error: The non-ASCII character '髢ｾ・ｪ' (U+81EA) can't be used in identifiers, only in strings and comments.
郢ｧ・ｷ郢ｧ・ｹ郢昴・ﾎ堤ｸｺ・ｧ髢ｾ・ｪ陝ｾ・ｱ郢晏生縺帷ｹ晏現竊醍ｸｺ・ｩ郢ｧ螳壹・陷肴・・ｪ蟠趣ｽｭ蛟･笘・ｹｧ荵昶螺郢ｧ竏堋竏ｽ・ｻ・･闕ｳ荵昴・霓､・ｹ邵ｺ・ｫ雎包ｽｨ隲｢荳奇ｼ邵ｺ・ｦ隰ｨ・ｴ陟厄ｽ｢邵ｺ蜉ｱ窶ｻ邵ｺ荳岩味
邵ｺ霈費ｼ樒ｸｲ繝ｻ             ^
lib/ui/widgets/training_form.dart:140:15:
Error: The non-ASCII character '陷阪・ (U+52D5) can't be used in identifiers, only in strings and comments.
郢ｧ・ｷ郢ｧ・ｹ郢昴・ﾎ堤ｸｺ・ｧ髢ｾ・ｪ陝ｾ・ｱ郢晏生縺帷ｹ晏現竊醍ｸｺ・ｩ郢ｧ螳壹・陷肴・・ｪ蟠趣ｽｭ蛟･笘・ｹｧ荵昶螺郢ｧ竏堋竏ｽ・ｻ・･闕ｳ荵昴・霓､・ｹ邵ｺ・ｫ雎包ｽｨ隲｢荳奇ｼ邵ｺ・ｦ隰ｨ・ｴ陟厄ｽ｢邵ｺ蜉ｱ窶ｻ邵ｺ荳岩味
邵ｺ霈費ｼ樒ｸｲ繝ｻ              ^
lib/ui/widgets/training_form.dart:140:16:
Error: The non-ASCII character '髫ｱ繝ｻ (U+8A8D) can't be used in identifiers, only in strings and comments.
郢ｧ・ｷ郢ｧ・ｹ郢昴・ﾎ堤ｸｺ・ｧ髢ｾ・ｪ陝ｾ・ｱ郢晏生縺帷ｹ晏現竊醍ｸｺ・ｩ郢ｧ螳壹・陷肴・・ｪ蟠趣ｽｭ蛟･笘・ｹｧ荵昶螺郢ｧ竏堋竏ｽ・ｻ・･闕ｳ荵昴・霓､・ｹ邵ｺ・ｫ雎包ｽｨ隲｢荳奇ｼ邵ｺ・ｦ隰ｨ・ｴ陟厄ｽ｢邵ｺ蜉ｱ窶ｻ邵ｺ荳岩味
邵ｺ霈費ｼ樒ｸｲ繝ｻ               ^
lib/ui/widgets/training_form.dart:140:17:
Error: The non-ASCII character '髫ｴ繝ｻ (U+8B58) can't be used in identifiers, only in strings and comments.
郢ｧ・ｷ郢ｧ・ｹ郢昴・ﾎ堤ｸｺ・ｧ髢ｾ・ｪ陝ｾ・ｱ郢晏生縺帷ｹ晏現竊醍ｸｺ・ｩ郢ｧ螳壹・陷肴・・ｪ蟠趣ｽｭ蛟･笘・ｹｧ荵昶螺郢ｧ竏堋竏ｽ・ｻ・･闕ｳ荵昴・霓､・ｹ邵ｺ・ｫ雎包ｽｨ隲｢荳奇ｼ邵ｺ・ｦ隰ｨ・ｴ陟厄ｽ｢邵ｺ蜉ｱ窶ｻ邵ｺ荳岩味
邵ｺ霈費ｼ樒ｸｲ繝ｻ                ^
lib/ui/widgets/training_form.dart:140:18:
Error: The non-ASCII character '邵ｺ繝ｻ (U+3059) can't be used in identifiers, only in strings and comments.
郢ｧ・ｷ郢ｧ・ｹ郢昴・ﾎ堤ｸｺ・ｧ髢ｾ・ｪ陝ｾ・ｱ郢晏生縺帷ｹ晏現竊醍ｸｺ・ｩ郢ｧ螳壹・陷肴・・ｪ蟠趣ｽｭ蛟･笘・ｹｧ荵昶螺郢ｧ竏堋竏ｽ・ｻ・･闕ｳ荵昴・霓､・ｹ邵ｺ・ｫ雎包ｽｨ隲｢荳奇ｼ邵ｺ・ｦ隰ｨ・ｴ陟厄ｽ｢邵ｺ蜉ｱ窶ｻ邵ｺ荳岩味
邵ｺ霈費ｼ樒ｸｲ繝ｻ                 ^
lib/ui/widgets/training_form.dart:140:19:
Error: The non-ASCII character '郢ｧ繝ｻ (U+308B) can't be used in identifiers, only in strings and comments.
郢ｧ・ｷ郢ｧ・ｹ郢昴・ﾎ堤ｸｺ・ｧ髢ｾ・ｪ陝ｾ・ｱ郢晏生縺帷ｹ晏現竊醍ｸｺ・ｩ郢ｧ螳壹・陷肴・・ｪ蟠趣ｽｭ蛟･笘・ｹｧ荵昶螺郢ｧ竏堋竏ｽ・ｻ・･闕ｳ荵昴・霓､・ｹ邵ｺ・ｫ雎包ｽｨ隲｢荳奇ｼ邵ｺ・ｦ隰ｨ・ｴ陟厄ｽ｢邵ｺ蜉ｱ窶ｻ邵ｺ荳岩味
邵ｺ霈費ｼ樒ｸｲ繝ｻ                  ^
lib/ui/widgets/training_form.dart:140:20:
Error: The non-ASCII character '邵ｺ繝ｻ (U+305F) can't be used in identifiers, only in strings and comments.
郢ｧ・ｷ郢ｧ・ｹ郢昴・ﾎ堤ｸｺ・ｧ髢ｾ・ｪ陝ｾ・ｱ郢晏生縺帷ｹ晏現竊醍ｸｺ・ｩ郢ｧ螳壹・陷肴・・ｪ蟠趣ｽｭ蛟･笘・ｹｧ荵昶螺郢ｧ竏堋竏ｽ・ｻ・･闕ｳ荵昴・霓､・ｹ邵ｺ・ｫ雎包ｽｨ隲｢荳奇ｼ邵ｺ・ｦ隰ｨ・ｴ陟厄ｽ｢邵ｺ蜉ｱ窶ｻ邵ｺ荳岩味
邵ｺ霈費ｼ樒ｸｲ繝ｻ                   ^
lib/ui/widgets/training_form.dart:140:21:
Error: The non-ASCII character '郢ｧ繝ｻ (U+3081) can't be used in identifiers, only in strings and comments.
郢ｧ・ｷ郢ｧ・ｹ郢昴・ﾎ堤ｸｺ・ｧ髢ｾ・ｪ陝ｾ・ｱ郢晏生縺帷ｹ晏現竊醍ｸｺ・ｩ郢ｧ螳壹・陷肴・・ｪ蟠趣ｽｭ蛟･笘・ｹｧ荵昶螺郢ｧ竏堋竏ｽ・ｻ・･闕ｳ荵昴・霓､・ｹ邵ｺ・ｫ雎包ｽｨ隲｢荳奇ｼ邵ｺ・ｦ隰ｨ・ｴ陟厄ｽ｢邵ｺ蜉ｱ窶ｻ邵ｺ荳岩味
邵ｺ霈費ｼ樒ｸｲ繝ｻ                    ^
lib/ui/widgets/training_form.dart:140:22:
Error: The non-ASCII character '邵ｲ繝ｻ (U+3001) can't be used in identifiers, only in strings and comments.
郢ｧ・ｷ郢ｧ・ｹ郢昴・ﾎ堤ｸｺ・ｧ髢ｾ・ｪ陝ｾ・ｱ郢晏生縺帷ｹ晏現竊醍ｸｺ・ｩ郢ｧ螳壹・陷肴・・ｪ蟠趣ｽｭ蛟･笘・ｹｧ荵昶螺郢ｧ竏堋竏ｽ・ｻ・･闕ｳ荵昴・霓､・ｹ邵ｺ・ｫ雎包ｽｨ隲｢荳奇ｼ邵ｺ・ｦ隰ｨ・ｴ陟厄ｽ｢邵ｺ蜉ｱ窶ｻ邵ｺ荳岩味
邵ｺ霈費ｼ樒ｸｲ繝ｻ                     ^
lib/ui/widgets/training_form.dart:140:23:
Error: The non-ASCII character '闔会ｽ･' (U+4EE5) can't be used in identifiers, only in strings and comments.
郢ｧ・ｷ郢ｧ・ｹ郢昴・ﾎ堤ｸｺ・ｧ髢ｾ・ｪ陝ｾ・ｱ郢晏生縺帷ｹ晏現竊醍ｸｺ・ｩ郢ｧ螳壹・陷肴・・ｪ蟠趣ｽｭ蛟･笘・ｹｧ荵昶螺郢ｧ竏堋竏ｽ・ｻ・･闕ｳ荵昴・霓､・ｹ邵ｺ・ｫ雎包ｽｨ隲｢荳奇ｼ邵ｺ・ｦ隰ｨ・ｴ陟厄ｽ｢邵ｺ蜉ｱ窶ｻ邵ｺ荳岩味
邵ｺ霈費ｼ樒ｸｲ繝ｻ                      ^
lib/ui/widgets/training_form.dart:140:24:
Error: The non-ASCII character '闕ｳ繝ｻ (U+4E0B) can't be used in identifiers, only in strings and comments.
郢ｧ・ｷ郢ｧ・ｹ郢昴・ﾎ堤ｸｺ・ｧ髢ｾ・ｪ陝ｾ・ｱ郢晏生縺帷ｹ晏現竊醍ｸｺ・ｩ郢ｧ螳壹・陷肴・・ｪ蟠趣ｽｭ蛟･笘・ｹｧ荵昶螺郢ｧ竏堋竏ｽ・ｻ・･闕ｳ荵昴・霓､・ｹ邵ｺ・ｫ雎包ｽｨ隲｢荳奇ｼ邵ｺ・ｦ隰ｨ・ｴ陟厄ｽ｢邵ｺ蜉ｱ窶ｻ邵ｺ荳岩味
邵ｺ霈費ｼ樒ｸｲ繝ｻ                       ^
lib/ui/widgets/training_form.dart:140:25:
Error: The non-ASCII character '邵ｺ・ｮ' (U+306E) can't be used in identifiers, only in strings and comments.
郢ｧ・ｷ郢ｧ・ｹ郢昴・ﾎ堤ｸｺ・ｧ髢ｾ・ｪ陝ｾ・ｱ郢晏生縺帷ｹ晏現竊醍ｸｺ・ｩ郢ｧ螳壹・陷肴・・ｪ蟠趣ｽｭ蛟･笘・ｹｧ荵昶螺郢ｧ竏堋竏ｽ・ｻ・･闕ｳ荵昴・霓､・ｹ邵ｺ・ｫ雎包ｽｨ隲｢荳奇ｼ邵ｺ・ｦ隰ｨ・ｴ陟厄ｽ｢邵ｺ蜉ｱ窶ｻ邵ｺ荳岩味
邵ｺ霈費ｼ樒ｸｲ繝ｻ                        ^
lib/ui/widgets/training_form.dart:140:26:
Error: The non-ASCII character '霓､・ｹ' (U+70B9) can't be used in identifiers, only in strings and comments.
郢ｧ・ｷ郢ｧ・ｹ郢昴・ﾎ堤ｸｺ・ｧ髢ｾ・ｪ陝ｾ・ｱ郢晏生縺帷ｹ晏現竊醍ｸｺ・ｩ郢ｧ螳壹・陷肴・・ｪ蟠趣ｽｭ蛟･笘・ｹｧ荵昶螺郢ｧ竏堋竏ｽ・ｻ・･闕ｳ荵昴・霓､・ｹ邵ｺ・ｫ雎包ｽｨ隲｢荳奇ｼ邵ｺ・ｦ隰ｨ・ｴ陟厄ｽ｢邵ｺ蜉ｱ窶ｻ邵ｺ荳岩味
邵ｺ霈費ｼ樒ｸｲ繝ｻ                         ^
lib/ui/widgets/training_form.dart:140:27:
Error: The non-ASCII character '邵ｺ・ｫ' (U+306B) can't be used in identifiers, only in strings and comments.
郢ｧ・ｷ郢ｧ・ｹ郢昴・ﾎ堤ｸｺ・ｧ髢ｾ・ｪ陝ｾ・ｱ郢晏生縺帷ｹ晏現竊醍ｸｺ・ｩ郢ｧ螳壹・陷肴・・ｪ蟠趣ｽｭ蛟･笘・ｹｧ荵昶螺郢ｧ竏堋竏ｽ・ｻ・･闕ｳ荵昴・霓､・ｹ邵ｺ・ｫ雎包ｽｨ隲｢荳奇ｼ邵ｺ・ｦ隰ｨ・ｴ陟厄ｽ｢邵ｺ蜉ｱ窶ｻ邵ｺ荳岩味
邵ｺ霈費ｼ樒ｸｲ繝ｻ                          ^
lib/ui/widgets/training_form.dart:140:28:
Error: The non-ASCII character '雎包ｽｨ' (U+6CE8) can't be used in identifiers, only in strings and comments.
郢ｧ・ｷ郢ｧ・ｹ郢昴・ﾎ堤ｸｺ・ｧ髢ｾ・ｪ陝ｾ・ｱ郢晏生縺帷ｹ晏現竊醍ｸｺ・ｩ郢ｧ螳壹・陷肴・・ｪ蟠趣ｽｭ蛟･笘・ｹｧ荵昶螺郢ｧ竏堋竏ｽ・ｻ・･闕ｳ荵昴・霓､・ｹ邵ｺ・ｫ雎包ｽｨ隲｢荳奇ｼ邵ｺ・ｦ隰ｨ・ｴ陟厄ｽ｢邵ｺ蜉ｱ窶ｻ邵ｺ荳岩味
邵ｺ霈費ｼ樒ｸｲ繝ｻ                           ^
lib/ui/widgets/training_form.dart:140:29:
Error: The non-ASCII character '隲｢繝ｻ (U+610F) can't be used in identifiers, only in strings and comments.
郢ｧ・ｷ郢ｧ・ｹ郢昴・ﾎ堤ｸｺ・ｧ髢ｾ・ｪ陝ｾ・ｱ郢晏生縺帷ｹ晏現竊醍ｸｺ・ｩ郢ｧ螳壹・陷肴・・ｪ蟠趣ｽｭ蛟･笘・ｹｧ荵昶螺郢ｧ竏堋竏ｽ・ｻ・･闕ｳ荵昴・霓､・ｹ邵ｺ・ｫ雎包ｽｨ隲｢荳奇ｼ邵ｺ・ｦ隰ｨ・ｴ陟厄ｽ｢邵ｺ蜉ｱ窶ｻ邵ｺ荳岩味
邵ｺ霈費ｼ樒ｸｲ繝ｻ                            ^
lib/ui/widgets/training_form.dart:140:30:
Error: The non-ASCII character '邵ｺ繝ｻ (U+3057) can't be used in identifiers, only in strings and comments.
郢ｧ・ｷ郢ｧ・ｹ郢昴・ﾎ堤ｸｺ・ｧ髢ｾ・ｪ陝ｾ・ｱ郢晏生縺帷ｹ晏現竊醍ｸｺ・ｩ郢ｧ螳壹・陷肴・・ｪ蟠趣ｽｭ蛟･笘・ｹｧ荵昶螺郢ｧ竏堋竏ｽ・ｻ・･闕ｳ荵昴・霓､・ｹ邵ｺ・ｫ雎包ｽｨ隲｢荳奇ｼ邵ｺ・ｦ隰ｨ・ｴ陟厄ｽ｢邵ｺ蜉ｱ窶ｻ邵ｺ荳岩味
邵ｺ霈費ｼ樒ｸｲ繝ｻ                             ^
lib/ui/widgets/training_form.dart:140:31:
Error: The non-ASCII character '邵ｺ・ｦ' (U+3066) can't be used in identifiers, only in strings and comments.
郢ｧ・ｷ郢ｧ・ｹ郢昴・ﾎ堤ｸｺ・ｧ髢ｾ・ｪ陝ｾ・ｱ郢晏生縺帷ｹ晏現竊醍ｸｺ・ｩ郢ｧ螳壹・陷肴・・ｪ蟠趣ｽｭ蛟･笘・ｹｧ荵昶螺郢ｧ竏堋竏ｽ・ｻ・･闕ｳ荵昴・霓､・ｹ邵ｺ・ｫ雎包ｽｨ隲｢荳奇ｼ邵ｺ・ｦ隰ｨ・ｴ陟厄ｽ｢邵ｺ蜉ｱ窶ｻ邵ｺ荳岩味
邵ｺ霈費ｼ樒ｸｲ繝ｻ                              ^
lib/ui/widgets/training_form.dart:140:32:
Error: The non-ASCII character '隰ｨ・ｴ' (U+6574) can't be used in identifiers, only in strings and comments.
郢ｧ・ｷ郢ｧ・ｹ郢昴・ﾎ堤ｸｺ・ｧ髢ｾ・ｪ陝ｾ・ｱ郢晏生縺帷ｹ晏現竊醍ｸｺ・ｩ郢ｧ螳壹・陷肴・・ｪ蟠趣ｽｭ蛟･笘・ｹｧ荵昶螺郢ｧ竏堋竏ｽ・ｻ・･闕ｳ荵昴・霓､・ｹ邵ｺ・ｫ雎包ｽｨ隲｢荳奇ｼ邵ｺ・ｦ隰ｨ・ｴ陟厄ｽ｢邵ｺ蜉ｱ窶ｻ邵ｺ荳岩味
邵ｺ霈費ｼ樒ｸｲ繝ｻ                               ^
lib/ui/widgets/training_form.dart:140:33:
Error: The non-ASCII character '陟厄ｽ｢' (U+5F62) can't be used in identifiers, only in strings and comments.
郢ｧ・ｷ郢ｧ・ｹ郢昴・ﾎ堤ｸｺ・ｧ髢ｾ・ｪ陝ｾ・ｱ郢晏生縺帷ｹ晏現竊醍ｸｺ・ｩ郢ｧ螳壹・陷肴・・ｪ蟠趣ｽｭ蛟･笘・ｹｧ荵昶螺郢ｧ竏堋竏ｽ・ｻ・･闕ｳ荵昴・霓､・ｹ邵ｺ・ｫ雎包ｽｨ隲｢荳奇ｼ邵ｺ・ｦ隰ｨ・ｴ陟厄ｽ｢邵ｺ蜉ｱ窶ｻ邵ｺ荳岩味
邵ｺ霈費ｼ樒ｸｲ繝ｻ                                ^
lib/ui/widgets/training_form.dart:140:34:
Error: The non-ASCII character '邵ｺ繝ｻ (U+3057) can't be used in identifiers, only in strings and comments.
郢ｧ・ｷ郢ｧ・ｹ郢昴・ﾎ堤ｸｺ・ｧ髢ｾ・ｪ陝ｾ・ｱ郢晏生縺帷ｹ晏現竊醍ｸｺ・ｩ郢ｧ螳壹・陷肴・・ｪ蟠趣ｽｭ蛟･笘・ｹｧ荵昶螺郢ｧ竏堋竏ｽ・ｻ・･闕ｳ荵昴・霓､・ｹ邵ｺ・ｫ雎包ｽｨ隲｢荳奇ｼ邵ｺ・ｦ隰ｨ・ｴ陟厄ｽ｢邵ｺ蜉ｱ窶ｻ邵ｺ荳岩味
邵ｺ霈費ｼ樒ｸｲ繝ｻ                                 ^
lib/ui/widgets/training_form.dart:140:35:
Error: The non-ASCII character '邵ｺ・ｦ' (U+3066) can't be used in identifiers, only in strings and comments.
郢ｧ・ｷ郢ｧ・ｹ郢昴・ﾎ堤ｸｺ・ｧ髢ｾ・ｪ陝ｾ・ｱ郢晏生縺帷ｹ晏現竊醍ｸｺ・ｩ郢ｧ螳壹・陷肴・・ｪ蟠趣ｽｭ蛟･笘・ｹｧ荵昶螺郢ｧ竏堋竏ｽ・ｻ・･闕ｳ荵昴・霓､・ｹ邵ｺ・ｫ雎包ｽｨ隲｢荳奇ｼ邵ｺ・ｦ隰ｨ・ｴ陟厄ｽ｢邵ｺ蜉ｱ窶ｻ邵ｺ荳岩味
邵ｺ霈費ｼ樒ｸｲ繝ｻ                                  ^
lib/ui/widgets/training_form.dart:140:36:
Error: The non-ASCII character '邵ｺ繝ｻ (U+304F) can't be used in identifiers, only in strings and comments.
郢ｧ・ｷ郢ｧ・ｹ郢昴・ﾎ堤ｸｺ・ｧ髢ｾ・ｪ陝ｾ・ｱ郢晏生縺帷ｹ晏現竊醍ｸｺ・ｩ郢ｧ螳壹・陷肴・・ｪ蟠趣ｽｭ蛟･笘・ｹｧ荵昶螺郢ｧ竏堋竏ｽ・ｻ・･闕ｳ荵昴・霓､・ｹ邵ｺ・ｫ雎包ｽｨ隲｢荳奇ｼ邵ｺ・ｦ隰ｨ・ｴ陟厄ｽ｢邵ｺ蜉ｱ窶ｻ邵ｺ荳岩味
邵ｺ霈費ｼ樒ｸｲ繝ｻ                                   ^
lib/ui/widgets/training_form.dart:140:37:
Error: The non-ASCII character '邵ｺ・ｰ' (U+3060) can't be used in identifiers, only in strings and comments.
郢ｧ・ｷ郢ｧ・ｹ郢昴・ﾎ堤ｸｺ・ｧ髢ｾ・ｪ陝ｾ・ｱ郢晏生縺帷ｹ晏現竊醍ｸｺ・ｩ郢ｧ螳壹・陷肴・・ｪ蟠趣ｽｭ蛟･笘・ｹｧ荵昶螺郢ｧ竏堋竏ｽ・ｻ・･闕ｳ荵昴・霓､・ｹ邵ｺ・ｫ雎包ｽｨ隲｢荳奇ｼ邵ｺ・ｦ隰ｨ・ｴ陟厄ｽ｢邵ｺ蜉ｱ窶ｻ邵ｺ荳岩味
邵ｺ霈費ｼ樒ｸｲ繝ｻ                                    ^
lib/ui/widgets/training_form.dart:140:38:
Error: The non-ASCII character '邵ｺ繝ｻ (U+3055) can't be used in identifiers, only in strings and comments.
郢ｧ・ｷ郢ｧ・ｹ郢昴・ﾎ堤ｸｺ・ｧ髢ｾ・ｪ陝ｾ・ｱ郢晏生縺帷ｹ晏現竊醍ｸｺ・ｩ郢ｧ螳壹・陷肴・・ｪ蟠趣ｽｭ蛟･笘・ｹｧ荵昶螺郢ｧ竏堋竏ｽ・ｻ・･闕ｳ荵昴・霓､・ｹ邵ｺ・ｫ雎包ｽｨ隲｢荳奇ｼ邵ｺ・ｦ隰ｨ・ｴ陟厄ｽ｢邵ｺ蜉ｱ窶ｻ邵ｺ荳岩味
邵ｺ霈費ｼ樒ｸｲ繝ｻ                                     ^
lib/ui/widgets/training_form.dart:140:39:
Error: The non-ASCII character '邵ｺ繝ｻ (U+3044) can't be used in identifiers, only in strings and comments.
郢ｧ・ｷ郢ｧ・ｹ郢昴・ﾎ堤ｸｺ・ｧ髢ｾ・ｪ陝ｾ・ｱ郢晏生縺帷ｹ晏現竊醍ｸｺ・ｩ郢ｧ螳壹・陷肴・・ｪ蟠趣ｽｭ蛟･笘・ｹｧ荵昶螺郢ｧ竏堋竏ｽ・ｻ・･闕ｳ荵昴・霓､・ｹ邵ｺ・ｫ雎包ｽｨ隲｢荳奇ｼ邵ｺ・ｦ隰ｨ・ｴ陟厄ｽ｢邵ｺ蜉ｱ窶ｻ邵ｺ荳岩味
邵ｺ霈費ｼ樒ｸｲ繝ｻ                                      ^
lib/ui/widgets/training_form.dart:140:40:
Error: The non-ASCII character '邵ｲ繝ｻ (U+3002) can't be used in identifiers, only in strings and comments.
郢ｧ・ｷ郢ｧ・ｹ郢昴・ﾎ堤ｸｺ・ｧ髢ｾ・ｪ陝ｾ・ｱ郢晏生縺帷ｹ晏現竊醍ｸｺ・ｩ郢ｧ螳壹・陷肴・・ｪ蟠趣ｽｭ蛟･笘・ｹｧ荵昶螺郢ｧ竏堋竏ｽ・ｻ・･闕ｳ荵昴・霓､・ｹ邵ｺ・ｫ雎包ｽｨ隲｢荳奇ｼ邵ｺ・ｦ隰ｨ・ｴ陟厄ｽ｢邵ｺ蜉ｱ窶ｻ邵ｺ荳岩味
邵ｺ霈費ｼ樒ｸｲ繝ｻ                                       ^
lib/ui/widgets/training_form.dart:141:4:
Error: The non-ASCII character '陷ｷ繝ｻ (U+5404) can't be used in identifiers, only in strings and comments.
1. 陷ｷ繝ｻ繝ｨ郢晢ｽｬ郢晢ｽｼ郢昜ｹ斟ｦ郢ｧ・ｰ邵ｺ・ｮ邵ｲ讙趣ｽｨ・ｮ騾ｶ・ｮ陷ｷ髦ｪﾂ髦ｪ・・髯ｦ讙主ｲｼ邵ｺ・ｫ隴厄ｽｸ邵ｺ繝ｻ   ^
lib/ui/widgets/training_form.dart:141:5:
Error: The non-ASCII character '郢昴・ (U+30C8) can't be used in identifiers, only in strings and comments.
1. 陷ｷ繝ｻ繝ｨ郢晢ｽｬ郢晢ｽｼ郢昜ｹ斟ｦ郢ｧ・ｰ邵ｺ・ｮ邵ｲ讙趣ｽｨ・ｮ騾ｶ・ｮ陷ｷ髦ｪﾂ髦ｪ・・髯ｦ讙主ｲｼ邵ｺ・ｫ隴厄ｽｸ邵ｺ繝ｻ    ^
lib/ui/widgets/training_form.dart:141:6:
Error: The non-ASCII character '郢晢ｽｬ' (U+30EC) can't be used in identifiers, only in strings and comments.
1. 陷ｷ繝ｻ繝ｨ郢晢ｽｬ郢晢ｽｼ郢昜ｹ斟ｦ郢ｧ・ｰ邵ｺ・ｮ邵ｲ讙趣ｽｨ・ｮ騾ｶ・ｮ陷ｷ髦ｪﾂ髦ｪ・・髯ｦ讙主ｲｼ邵ｺ・ｫ隴厄ｽｸ邵ｺ繝ｻ     ^
lib/ui/widgets/training_form.dart:141:7:
Error: The non-ASCII character '郢晢ｽｼ' (U+30FC) can't be used in identifiers, only in strings and comments.
1. 陷ｷ繝ｻ繝ｨ郢晢ｽｬ郢晢ｽｼ郢昜ｹ斟ｦ郢ｧ・ｰ邵ｺ・ｮ邵ｲ讙趣ｽｨ・ｮ騾ｶ・ｮ陷ｷ髦ｪﾂ髦ｪ・・髯ｦ讙主ｲｼ邵ｺ・ｫ隴厄ｽｸ邵ｺ繝ｻ      ^
lib/ui/widgets/training_form.dart:141:8:
Error: The non-ASCII character '郢昴・ (U+30CB) can't be used in identifiers, only in strings and comments.
1. 陷ｷ繝ｻ繝ｨ郢晢ｽｬ郢晢ｽｼ郢昜ｹ斟ｦ郢ｧ・ｰ邵ｺ・ｮ邵ｲ讙趣ｽｨ・ｮ騾ｶ・ｮ陷ｷ髦ｪﾂ髦ｪ・・髯ｦ讙主ｲｼ邵ｺ・ｫ隴厄ｽｸ邵ｺ繝ｻ       ^
lib/ui/widgets/training_form.dart:141:9:
Error: The non-ASCII character '郢晢ｽｳ' (U+30F3) can't be used in identifiers, only in strings and comments.
1. 陷ｷ繝ｻ繝ｨ郢晢ｽｬ郢晢ｽｼ郢昜ｹ斟ｦ郢ｧ・ｰ邵ｺ・ｮ邵ｲ讙趣ｽｨ・ｮ騾ｶ・ｮ陷ｷ髦ｪﾂ髦ｪ・・髯ｦ讙主ｲｼ邵ｺ・ｫ隴厄ｽｸ邵ｺ繝ｻ        ^
lib/ui/widgets/training_form.dart:141:10:
Error: The non-ASCII character '郢ｧ・ｰ' (U+30B0) can't be used in identifiers, only in strings and comments.
1. 陷ｷ繝ｻ繝ｨ郢晢ｽｬ郢晢ｽｼ郢昜ｹ斟ｦ郢ｧ・ｰ邵ｺ・ｮ邵ｲ讙趣ｽｨ・ｮ騾ｶ・ｮ陷ｷ髦ｪﾂ髦ｪ・・髯ｦ讙主ｲｼ邵ｺ・ｫ隴厄ｽｸ邵ｺ繝ｻ         ^
lib/ui/widgets/training_form.dart:141:11:
Error: The non-ASCII character '邵ｺ・ｮ' (U+306E) can't be used in identifiers, only in strings and comments.
1. 陷ｷ繝ｻ繝ｨ郢晢ｽｬ郢晢ｽｼ郢昜ｹ斟ｦ郢ｧ・ｰ邵ｺ・ｮ邵ｲ讙趣ｽｨ・ｮ騾ｶ・ｮ陷ｷ髦ｪﾂ髦ｪ・・髯ｦ讙主ｲｼ邵ｺ・ｫ隴厄ｽｸ邵ｺ繝ｻ          ^
lib/ui/widgets/training_form.dart:141:12:
Error: The non-ASCII character '邵ｲ繝ｻ (U+300C) can't be used in identifiers, only in strings and comments.
1. 陷ｷ繝ｻ繝ｨ郢晢ｽｬ郢晢ｽｼ郢昜ｹ斟ｦ郢ｧ・ｰ邵ｺ・ｮ邵ｲ讙趣ｽｨ・ｮ騾ｶ・ｮ陷ｷ髦ｪﾂ髦ｪ・・髯ｦ讙主ｲｼ邵ｺ・ｫ隴厄ｽｸ邵ｺ繝ｻ           ^
lib/ui/widgets/training_form.dart:141:13:
Error: The non-ASCII character '驕橸ｽｮ' (U+7A2E) can't be used in identifiers, only in strings and comments.
1. 陷ｷ繝ｻ繝ｨ郢晢ｽｬ郢晢ｽｼ郢昜ｹ斟ｦ郢ｧ・ｰ邵ｺ・ｮ邵ｲ讙趣ｽｨ・ｮ騾ｶ・ｮ陷ｷ髦ｪﾂ髦ｪ・・髯ｦ讙主ｲｼ邵ｺ・ｫ隴厄ｽｸ邵ｺ繝ｻ            ^
lib/ui/widgets/training_form.dart:141:14:
Error: The non-ASCII character '騾ｶ・ｮ' (U+76EE) can't be used in identifiers, only in strings and comments.
1. 陷ｷ繝ｻ繝ｨ郢晢ｽｬ郢晢ｽｼ郢昜ｹ斟ｦ郢ｧ・ｰ邵ｺ・ｮ邵ｲ讙趣ｽｨ・ｮ騾ｶ・ｮ陷ｷ髦ｪﾂ髦ｪ・・髯ｦ讙主ｲｼ邵ｺ・ｫ隴厄ｽｸ邵ｺ繝ｻ             ^
lib/ui/widgets/training_form.dart:141:15:
Error: The non-ASCII character '陷ｷ繝ｻ (U+540D) can't be used in identifiers, only in strings and comments.
1. 陷ｷ繝ｻ繝ｨ郢晢ｽｬ郢晢ｽｼ郢昜ｹ斟ｦ郢ｧ・ｰ邵ｺ・ｮ邵ｲ讙趣ｽｨ・ｮ騾ｶ・ｮ陷ｷ髦ｪﾂ髦ｪ・・髯ｦ讙主ｲｼ邵ｺ・ｫ隴厄ｽｸ邵ｺ繝ｻ              ^
lib/ui/widgets/training_form.dart:141:16:
Error: The non-ASCII character '邵ｲ繝ｻ (U+300D) can't be used in identifiers, only in strings and comments.
1. 陷ｷ繝ｻ繝ｨ郢晢ｽｬ郢晢ｽｼ郢昜ｹ斟ｦ郢ｧ・ｰ邵ｺ・ｮ邵ｲ讙趣ｽｨ・ｮ騾ｶ・ｮ陷ｷ髦ｪﾂ髦ｪ・・髯ｦ讙主ｲｼ邵ｺ・ｫ隴厄ｽｸ邵ｺ繝ｻ               ^
lib/ui/widgets/training_form.dart:141:17:
Error: The non-ASCII character '郢ｧ繝ｻ (U+3092) can't be used in identifiers, only in strings and comments.
1. 陷ｷ繝ｻ繝ｨ郢晢ｽｬ郢晢ｽｼ郢昜ｹ斟ｦ郢ｧ・ｰ邵ｺ・ｮ邵ｲ讙趣ｽｨ・ｮ騾ｶ・ｮ陷ｷ髦ｪﾂ髦ｪ・・髯ｦ讙主ｲｼ邵ｺ・ｫ隴厄ｽｸ邵ｺ繝ｻ                ^
lib/ui/widgets/training_form.dart:141:19:
Error: The non-ASCII character '髯ｦ繝ｻ (U+884C) can't be used in identifiers, only in strings and comments.
1. 陷ｷ繝ｻ繝ｨ郢晢ｽｬ郢晢ｽｼ郢昜ｹ斟ｦ郢ｧ・ｰ邵ｺ・ｮ邵ｲ讙趣ｽｨ・ｮ騾ｶ・ｮ陷ｷ髦ｪﾂ髦ｪ・・髯ｦ讙主ｲｼ邵ｺ・ｫ隴厄ｽｸ邵ｺ繝ｻ                  ^
lib/ui/widgets/training_form.dart:141:20:
Error: The non-ASCII character '騾ｶ・ｮ' (U+76EE) can't be used in identifiers, only in strings and comments.
1. 陷ｷ繝ｻ繝ｨ郢晢ｽｬ郢晢ｽｼ郢昜ｹ斟ｦ郢ｧ・ｰ邵ｺ・ｮ邵ｲ讙趣ｽｨ・ｮ騾ｶ・ｮ陷ｷ髦ｪﾂ髦ｪ・・髯ｦ讙主ｲｼ邵ｺ・ｫ隴厄ｽｸ邵ｺ繝ｻ                   ^
lib/ui/widgets/training_form.dart:141:21:
Error: The non-ASCII character '邵ｺ・ｫ' (U+306B) can't be used in identifiers, only in strings and comments.
1. 陷ｷ繝ｻ繝ｨ郢晢ｽｬ郢晢ｽｼ郢昜ｹ斟ｦ郢ｧ・ｰ邵ｺ・ｮ邵ｲ讙趣ｽｨ・ｮ騾ｶ・ｮ陷ｷ髦ｪﾂ髦ｪ・・髯ｦ讙主ｲｼ邵ｺ・ｫ隴厄ｽｸ邵ｺ繝ｻ                    ^
lib/ui/widgets/training_form.dart:141:22:
Error: The non-ASCII character '隴厄ｽｸ' (U+66F8) can't be used in identifiers, only in strings and comments.
1. 陷ｷ繝ｻ繝ｨ郢晢ｽｬ郢晢ｽｼ郢昜ｹ斟ｦ郢ｧ・ｰ邵ｺ・ｮ邵ｲ讙趣ｽｨ・ｮ騾ｶ・ｮ陷ｷ髦ｪﾂ髦ｪ・・髯ｦ讙主ｲｼ邵ｺ・ｫ隴厄ｽｸ邵ｺ繝ｻ                     ^
lib/ui/widgets/training_form.dart:141:23:
Error: The non-ASCII character '邵ｺ繝ｻ (U+304F) can't be used in identifiers, only in strings and comments.
1. 陷ｷ繝ｻ繝ｨ郢晢ｽｬ郢晢ｽｼ郢昜ｹ斟ｦ郢ｧ・ｰ邵ｺ・ｮ邵ｲ讙趣ｽｨ・ｮ騾ｶ・ｮ陷ｷ髦ｪﾂ髦ｪ・・髯ｦ讙主ｲｼ邵ｺ・ｫ隴厄ｽｸ邵ｺ繝ｻ                      ^
lib/ui/widgets/training_form.dart:142:4:
Error: The non-ASCII character '邵ｺ繝ｻ (U+305D) can't be used in identifiers, only in strings and comments.
2. 邵ｺ譏ｴ繝ｻ闕ｳ荵昶・陷ｷ繝ｻ縺晉ｹ昴・繝ｨ邵ｺ・ｮ隲繝ｻ・ｰ・ｱ郢ｧ蛛ｵﾂ繝ｻ郢ｧ・ｻ郢昴・繝ｨ騾ｶ・ｮ 30.0kg 10陜玲ｧｭﾂ髦ｪ繝ｻ郢ｧ蛹ｻ竕ｧ邵ｺ・ｫ隴厄ｽｸ邵ｺ繝ｻ   ^
lib/ui/widgets/training_form.dart:142:5:
Error: The non-ASCII character '邵ｺ・ｮ' (U+306E) can't be used in identifiers, only in strings and comments.
2. 邵ｺ譏ｴ繝ｻ闕ｳ荵昶・陷ｷ繝ｻ縺晉ｹ昴・繝ｨ邵ｺ・ｮ隲繝ｻ・ｰ・ｱ郢ｧ蛛ｵﾂ繝ｻ郢ｧ・ｻ郢昴・繝ｨ騾ｶ・ｮ 30.0kg 10陜玲ｧｭﾂ髦ｪ繝ｻ郢ｧ蛹ｻ竕ｧ邵ｺ・ｫ隴厄ｽｸ邵ｺ繝ｻ    ^
lib/ui/widgets/training_form.dart:142:6:
Error: The non-ASCII character '闕ｳ繝ｻ (U+4E0B) can't be used in identifiers, only in strings and comments.
2. 邵ｺ譏ｴ繝ｻ闕ｳ荵昶・陷ｷ繝ｻ縺晉ｹ昴・繝ｨ邵ｺ・ｮ隲繝ｻ・ｰ・ｱ郢ｧ蛛ｵﾂ繝ｻ郢ｧ・ｻ郢昴・繝ｨ騾ｶ・ｮ 30.0kg 10陜玲ｧｭﾂ髦ｪ繝ｻ郢ｧ蛹ｻ竕ｧ邵ｺ・ｫ隴厄ｽｸ邵ｺ繝ｻ     ^
lib/ui/widgets/training_form.dart:142:7:
Error: The non-ASCII character '邵ｺ・ｫ' (U+306B) can't be used in identifiers, only in strings and comments.
2. 邵ｺ譏ｴ繝ｻ闕ｳ荵昶・陷ｷ繝ｻ縺晉ｹ昴・繝ｨ邵ｺ・ｮ隲繝ｻ・ｰ・ｱ郢ｧ蛛ｵﾂ繝ｻ郢ｧ・ｻ郢昴・繝ｨ騾ｶ・ｮ 30.0kg 10陜玲ｧｭﾂ髦ｪ繝ｻ郢ｧ蛹ｻ竕ｧ邵ｺ・ｫ隴厄ｽｸ邵ｺ繝ｻ      ^
lib/ui/widgets/training_form.dart:142:8:
Error: The non-ASCII character '陷ｷ繝ｻ (U+5404) can't be used in identifiers, only in strings and comments.
2. 邵ｺ譏ｴ繝ｻ闕ｳ荵昶・陷ｷ繝ｻ縺晉ｹ昴・繝ｨ邵ｺ・ｮ隲繝ｻ・ｰ・ｱ郢ｧ蛛ｵﾂ繝ｻ郢ｧ・ｻ郢昴・繝ｨ騾ｶ・ｮ 30.0kg 10陜玲ｧｭﾂ髦ｪ繝ｻ郢ｧ蛹ｻ竕ｧ邵ｺ・ｫ隴厄ｽｸ邵ｺ繝ｻ       ^
lib/ui/widgets/training_form.dart:142:9:
Error: The non-ASCII character '郢ｧ・ｻ' (U+30BB) can't be used in identifiers, only in strings and comments.
2. 邵ｺ譏ｴ繝ｻ闕ｳ荵昶・陷ｷ繝ｻ縺晉ｹ昴・繝ｨ邵ｺ・ｮ隲繝ｻ・ｰ・ｱ郢ｧ蛛ｵﾂ繝ｻ郢ｧ・ｻ郢昴・繝ｨ騾ｶ・ｮ 30.0kg 10陜玲ｧｭﾂ髦ｪ繝ｻ郢ｧ蛹ｻ竕ｧ邵ｺ・ｫ隴厄ｽｸ邵ｺ繝ｻ        ^
lib/ui/widgets/training_form.dart:142:10:
Error: The non-ASCII character '郢昴・ (U+30C3) can't be used in identifiers, only in strings and comments.
2. 邵ｺ譏ｴ繝ｻ闕ｳ荵昶・陷ｷ繝ｻ縺晉ｹ昴・繝ｨ邵ｺ・ｮ隲繝ｻ・ｰ・ｱ郢ｧ蛛ｵﾂ繝ｻ郢ｧ・ｻ郢昴・繝ｨ騾ｶ・ｮ 30.0kg 10陜玲ｧｭﾂ髦ｪ繝ｻ郢ｧ蛹ｻ竕ｧ邵ｺ・ｫ隴厄ｽｸ邵ｺ繝ｻ         ^
lib/ui/widgets/training_form.dart:142:11:
Error: The non-ASCII character '郢昴・ (U+30C8) can't be used in identifiers, only in strings and comments.
2. 邵ｺ譏ｴ繝ｻ闕ｳ荵昶・陷ｷ繝ｻ縺晉ｹ昴・繝ｨ邵ｺ・ｮ隲繝ｻ・ｰ・ｱ郢ｧ蛛ｵﾂ繝ｻ郢ｧ・ｻ郢昴・繝ｨ騾ｶ・ｮ 30.0kg 10陜玲ｧｭﾂ髦ｪ繝ｻ郢ｧ蛹ｻ竕ｧ邵ｺ・ｫ隴厄ｽｸ邵ｺ繝ｻ          ^
lib/ui/widgets/training_form.dart:142:12:
Error: The non-ASCII character '邵ｺ・ｮ' (U+306E) can't be used in identifiers, only in strings and comments.
2. 邵ｺ譏ｴ繝ｻ闕ｳ荵昶・陷ｷ繝ｻ縺晉ｹ昴・繝ｨ邵ｺ・ｮ隲繝ｻ・ｰ・ｱ郢ｧ蛛ｵﾂ繝ｻ郢ｧ・ｻ郢昴・繝ｨ騾ｶ・ｮ 30.0kg 10陜玲ｧｭﾂ髦ｪ繝ｻ郢ｧ蛹ｻ竕ｧ邵ｺ・ｫ隴厄ｽｸ邵ｺ繝ｻ           ^
lib/ui/widgets/training_form.dart:142:13:
Error: The non-ASCII character '隲繝ｻ (U+60C5) can't be used in identifiers, only in strings and comments.
2. 邵ｺ譏ｴ繝ｻ闕ｳ荵昶・陷ｷ繝ｻ縺晉ｹ昴・繝ｨ邵ｺ・ｮ隲繝ｻ・ｰ・ｱ郢ｧ蛛ｵﾂ繝ｻ郢ｧ・ｻ郢昴・繝ｨ騾ｶ・ｮ 30.0kg 10陜玲ｧｭﾂ髦ｪ繝ｻ郢ｧ蛹ｻ竕ｧ邵ｺ・ｫ隴厄ｽｸ邵ｺ繝ｻ            ^
lib/ui/widgets/training_form.dart:142:14:
Error: The non-ASCII character '陜｣・ｱ' (U+5831) can't be used in identifiers, only in strings and comments.
2. 邵ｺ譏ｴ繝ｻ闕ｳ荵昶・陷ｷ繝ｻ縺晉ｹ昴・繝ｨ邵ｺ・ｮ隲繝ｻ・ｰ・ｱ郢ｧ蛛ｵﾂ繝ｻ郢ｧ・ｻ郢昴・繝ｨ騾ｶ・ｮ 30.0kg 10陜玲ｧｭﾂ髦ｪ繝ｻ郢ｧ蛹ｻ竕ｧ邵ｺ・ｫ隴厄ｽｸ邵ｺ繝ｻ             ^
lib/ui/widgets/training_form.dart:142:15:
Error: The non-ASCII character '郢ｧ繝ｻ (U+3092) can't be used in identifiers, only in strings and comments.
2. 邵ｺ譏ｴ繝ｻ闕ｳ荵昶・陷ｷ繝ｻ縺晉ｹ昴・繝ｨ邵ｺ・ｮ隲繝ｻ・ｰ・ｱ郢ｧ蛛ｵﾂ繝ｻ郢ｧ・ｻ郢昴・繝ｨ騾ｶ・ｮ 30.0kg 10陜玲ｧｭﾂ髦ｪ繝ｻ郢ｧ蛹ｻ竕ｧ邵ｺ・ｫ隴厄ｽｸ邵ｺ繝ｻ              ^
lib/ui/widgets/training_form.dart:142:16:
Error: The non-ASCII character '邵ｲ繝ｻ (U+300C) can't be used in identifiers, only in strings and comments.
2. 邵ｺ譏ｴ繝ｻ闕ｳ荵昶・陷ｷ繝ｻ縺晉ｹ昴・繝ｨ邵ｺ・ｮ隲繝ｻ・ｰ・ｱ郢ｧ蛛ｵﾂ繝ｻ郢ｧ・ｻ郢昴・繝ｨ騾ｶ・ｮ 30.0kg 10陜玲ｧｭﾂ髦ｪ繝ｻ郢ｧ蛹ｻ竕ｧ邵ｺ・ｫ隴厄ｽｸ邵ｺ繝ｻ               ^
lib/ui/widgets/training_form.dart:142:18:
Error: The non-ASCII character '郢ｧ・ｻ' (U+30BB) can't be used in identifiers, only in strings and comments.
2. 邵ｺ譏ｴ繝ｻ闕ｳ荵昶・陷ｷ繝ｻ縺晉ｹ昴・繝ｨ邵ｺ・ｮ隲繝ｻ・ｰ・ｱ郢ｧ蛛ｵﾂ繝ｻ郢ｧ・ｻ郢昴・繝ｨ騾ｶ・ｮ 30.0kg 10陜玲ｧｭﾂ髦ｪ繝ｻ郢ｧ蛹ｻ竕ｧ邵ｺ・ｫ隴厄ｽｸ邵ｺ繝ｻ                 ^
lib/ui/widgets/training_form.dart:142:19:
Error: The non-ASCII character '郢昴・ (U+30C3) can't be used in identifiers, only in strings and comments.
2. 邵ｺ譏ｴ繝ｻ闕ｳ荵昶・陷ｷ繝ｻ縺晉ｹ昴・繝ｨ邵ｺ・ｮ隲繝ｻ・ｰ・ｱ郢ｧ蛛ｵﾂ繝ｻ郢ｧ・ｻ郢昴・繝ｨ騾ｶ・ｮ 30.0kg 10陜玲ｧｭﾂ髦ｪ繝ｻ郢ｧ蛹ｻ竕ｧ邵ｺ・ｫ隴厄ｽｸ邵ｺ繝ｻ                  ^
lib/ui/widgets/training_form.dart:142:20:
Error: The non-ASCII character '郢昴・ (U+30C8) can't be used in identifiers, only in strings and comments.
2. 邵ｺ譏ｴ繝ｻ闕ｳ荵昶・陷ｷ繝ｻ縺晉ｹ昴・繝ｨ邵ｺ・ｮ隲繝ｻ・ｰ・ｱ郢ｧ蛛ｵﾂ繝ｻ郢ｧ・ｻ郢昴・繝ｨ騾ｶ・ｮ 30.0kg 10陜玲ｧｭﾂ髦ｪ繝ｻ郢ｧ蛹ｻ竕ｧ邵ｺ・ｫ隴厄ｽｸ邵ｺ繝ｻ                   ^
lib/ui/widgets/training_form.dart:142:21:
Error: The non-ASCII character '騾ｶ・ｮ' (U+76EE) can't be used in identifiers, only in strings and comments.
2. 邵ｺ譏ｴ繝ｻ闕ｳ荵昶・陷ｷ繝ｻ縺晉ｹ昴・繝ｨ邵ｺ・ｮ隲繝ｻ・ｰ・ｱ郢ｧ蛛ｵﾂ繝ｻ郢ｧ・ｻ郢昴・繝ｨ騾ｶ・ｮ 30.0kg 10陜玲ｧｭﾂ髦ｪ繝ｻ郢ｧ蛹ｻ竕ｧ邵ｺ・ｫ隴厄ｽｸ邵ｺ繝ｻ                    ^
lib/ui/widgets/training_form.dart:142:32:
Error: The non-ASCII character '陜励・ (U+56DE) can't be used in identifiers, only in strings and comments.
2. 邵ｺ譏ｴ繝ｻ闕ｳ荵昶・陷ｷ繝ｻ縺晉ｹ昴・繝ｨ邵ｺ・ｮ隲繝ｻ・ｰ・ｱ郢ｧ蛛ｵﾂ繝ｻ郢ｧ・ｻ郢昴・繝ｨ騾ｶ・ｮ 30.0kg 10陜玲ｧｭﾂ髦ｪ繝ｻ郢ｧ蛹ｻ竕ｧ邵ｺ・ｫ隴厄ｽｸ邵ｺ繝ｻ                       
        ^
lib/ui/widgets/training_form.dart:142:33:
Error: The non-ASCII character '邵ｲ繝ｻ (U+300D) can't be used in identifiers, only in strings and comments.
2. 邵ｺ譏ｴ繝ｻ闕ｳ荵昶・陷ｷ繝ｻ縺晉ｹ昴・繝ｨ邵ｺ・ｮ隲繝ｻ・ｰ・ｱ郢ｧ蛛ｵﾂ繝ｻ郢ｧ・ｻ郢昴・繝ｨ騾ｶ・ｮ 30.0kg 10陜玲ｧｭﾂ髦ｪ繝ｻ郢ｧ蛹ｻ竕ｧ邵ｺ・ｫ隴厄ｽｸ邵ｺ繝ｻ                       
         ^
lib/ui/widgets/training_form.dart:142:34:
Error: The non-ASCII character '邵ｺ・ｮ' (U+306E) can't be used in identifiers, only in strings and comments.
2. 邵ｺ譏ｴ繝ｻ闕ｳ荵昶・陷ｷ繝ｻ縺晉ｹ昴・繝ｨ邵ｺ・ｮ隲繝ｻ・ｰ・ｱ郢ｧ蛛ｵﾂ繝ｻ郢ｧ・ｻ郢昴・繝ｨ騾ｶ・ｮ 30.0kg 10陜玲ｧｭﾂ髦ｪ繝ｻ郢ｧ蛹ｻ竕ｧ邵ｺ・ｫ隴厄ｽｸ邵ｺ繝ｻ                       
          ^
lib/ui/widgets/training_form.dart:142:35:
Error: The non-ASCII character '郢ｧ繝ｻ (U+3088) can't be used in identifiers, only in strings and comments.
2. 邵ｺ譏ｴ繝ｻ闕ｳ荵昶・陷ｷ繝ｻ縺晉ｹ昴・繝ｨ邵ｺ・ｮ隲繝ｻ・ｰ・ｱ郢ｧ蛛ｵﾂ繝ｻ郢ｧ・ｻ郢昴・繝ｨ騾ｶ・ｮ 30.0kg 10陜玲ｧｭﾂ髦ｪ繝ｻ郢ｧ蛹ｻ竕ｧ邵ｺ・ｫ隴厄ｽｸ邵ｺ繝ｻ                       
           ^
lib/ui/widgets/training_form.dart:142:36:
Error: The non-ASCII character '邵ｺ繝ｻ (U+3046) can't be used in identifiers, only in strings and comments.
2. 邵ｺ譏ｴ繝ｻ闕ｳ荵昶・陷ｷ繝ｻ縺晉ｹ昴・繝ｨ邵ｺ・ｮ隲繝ｻ・ｰ・ｱ郢ｧ蛛ｵﾂ繝ｻ郢ｧ・ｻ郢昴・繝ｨ騾ｶ・ｮ 30.0kg 10陜玲ｧｭﾂ髦ｪ繝ｻ郢ｧ蛹ｻ竕ｧ邵ｺ・ｫ隴厄ｽｸ邵ｺ繝ｻ                       
            ^
lib/ui/widgets/training_form.dart:142:37:
Error: The non-ASCII character '邵ｺ・ｫ' (U+306B) can't be used in identifiers, only in strings and comments.
2. 邵ｺ譏ｴ繝ｻ闕ｳ荵昶・陷ｷ繝ｻ縺晉ｹ昴・繝ｨ邵ｺ・ｮ隲繝ｻ・ｰ・ｱ郢ｧ蛛ｵﾂ繝ｻ郢ｧ・ｻ郢昴・繝ｨ騾ｶ・ｮ 30.0kg 10陜玲ｧｭﾂ髦ｪ繝ｻ郢ｧ蛹ｻ竕ｧ邵ｺ・ｫ隴厄ｽｸ邵ｺ繝ｻ                       
             ^
lib/ui/widgets/training_form.dart:142:38:
Error: The non-ASCII character '隴厄ｽｸ' (U+66F8) can't be used in identifiers, only in strings and comments.
2. 邵ｺ譏ｴ繝ｻ闕ｳ荵昶・陷ｷ繝ｻ縺晉ｹ昴・繝ｨ邵ｺ・ｮ隲繝ｻ・ｰ・ｱ郢ｧ蛛ｵﾂ繝ｻ郢ｧ・ｻ郢昴・繝ｨ騾ｶ・ｮ 30.0kg 10陜玲ｧｭﾂ髦ｪ繝ｻ郢ｧ蛹ｻ竕ｧ邵ｺ・ｫ隴厄ｽｸ邵ｺ繝ｻ                       
              ^
lib/ui/widgets/training_form.dart:142:39:
Error: The non-ASCII character '邵ｺ繝ｻ (U+304F) can't be used in identifiers, only in strings and comments.
2. 邵ｺ譏ｴ繝ｻ闕ｳ荵昶・陷ｷ繝ｻ縺晉ｹ昴・繝ｨ邵ｺ・ｮ隲繝ｻ・ｰ・ｱ郢ｧ蛛ｵﾂ繝ｻ郢ｧ・ｻ郢昴・繝ｨ騾ｶ・ｮ 30.0kg 10陜玲ｧｭﾂ髦ｪ繝ｻ郢ｧ蛹ｻ竕ｧ邵ｺ・ｫ隴厄ｽｸ邵ｺ繝ｻ                       
               ^
lib/ui/widgets/training_form.dart:143:4:
Error: The non-ASCII character '驕橸ｽｮ' (U+7A2E) can't be used in identifiers, only in strings and comments.
3. 驕橸ｽｮ騾ｶ・ｮ邵ｺ謔滂ｽ､蟲ｨ・冗ｹｧ蜿･・ｰ・ｴ陷ｷ蛹ｻ繝ｻ邵ｲ竏ｵ逵邵ｺ蜉ｱ・樣◇・ｮ騾ｶ・ｮ陷ｷ髦ｪ・・髯ｦ譴ｧ蠍檎ｸｺ繝ｻ窶ｻ邵ｺ荵晢ｽ臥ｹｧ・ｻ郢昴・繝ｨ隲繝ｻ・ｰ・ｱ郢ｧ蝣､・ｶ螢ｹ・郢ｧ繝ｻ   ^
lib/ui/widgets/training_form.dart:143:5:
Error: The non-ASCII character '騾ｶ・ｮ' (U+76EE) can't be used in identifiers, only in strings and comments.
3. 驕橸ｽｮ騾ｶ・ｮ邵ｺ謔滂ｽ､蟲ｨ・冗ｹｧ蜿･・ｰ・ｴ陷ｷ蛹ｻ繝ｻ邵ｲ竏ｵ逵邵ｺ蜉ｱ・樣◇・ｮ騾ｶ・ｮ陷ｷ髦ｪ・・髯ｦ譴ｧ蠍檎ｸｺ繝ｻ窶ｻ邵ｺ荵晢ｽ臥ｹｧ・ｻ郢昴・繝ｨ隲繝ｻ・ｰ・ｱ郢ｧ蝣､・ｶ螢ｹ・郢ｧ繝ｻ    ^
lib/ui/widgets/training_form.dart:143:6:
Error: The non-ASCII character '邵ｺ繝ｻ (U+304C) can't be used in identifiers, only in strings and comments.
3. 驕橸ｽｮ騾ｶ・ｮ邵ｺ謔滂ｽ､蟲ｨ・冗ｹｧ蜿･・ｰ・ｴ陷ｷ蛹ｻ繝ｻ邵ｲ竏ｵ逵邵ｺ蜉ｱ・樣◇・ｮ騾ｶ・ｮ陷ｷ髦ｪ・・髯ｦ譴ｧ蠍檎ｸｺ繝ｻ窶ｻ邵ｺ荵晢ｽ臥ｹｧ・ｻ郢昴・繝ｨ隲繝ｻ・ｰ・ｱ郢ｧ蝣､・ｶ螢ｹ・郢ｧ繝ｻ     ^
lib/ui/widgets/training_form.dart:143:7:
Error: The non-ASCII character '陞溘・ (U+5909) can't be used in identifiers, only in strings and comments.
3. 驕橸ｽｮ騾ｶ・ｮ邵ｺ謔滂ｽ､蟲ｨ・冗ｹｧ蜿･・ｰ・ｴ陷ｷ蛹ｻ繝ｻ邵ｲ竏ｵ逵邵ｺ蜉ｱ・樣◇・ｮ騾ｶ・ｮ陷ｷ髦ｪ・・髯ｦ譴ｧ蠍檎ｸｺ繝ｻ窶ｻ邵ｺ荵晢ｽ臥ｹｧ・ｻ郢昴・繝ｨ隲繝ｻ・ｰ・ｱ郢ｧ蝣､・ｶ螢ｹ・郢ｧ繝ｻ      ^
lib/ui/widgets/training_form.dart:143:8:
Error: The non-ASCII character '郢ｧ繝ｻ (U+308F) can't be used in identifiers, only in strings and comments.
3. 驕橸ｽｮ騾ｶ・ｮ邵ｺ謔滂ｽ､蟲ｨ・冗ｹｧ蜿･・ｰ・ｴ陷ｷ蛹ｻ繝ｻ邵ｲ竏ｵ逵邵ｺ蜉ｱ・樣◇・ｮ騾ｶ・ｮ陷ｷ髦ｪ・・髯ｦ譴ｧ蠍檎ｸｺ繝ｻ窶ｻ邵ｺ荵晢ｽ臥ｹｧ・ｻ郢昴・繝ｨ隲繝ｻ・ｰ・ｱ郢ｧ蝣､・ｶ螢ｹ・郢ｧ繝ｻ       ^
lib/ui/widgets/training_form.dart:143:9:
Error: The non-ASCII character '郢ｧ繝ｻ (U+308B) can't be used in identifiers, only in strings and comments.
3. 驕橸ｽｮ騾ｶ・ｮ邵ｺ謔滂ｽ､蟲ｨ・冗ｹｧ蜿･・ｰ・ｴ陷ｷ蛹ｻ繝ｻ邵ｲ竏ｵ逵邵ｺ蜉ｱ・樣◇・ｮ騾ｶ・ｮ陷ｷ髦ｪ・・髯ｦ譴ｧ蠍檎ｸｺ繝ｻ窶ｻ邵ｺ荵晢ｽ臥ｹｧ・ｻ郢昴・繝ｨ隲繝ｻ・ｰ・ｱ郢ｧ蝣､・ｶ螢ｹ・郢ｧ繝ｻ        ^
lib/ui/widgets/training_form.dart:143:10:
Error: The non-ASCII character '陜｣・ｴ' (U+5834) can't be used in identifiers, only in strings and comments.
3. 驕橸ｽｮ騾ｶ・ｮ邵ｺ謔滂ｽ､蟲ｨ・冗ｹｧ蜿･・ｰ・ｴ陷ｷ蛹ｻ繝ｻ邵ｲ竏ｵ逵邵ｺ蜉ｱ・樣◇・ｮ騾ｶ・ｮ陷ｷ髦ｪ・・髯ｦ譴ｧ蠍檎ｸｺ繝ｻ窶ｻ邵ｺ荵晢ｽ臥ｹｧ・ｻ郢昴・繝ｨ隲繝ｻ・ｰ・ｱ郢ｧ蝣､・ｶ螢ｹ・郢ｧ繝ｻ         ^
lib/ui/widgets/training_form.dart:143:11:
Error: The non-ASCII character '陷ｷ繝ｻ (U+5408) can't be used in identifiers, only in strings and comments.
3. 驕橸ｽｮ騾ｶ・ｮ邵ｺ謔滂ｽ､蟲ｨ・冗ｹｧ蜿･・ｰ・ｴ陷ｷ蛹ｻ繝ｻ邵ｲ竏ｵ逵邵ｺ蜉ｱ・樣◇・ｮ騾ｶ・ｮ陷ｷ髦ｪ・・髯ｦ譴ｧ蠍檎ｸｺ繝ｻ窶ｻ邵ｺ荵晢ｽ臥ｹｧ・ｻ郢昴・繝ｨ隲繝ｻ・ｰ・ｱ郢ｧ蝣､・ｶ螢ｹ・郢ｧ繝ｻ          
^
lib/ui/widgets/training_form.dart:143:12:
Error: The non-ASCII character '邵ｺ・ｯ' (U+306F) can't be used in identifiers, only in strings and comments.
3. 驕橸ｽｮ騾ｶ・ｮ邵ｺ謔滂ｽ､蟲ｨ・冗ｹｧ蜿･・ｰ・ｴ陷ｷ蛹ｻ繝ｻ邵ｲ竏ｵ逵邵ｺ蜉ｱ・樣◇・ｮ騾ｶ・ｮ陷ｷ髦ｪ・・髯ｦ譴ｧ蠍檎ｸｺ繝ｻ窶ｻ邵ｺ荵晢ｽ臥ｹｧ・ｻ郢昴・繝ｨ隲繝ｻ・ｰ・ｱ郢ｧ蝣､・ｶ螢ｹ・郢ｧ繝ｻ          
 ^
lib/ui/widgets/training_form.dart:143:13:
Error: The non-ASCII character '邵ｲ繝ｻ (U+3001) can't be used in identifiers, only in strings and comments.
3. 驕橸ｽｮ騾ｶ・ｮ邵ｺ謔滂ｽ､蟲ｨ・冗ｹｧ蜿･・ｰ・ｴ陷ｷ蛹ｻ繝ｻ邵ｲ竏ｵ逵邵ｺ蜉ｱ・樣◇・ｮ騾ｶ・ｮ陷ｷ髦ｪ・・髯ｦ譴ｧ蠍檎ｸｺ繝ｻ窶ｻ邵ｺ荵晢ｽ臥ｹｧ・ｻ郢昴・繝ｨ隲繝ｻ・ｰ・ｱ郢ｧ蝣､・ｶ螢ｹ・郢ｧ繝ｻ          
  ^
lib/ui/widgets/training_form.dart:143:14:
Error: The non-ASCII character '隴・ｽｰ' (U+65B0) can't be used in identifiers, only in strings and comments.
3. 驕橸ｽｮ騾ｶ・ｮ邵ｺ謔滂ｽ､蟲ｨ・冗ｹｧ蜿･・ｰ・ｴ陷ｷ蛹ｻ繝ｻ邵ｲ竏ｵ逵邵ｺ蜉ｱ・樣◇・ｮ騾ｶ・ｮ陷ｷ髦ｪ・・髯ｦ譴ｧ蠍檎ｸｺ繝ｻ窶ｻ邵ｺ荵晢ｽ臥ｹｧ・ｻ郢昴・繝ｨ隲繝ｻ・ｰ・ｱ郢ｧ蝣､・ｶ螢ｹ・郢ｧ繝ｻ          
   ^
lib/ui/widgets/training_form.dart:143:15:
Error: The non-ASCII character '邵ｺ繝ｻ (U+3057) can't be used in identifiers, only in strings and comments.
3. 驕橸ｽｮ騾ｶ・ｮ邵ｺ謔滂ｽ､蟲ｨ・冗ｹｧ蜿･・ｰ・ｴ陷ｷ蛹ｻ繝ｻ邵ｲ竏ｵ逵邵ｺ蜉ｱ・樣◇・ｮ騾ｶ・ｮ陷ｷ髦ｪ・・髯ｦ譴ｧ蠍檎ｸｺ繝ｻ窶ｻ邵ｺ荵晢ｽ臥ｹｧ・ｻ郢昴・繝ｨ隲繝ｻ・ｰ・ｱ郢ｧ蝣､・ｶ螢ｹ・郢ｧ繝ｻ          
    ^
lib/ui/widgets/training_form.dart:143:16:
Error: The non-ASCII character '邵ｺ繝ｻ (U+3044) can't be used in identifiers, only in strings and comments.
3. 驕橸ｽｮ騾ｶ・ｮ邵ｺ謔滂ｽ､蟲ｨ・冗ｹｧ蜿･・ｰ・ｴ陷ｷ蛹ｻ繝ｻ邵ｲ竏ｵ逵邵ｺ蜉ｱ・樣◇・ｮ騾ｶ・ｮ陷ｷ髦ｪ・・髯ｦ譴ｧ蠍檎ｸｺ繝ｻ窶ｻ邵ｺ荵晢ｽ臥ｹｧ・ｻ郢昴・繝ｨ隲繝ｻ・ｰ・ｱ郢ｧ蝣､・ｶ螢ｹ・郢ｧ繝ｻ          
     ^
lib/ui/widgets/training_form.dart:143:17:
Error: The non-ASCII character '驕橸ｽｮ' (U+7A2E) can't be used in identifiers, only in strings and comments.
3. 驕橸ｽｮ騾ｶ・ｮ邵ｺ謔滂ｽ､蟲ｨ・冗ｹｧ蜿･・ｰ・ｴ陷ｷ蛹ｻ繝ｻ邵ｲ竏ｵ逵邵ｺ蜉ｱ・樣◇・ｮ騾ｶ・ｮ陷ｷ髦ｪ・・髯ｦ譴ｧ蠍檎ｸｺ繝ｻ窶ｻ邵ｺ荵晢ｽ臥ｹｧ・ｻ郢昴・繝ｨ隲繝ｻ・ｰ・ｱ郢ｧ蝣､・ｶ螢ｹ・郢ｧ繝ｻ          
      ^
lib/ui/widgets/training_form.dart:143:18:
Error: The non-ASCII character '騾ｶ・ｮ' (U+76EE) can't be used in identifiers, only in strings and comments.
3. 驕橸ｽｮ騾ｶ・ｮ邵ｺ謔滂ｽ､蟲ｨ・冗ｹｧ蜿･・ｰ・ｴ陷ｷ蛹ｻ繝ｻ邵ｲ竏ｵ逵邵ｺ蜉ｱ・樣◇・ｮ騾ｶ・ｮ陷ｷ髦ｪ・・髯ｦ譴ｧ蠍檎ｸｺ繝ｻ窶ｻ邵ｺ荵晢ｽ臥ｹｧ・ｻ郢昴・繝ｨ隲繝ｻ・ｰ・ｱ郢ｧ蝣､・ｶ螢ｹ・郢ｧ繝ｻ          
       ^
lib/ui/widgets/training_form.dart:143:19:
Error: The non-ASCII character '陷ｷ繝ｻ (U+540D) can't be used in identifiers, only in strings and comments.
3. 驕橸ｽｮ騾ｶ・ｮ邵ｺ謔滂ｽ､蟲ｨ・冗ｹｧ蜿･・ｰ・ｴ陷ｷ蛹ｻ繝ｻ邵ｲ竏ｵ逵邵ｺ蜉ｱ・樣◇・ｮ騾ｶ・ｮ陷ｷ髦ｪ・・髯ｦ譴ｧ蠍檎ｸｺ繝ｻ窶ｻ邵ｺ荵晢ｽ臥ｹｧ・ｻ郢昴・繝ｨ隲繝ｻ・ｰ・ｱ郢ｧ蝣､・ｶ螢ｹ・郢ｧ繝ｻ          
        ^
lib/ui/widgets/training_form.dart:143:20:
Error: The non-ASCII character '郢ｧ繝ｻ (U+3092) can't be used in identifiers, only in strings and comments.
3. 驕橸ｽｮ騾ｶ・ｮ邵ｺ謔滂ｽ､蟲ｨ・冗ｹｧ蜿･・ｰ・ｴ陷ｷ蛹ｻ繝ｻ邵ｲ竏ｵ逵邵ｺ蜉ｱ・樣◇・ｮ騾ｶ・ｮ陷ｷ髦ｪ・・髯ｦ譴ｧ蠍檎ｸｺ繝ｻ窶ｻ邵ｺ荵晢ｽ臥ｹｧ・ｻ郢昴・繝ｨ隲繝ｻ・ｰ・ｱ郢ｧ蝣､・ｶ螢ｹ・郢ｧ繝ｻ          
         ^
lib/ui/widgets/training_form.dart:143:22:
Error: The non-ASCII character '髯ｦ繝ｻ (U+884C) can't be used in identifiers, only in strings and comments.
3. 驕橸ｽｮ騾ｶ・ｮ邵ｺ謔滂ｽ､蟲ｨ・冗ｹｧ蜿･・ｰ・ｴ陷ｷ蛹ｻ繝ｻ邵ｲ竏ｵ逵邵ｺ蜉ｱ・樣◇・ｮ騾ｶ・ｮ陷ｷ髦ｪ・・髯ｦ譴ｧ蠍檎ｸｺ繝ｻ窶ｻ邵ｺ荵晢ｽ臥ｹｧ・ｻ郢昴・繝ｨ隲繝ｻ・ｰ・ｱ郢ｧ蝣､・ｶ螢ｹ・郢ｧ繝ｻ          
           ^
lib/ui/widgets/training_form.dart:143:23:
Error: The non-ASCII character '隴厄ｽｸ' (U+66F8) can't be used in identifiers, only in strings and comments.
3. 驕橸ｽｮ騾ｶ・ｮ邵ｺ謔滂ｽ､蟲ｨ・冗ｹｧ蜿･・ｰ・ｴ陷ｷ蛹ｻ繝ｻ邵ｲ竏ｵ逵邵ｺ蜉ｱ・樣◇・ｮ騾ｶ・ｮ陷ｷ髦ｪ・・髯ｦ譴ｧ蠍檎ｸｺ繝ｻ窶ｻ邵ｺ荵晢ｽ臥ｹｧ・ｻ郢昴・繝ｨ隲繝ｻ・ｰ・ｱ郢ｧ蝣､・ｶ螢ｹ・郢ｧ繝ｻ          
            ^
lib/ui/widgets/training_form.dart:143:24:
Error: The non-ASCII character '邵ｺ繝ｻ (U+3044) can't be used in identifiers, only in strings and comments.
3. 驕橸ｽｮ騾ｶ・ｮ邵ｺ謔滂ｽ､蟲ｨ・冗ｹｧ蜿･・ｰ・ｴ陷ｷ蛹ｻ繝ｻ邵ｲ竏ｵ逵邵ｺ蜉ｱ・樣◇・ｮ騾ｶ・ｮ陷ｷ髦ｪ・・髯ｦ譴ｧ蠍檎ｸｺ繝ｻ窶ｻ邵ｺ荵晢ｽ臥ｹｧ・ｻ郢昴・繝ｨ隲繝ｻ・ｰ・ｱ郢ｧ蝣､・ｶ螢ｹ・郢ｧ繝ｻ          
             ^
lib/ui/widgets/training_form.dart:143:25:
Error: The non-ASCII character '邵ｺ・ｦ' (U+3066) can't be used in identifiers, only in strings and comments.
3. 驕橸ｽｮ騾ｶ・ｮ邵ｺ謔滂ｽ､蟲ｨ・冗ｹｧ蜿･・ｰ・ｴ陷ｷ蛹ｻ繝ｻ邵ｲ竏ｵ逵邵ｺ蜉ｱ・樣◇・ｮ騾ｶ・ｮ陷ｷ髦ｪ・・髯ｦ譴ｧ蠍檎ｸｺ繝ｻ窶ｻ邵ｺ荵晢ｽ臥ｹｧ・ｻ郢昴・繝ｨ隲繝ｻ・ｰ・ｱ郢ｧ蝣､・ｶ螢ｹ・郢ｧ繝ｻ          
              ^
lib/ui/widgets/training_form.dart:143:26:
Error: The non-ASCII character '邵ｺ繝ｻ (U+304B) can't be used in identifiers, only in strings and comments.
3. 驕橸ｽｮ騾ｶ・ｮ邵ｺ謔滂ｽ､蟲ｨ・冗ｹｧ蜿･・ｰ・ｴ陷ｷ蛹ｻ繝ｻ邵ｲ竏ｵ逵邵ｺ蜉ｱ・樣◇・ｮ騾ｶ・ｮ陷ｷ髦ｪ・・髯ｦ譴ｧ蠍檎ｸｺ繝ｻ窶ｻ邵ｺ荵晢ｽ臥ｹｧ・ｻ郢昴・繝ｨ隲繝ｻ・ｰ・ｱ郢ｧ蝣､・ｶ螢ｹ・郢ｧ繝ｻ          
               ^
lib/ui/widgets/training_form.dart:143:27:
Error: The non-ASCII character '郢ｧ繝ｻ (U+3089) can't be used in identifiers, only in strings and comments.
3. 驕橸ｽｮ騾ｶ・ｮ邵ｺ謔滂ｽ､蟲ｨ・冗ｹｧ蜿･・ｰ・ｴ陷ｷ蛹ｻ繝ｻ邵ｲ竏ｵ逵邵ｺ蜉ｱ・樣◇・ｮ騾ｶ・ｮ陷ｷ髦ｪ・・髯ｦ譴ｧ蠍檎ｸｺ繝ｻ窶ｻ邵ｺ荵晢ｽ臥ｹｧ・ｻ郢昴・繝ｨ隲繝ｻ・ｰ・ｱ郢ｧ蝣､・ｶ螢ｹ・郢ｧ繝ｻ          
                ^
lib/ui/widgets/training_form.dart:143:28:
Error: The non-ASCII character '郢ｧ・ｻ' (U+30BB) can't be used in identifiers, only in strings and comments.
3. 驕橸ｽｮ騾ｶ・ｮ邵ｺ謔滂ｽ､蟲ｨ・冗ｹｧ蜿･・ｰ・ｴ陷ｷ蛹ｻ繝ｻ邵ｲ竏ｵ逵邵ｺ蜉ｱ・樣◇・ｮ騾ｶ・ｮ陷ｷ髦ｪ・・髯ｦ譴ｧ蠍檎ｸｺ繝ｻ窶ｻ邵ｺ荵晢ｽ臥ｹｧ・ｻ郢昴・繝ｨ隲繝ｻ・ｰ・ｱ郢ｧ蝣､・ｶ螢ｹ・郢ｧ繝ｻ          
                 ^
lib/ui/widgets/training_form.dart:143:29:
Error: The non-ASCII character '郢昴・ (U+30C3) can't be used in identifiers, only in strings and comments.
3. 驕橸ｽｮ騾ｶ・ｮ邵ｺ謔滂ｽ､蟲ｨ・冗ｹｧ蜿･・ｰ・ｴ陷ｷ蛹ｻ繝ｻ邵ｲ竏ｵ逵邵ｺ蜉ｱ・樣◇・ｮ騾ｶ・ｮ陷ｷ髦ｪ・・髯ｦ譴ｧ蠍檎ｸｺ繝ｻ窶ｻ邵ｺ荵晢ｽ臥ｹｧ・ｻ郢昴・繝ｨ隲繝ｻ・ｰ・ｱ郢ｧ蝣､・ｶ螢ｹ・郢ｧ繝ｻ          
                  ^
lib/ui/widgets/training_form.dart:143:30:
Error: The non-ASCII character '郢昴・ (U+30C8) can't be used in identifiers, only in strings and comments.
3. 驕橸ｽｮ騾ｶ・ｮ邵ｺ謔滂ｽ､蟲ｨ・冗ｹｧ蜿･・ｰ・ｴ陷ｷ蛹ｻ繝ｻ邵ｲ竏ｵ逵邵ｺ蜉ｱ・樣◇・ｮ騾ｶ・ｮ陷ｷ髦ｪ・・髯ｦ譴ｧ蠍檎ｸｺ繝ｻ窶ｻ邵ｺ荵晢ｽ臥ｹｧ・ｻ郢昴・繝ｨ隲繝ｻ・ｰ・ｱ郢ｧ蝣､・ｶ螢ｹ・郢ｧ繝ｻ          
                   ^
lib/ui/widgets/training_form.dart:143:31:
Error: The non-ASCII character '隲繝ｻ (U+60C5) can't be used in identifiers, only in strings and comments.
3. 驕橸ｽｮ騾ｶ・ｮ邵ｺ謔滂ｽ､蟲ｨ・冗ｹｧ蜿･・ｰ・ｴ陷ｷ蛹ｻ繝ｻ邵ｲ竏ｵ逵邵ｺ蜉ｱ・樣◇・ｮ騾ｶ・ｮ陷ｷ髦ｪ・・髯ｦ譴ｧ蠍檎ｸｺ繝ｻ窶ｻ邵ｺ荵晢ｽ臥ｹｧ・ｻ郢昴・繝ｨ隲繝ｻ・ｰ・ｱ郢ｧ蝣､・ｶ螢ｹ・郢ｧ繝ｻ          
                    ^
lib/ui/widgets/training_form.dart:143:32:
Error: The non-ASCII character '陜｣・ｱ' (U+5831) can't be used in identifiers, only in strings and comments.
3. 驕橸ｽｮ騾ｶ・ｮ邵ｺ謔滂ｽ､蟲ｨ・冗ｹｧ蜿･・ｰ・ｴ陷ｷ蛹ｻ繝ｻ邵ｲ竏ｵ逵邵ｺ蜉ｱ・樣◇・ｮ騾ｶ・ｮ陷ｷ髦ｪ・・髯ｦ譴ｧ蠍檎ｸｺ繝ｻ窶ｻ邵ｺ荵晢ｽ臥ｹｧ・ｻ郢昴・繝ｨ隲繝ｻ・ｰ・ｱ郢ｧ蝣､・ｶ螢ｹ・郢ｧ繝ｻ          
                     ^
lib/ui/widgets/training_form.dart:143:33:
Error: The non-ASCII character '郢ｧ繝ｻ (U+3092) can't be used in identifiers, only in strings and comments.
3. 驕橸ｽｮ騾ｶ・ｮ邵ｺ謔滂ｽ､蟲ｨ・冗ｹｧ蜿･・ｰ・ｴ陷ｷ蛹ｻ繝ｻ邵ｲ竏ｵ逵邵ｺ蜉ｱ・樣◇・ｮ騾ｶ・ｮ陷ｷ髦ｪ・・髯ｦ譴ｧ蠍檎ｸｺ繝ｻ窶ｻ邵ｺ荵晢ｽ臥ｹｧ・ｻ郢昴・繝ｨ隲繝ｻ・ｰ・ｱ郢ｧ蝣､・ｶ螢ｹ・郢ｧ繝ｻ          
                      ^
lib/ui/widgets/training_form.dart:143:34:
Error: The non-ASCII character '驍ｯ繝ｻ (U+7D9A) can't be used in identifiers, only in strings and comments.
3. 驕橸ｽｮ騾ｶ・ｮ邵ｺ謔滂ｽ､蟲ｨ・冗ｹｧ蜿･・ｰ・ｴ陷ｷ蛹ｻ繝ｻ邵ｲ竏ｵ逵邵ｺ蜉ｱ・樣◇・ｮ騾ｶ・ｮ陷ｷ髦ｪ・・髯ｦ譴ｧ蠍檎ｸｺ繝ｻ窶ｻ邵ｺ荵晢ｽ臥ｹｧ・ｻ郢昴・繝ｨ隲繝ｻ・ｰ・ｱ郢ｧ蝣､・ｶ螢ｹ・郢ｧ繝ｻ          
                       ^
lib/ui/widgets/training_form.dart:143:35:
Error: The non-ASCII character '邵ｺ繝ｻ (U+3051) can't be used in identifiers, only in strings and comments.
3. 驕橸ｽｮ騾ｶ・ｮ邵ｺ謔滂ｽ､蟲ｨ・冗ｹｧ蜿･・ｰ・ｴ陷ｷ蛹ｻ繝ｻ邵ｲ竏ｵ逵邵ｺ蜉ｱ・樣◇・ｮ騾ｶ・ｮ陷ｷ髦ｪ・・髯ｦ譴ｧ蠍檎ｸｺ繝ｻ窶ｻ邵ｺ荵晢ｽ臥ｹｧ・ｻ郢昴・繝ｨ隲繝ｻ・ｰ・ｱ郢ｧ蝣､・ｶ螢ｹ・郢ｧ繝ｻ          
                        ^
lib/ui/widgets/training_form.dart:143:36:
Error: The non-ASCII character '郢ｧ繝ｻ (U+308B) can't be used in identifiers, only in strings and comments.
3. 驕橸ｽｮ騾ｶ・ｮ邵ｺ謔滂ｽ､蟲ｨ・冗ｹｧ蜿･・ｰ・ｴ陷ｷ蛹ｻ繝ｻ邵ｲ竏ｵ逵邵ｺ蜉ｱ・樣◇・ｮ騾ｶ・ｮ陷ｷ髦ｪ・・髯ｦ譴ｧ蠍檎ｸｺ繝ｻ窶ｻ邵ｺ荵晢ｽ臥ｹｧ・ｻ郢昴・繝ｨ隲繝ｻ・ｰ・ｱ郢ｧ蝣､・ｶ螢ｹ・郢ｧ繝ｻ          
                         ^
lib/ui/widgets/training_form.dart:144:6:
Error: The non-ASCII character '邵ｺ・ｮ' (U+306E) can't be used in identifiers, only in strings and comments.
4. AI邵ｺ・ｮ隰厄ｽｨ隲｡・ｶ郢ｧ繝ｻ・ｧ・｣髫ｱ・ｬ隴√・竊醍ｸｺ・ｩ邵ｺ・ｯ闕ｳﾂ陋ｻ繝ｻ諤ｧ郢ｧ竏壺・邵ｺ繝ｻ・・ｸｺ・ｨ
     ^
lib/ui/widgets/training_form.dart:144:7:
Error: The non-ASCII character '隰厄ｽｨ' (U+6328) can't be used in identifiers, only in strings and comments.
4. AI邵ｺ・ｮ隰厄ｽｨ隲｡・ｶ郢ｧ繝ｻ・ｧ・｣髫ｱ・ｬ隴√・竊醍ｸｺ・ｩ邵ｺ・ｯ闕ｳﾂ陋ｻ繝ｻ諤ｧ郢ｧ竏壺・邵ｺ繝ｻ・・ｸｺ・ｨ
      ^
lib/ui/widgets/training_form.dart:144:8:
Error: The non-ASCII character '隲｡・ｶ' (U+62F6) can't be used in identifiers, only in strings and comments.
4. AI邵ｺ・ｮ隰厄ｽｨ隲｡・ｶ郢ｧ繝ｻ・ｧ・｣髫ｱ・ｬ隴√・竊醍ｸｺ・ｩ邵ｺ・ｯ闕ｳﾂ陋ｻ繝ｻ諤ｧ郢ｧ竏壺・邵ｺ繝ｻ・・ｸｺ・ｨ
       ^
lib/ui/widgets/training_form.dart:144:9:
Error: The non-ASCII character '郢ｧ繝ｻ (U+3084) can't be used in identifiers, only in strings and comments.
4. AI邵ｺ・ｮ隰厄ｽｨ隲｡・ｶ郢ｧ繝ｻ・ｧ・｣髫ｱ・ｬ隴√・竊醍ｸｺ・ｩ邵ｺ・ｯ闕ｳﾂ陋ｻ繝ｻ諤ｧ郢ｧ竏壺・邵ｺ繝ｻ・・ｸｺ・ｨ
        ^
lib/ui/widgets/training_form.dart:144:10:
Error: The non-ASCII character '髫暦ｽ｣' (U+89E3) can't be used in identifiers, only in strings and comments.
4. AI邵ｺ・ｮ隰厄ｽｨ隲｡・ｶ郢ｧ繝ｻ・ｧ・｣髫ｱ・ｬ隴√・竊醍ｸｺ・ｩ邵ｺ・ｯ闕ｳﾂ陋ｻ繝ｻ諤ｧ郢ｧ竏壺・邵ｺ繝ｻ・・ｸｺ・ｨ
         ^
lib/ui/widgets/training_form.dart:144:11:
Error: The non-ASCII character '髫ｱ・ｬ' (U+8AAC) can't be used in identifiers, only in strings and comments.
4. AI邵ｺ・ｮ隰厄ｽｨ隲｡・ｶ郢ｧ繝ｻ・ｧ・｣髫ｱ・ｬ隴√・竊醍ｸｺ・ｩ邵ｺ・ｯ闕ｳﾂ陋ｻ繝ｻ諤ｧ郢ｧ竏壺・邵ｺ繝ｻ・・ｸｺ・ｨ
          ^
lib/ui/widgets/training_form.dart:144:12:
Error: The non-ASCII character '隴√・ (U+6587) can't be used in identifiers, only in strings and comments.
4. AI邵ｺ・ｮ隰厄ｽｨ隲｡・ｶ郢ｧ繝ｻ・ｧ・｣髫ｱ・ｬ隴√・竊醍ｸｺ・ｩ邵ｺ・ｯ闕ｳﾂ陋ｻ繝ｻ諤ｧ郢ｧ竏壺・邵ｺ繝ｻ・・ｸｺ・ｨ
           ^
lib/ui/widgets/training_form.dart:144:13:
Error: The non-ASCII character '邵ｺ・ｪ' (U+306A) can't be used in identifiers, only in strings and comments.
4. AI邵ｺ・ｮ隰厄ｽｨ隲｡・ｶ郢ｧ繝ｻ・ｧ・｣髫ｱ・ｬ隴√・竊醍ｸｺ・ｩ邵ｺ・ｯ闕ｳﾂ陋ｻ繝ｻ諤ｧ郢ｧ竏壺・邵ｺ繝ｻ・・ｸｺ・ｨ
            ^
lib/ui/widgets/training_form.dart:144:14:
Error: The non-ASCII character '邵ｺ・ｩ' (U+3069) can't be used in identifiers, only in strings and comments.
4. AI邵ｺ・ｮ隰厄ｽｨ隲｡・ｶ郢ｧ繝ｻ・ｧ・｣髫ｱ・ｬ隴√・竊醍ｸｺ・ｩ邵ｺ・ｯ闕ｳﾂ陋ｻ繝ｻ諤ｧ郢ｧ竏壺・邵ｺ繝ｻ・・ｸｺ・ｨ
             ^
lib/ui/widgets/training_form.dart:144:15:
Error: The non-ASCII character '邵ｺ・ｯ' (U+306F) can't be used in identifiers, only in strings and comments.
4. AI邵ｺ・ｮ隰厄ｽｨ隲｡・ｶ郢ｧ繝ｻ・ｧ・｣髫ｱ・ｬ隴√・竊醍ｸｺ・ｩ邵ｺ・ｯ闕ｳﾂ陋ｻ繝ｻ諤ｧ郢ｧ竏壺・邵ｺ繝ｻ・・ｸｺ・ｨ
              ^
lib/ui/widgets/training_form.dart:144:16:
Error: The non-ASCII character '闕ｳﾂ' (U+4E00) can't be used in identifiers, only in strings and comments.
4. AI邵ｺ・ｮ隰厄ｽｨ隲｡・ｶ郢ｧ繝ｻ・ｧ・｣髫ｱ・ｬ隴√・竊醍ｸｺ・ｩ邵ｺ・ｯ闕ｳﾂ陋ｻ繝ｻ諤ｧ郢ｧ竏壺・邵ｺ繝ｻ・・ｸｺ・ｨ
               ^
lib/ui/widgets/training_form.dart:144:17:
Error: The non-ASCII character '陋ｻ繝ｻ (U+5207) can't be used in identifiers, only in strings and comments.
4. AI邵ｺ・ｮ隰厄ｽｨ隲｡・ｶ郢ｧ繝ｻ・ｧ・｣髫ｱ・ｬ隴√・竊醍ｸｺ・ｩ邵ｺ・ｯ闕ｳﾂ陋ｻ繝ｻ諤ｧ郢ｧ竏壺・邵ｺ繝ｻ・・ｸｺ・ｨ
                ^
lib/ui/widgets/training_form.dart:144:18:
Error: The non-ASCII character '陷ｷ・ｫ' (U+542B) can't be used in identifiers, only in strings and comments.
4. AI邵ｺ・ｮ隰厄ｽｨ隲｡・ｶ郢ｧ繝ｻ・ｧ・｣髫ｱ・ｬ隴√・竊醍ｸｺ・ｩ邵ｺ・ｯ闕ｳﾂ陋ｻ繝ｻ諤ｧ郢ｧ竏壺・邵ｺ繝ｻ・・ｸｺ・ｨ
                 ^
lib/ui/widgets/training_form.dart:144:19:
Error: The non-ASCII character '郢ｧ繝ｻ (U+3081) can't be used in identifiers, only in strings and comments.
4. AI邵ｺ・ｮ隰厄ｽｨ隲｡・ｶ郢ｧ繝ｻ・ｧ・｣髫ｱ・ｬ隴√・竊醍ｸｺ・ｩ邵ｺ・ｯ闕ｳﾂ陋ｻ繝ｻ諤ｧ郢ｧ竏壺・邵ｺ繝ｻ・・ｸｺ・ｨ
                  ^
lib/ui/widgets/training_form.dart:144:20:
Error: The non-ASCII character '邵ｺ・ｪ' (U+306A) can't be used in identifiers, only in strings and comments.
4. AI邵ｺ・ｮ隰厄ｽｨ隲｡・ｶ郢ｧ繝ｻ・ｧ・｣髫ｱ・ｬ隴√・竊醍ｸｺ・ｩ邵ｺ・ｯ闕ｳﾂ陋ｻ繝ｻ諤ｧ郢ｧ竏壺・邵ｺ繝ｻ・・ｸｺ・ｨ
                   ^
lib/ui/widgets/training_form.dart:144:21:
Error: The non-ASCII character '邵ｺ繝ｻ (U+3044) can't be used in identifiers, only in strings and comments.
4. AI邵ｺ・ｮ隰厄ｽｨ隲｡・ｶ郢ｧ繝ｻ・ｧ・｣髫ｱ・ｬ隴√・竊醍ｸｺ・ｩ邵ｺ・ｯ闕ｳﾂ陋ｻ繝ｻ諤ｧ郢ｧ竏壺・邵ｺ繝ｻ・・ｸｺ・ｨ
                    ^
lib/ui/widgets/training_form.dart:144:22:
Error: The non-ASCII character '邵ｺ繝ｻ (U+3053) can't be used in identifiers, only in strings and comments.
4. AI邵ｺ・ｮ隰厄ｽｨ隲｡・ｶ郢ｧ繝ｻ・ｧ・｣髫ｱ・ｬ隴√・竊醍ｸｺ・ｩ邵ｺ・ｯ闕ｳﾂ陋ｻ繝ｻ諤ｧ郢ｧ竏壺・邵ｺ繝ｻ・・ｸｺ・ｨ
                     ^
lib/ui/widgets/training_form.dart:144:23:
Error: The non-ASCII character '邵ｺ・ｨ' (U+3068) can't be used in identifiers, only in strings and comments.
4. AI邵ｺ・ｮ隰厄ｽｨ隲｡・ｶ郢ｧ繝ｻ・ｧ・｣髫ｱ・ｬ隴√・竊醍ｸｺ・ｩ邵ｺ・ｯ闕ｳﾂ陋ｻ繝ｻ諤ｧ郢ｧ竏壺・邵ｺ繝ｻ・・ｸｺ・ｨ
                      ^
lib/ui/widgets/training_form.dart:146:1:
Error: The non-ASCII character '陷・ｽｺ' (U+51FA) can't be used in identifiers, only in strings and comments.
陷・ｽｺ陷牙ｸ托ｽｾ蜈ｷ・ｼ繝ｻ^
lib/ui/widgets/training_form.dart:146:2:
Error: The non-ASCII character '陷峨・ (U+529B) can't be used in identifiers, only in strings and comments.
陷・ｽｺ陷牙ｸ托ｽｾ蜈ｷ・ｼ繝ｻ ^
lib/ui/widgets/training_form.dart:146:3:
Error: The non-ASCII character '關薙・ (U+4F8B) can't be used in identifiers, only in strings and comments.
陷・ｽｺ陷牙ｸ托ｽｾ蜈ｷ・ｼ繝ｻ  ^
lib/ui/widgets/training_form.dart:146:4:
Error: The non-ASCII character '繝ｻ繝ｻ (U+FF1A) can't be used in identifiers, only in strings and comments.
陷・ｽｺ陷牙ｸ托ｽｾ蜈ｷ・ｼ繝ｻ   ^
lib/ui/widgets/training_form.dart:147:1:
Error: The non-ASCII character '郢昴・ (U+30D9) can't be used in identifiers, only in strings and comments.
郢晏生ﾎｦ郢昶・繝ｻ郢晢ｽｬ郢ｧ・ｹ
^
lib/ui/widgets/training_form.dart:147:2:
Error: The non-ASCII character '郢晢ｽｳ' (U+30F3) can't be used in identifiers, only in strings and comments.
郢晏生ﾎｦ郢昶・繝ｻ郢晢ｽｬ郢ｧ・ｹ
 ^
lib/ui/widgets/training_form.dart:147:3:
Error: The non-ASCII character '郢昴・ (U+30C1) can't be used in identifiers, only in strings and comments.
郢晏生ﾎｦ郢昶・繝ｻ郢晢ｽｬ郢ｧ・ｹ
  ^
lib/ui/widgets/training_form.dart:147:4:
Error: The non-ASCII character '郢昴・ (U+30D7) can't be used in identifiers, only in strings and comments.
郢晏生ﾎｦ郢昶・繝ｻ郢晢ｽｬ郢ｧ・ｹ
   ^
lib/ui/widgets/training_form.dart:147:5:
Error: The non-ASCII character '郢晢ｽｬ' (U+30EC) can't be used in identifiers, only in strings and comments.
郢晏生ﾎｦ郢昶・繝ｻ郢晢ｽｬ郢ｧ・ｹ
    ^
lib/ui/widgets/training_form.dart:147:6:
Error: The non-ASCII character '郢ｧ・ｹ' (U+30B9) can't be used in identifiers, only in strings and comments.
郢晏生ﾎｦ郢昶・繝ｻ郢晢ｽｬ郢ｧ・ｹ
     ^
lib/ui/widgets/training_form.dart:148:2:
Error: The non-ASCII character '郢ｧ・ｻ' (U+30BB) can't be used in identifiers, only in strings and comments.
1郢ｧ・ｻ郢昴・繝ｨ騾ｶ・ｮ 60.0kg 10陜励・ ^
lib/ui/widgets/training_form.dart:148:3:
Error: The non-ASCII character '郢昴・ (U+30C3) can't be used in identifiers, only in strings and comments.
1郢ｧ・ｻ郢昴・繝ｨ騾ｶ・ｮ 60.0kg 10陜励・  ^
lib/ui/widgets/training_form.dart:148:4:
Error: The non-ASCII character '郢昴・ (U+30C8) can't be used in identifiers, only in strings and comments.
1郢ｧ・ｻ郢昴・繝ｨ騾ｶ・ｮ 60.0kg 10陜励・   ^
lib/ui/widgets/training_form.dart:148:5:
Error: The non-ASCII character '騾ｶ・ｮ' (U+76EE) can't be used in identifiers, only in strings and comments.
1郢ｧ・ｻ郢昴・繝ｨ騾ｶ・ｮ 60.0kg 10陜励・    ^
lib/ui/widgets/training_form.dart:148:16:
Error: The non-ASCII character '陜励・ (U+56DE) can't be used in identifiers, only in strings and comments.
1郢ｧ・ｻ郢昴・繝ｨ騾ｶ・ｮ 60.0kg 10陜励・               ^
lib/ui/widgets/training_form.dart:149:2:
Error: The non-ASCII character '郢ｧ・ｻ' (U+30BB) can't be used in identifiers, only in strings and comments.
2郢ｧ・ｻ郢昴・繝ｨ騾ｶ・ｮ 60.0kg 8陜励・ ^
lib/ui/widgets/training_form.dart:149:3:
Error: The non-ASCII character '郢昴・ (U+30C3) can't be used in identifiers, only in strings and comments.
2郢ｧ・ｻ郢昴・繝ｨ騾ｶ・ｮ 60.0kg 8陜励・  ^
lib/ui/widgets/training_form.dart:149:4:
Error: The non-ASCII character '郢昴・ (U+30C8) can't be used in identifiers, only in strings and comments.
2郢ｧ・ｻ郢昴・繝ｨ騾ｶ・ｮ 60.0kg 8陜励・   ^
lib/ui/widgets/training_form.dart:149:5:
Error: The non-ASCII character '騾ｶ・ｮ' (U+76EE) can't be used in identifiers, only in strings and comments.
2郢ｧ・ｻ郢昴・繝ｨ騾ｶ・ｮ 60.0kg 8陜励・    ^
lib/ui/widgets/training_form.dart:149:15:
Error: The non-ASCII character '陜励・ (U+56DE) can't be used in identifiers, only in strings and comments.
2郢ｧ・ｻ郢昴・繝ｨ騾ｶ・ｮ 60.0kg 8陜励・              ^
lib/ui/widgets/training_form.dart:150:1:
Error: The non-ASCII character '郢ｧ・ｹ' (U+30B9) can't be used in identifiers, only in strings and comments.
郢ｧ・ｹ郢ｧ・ｯ郢晢ｽｯ郢昴・繝ｨ
^
lib/ui/widgets/training_form.dart:150:2:
Error: The non-ASCII character '郢ｧ・ｯ' (U+30AF) can't be used in identifiers, only in strings and comments.
郢ｧ・ｹ郢ｧ・ｯ郢晢ｽｯ郢昴・繝ｨ
 ^
lib/ui/widgets/training_form.dart:150:3:
Error: The non-ASCII character '郢晢ｽｯ' (U+30EF) can't be used in identifiers, only in strings and comments.
郢ｧ・ｹ郢ｧ・ｯ郢晢ｽｯ郢昴・繝ｨ
  ^
lib/ui/widgets/training_form.dart:150:4:
Error: The non-ASCII character '郢昴・ (U+30C3) can't be used in identifiers, only in strings and comments.
郢ｧ・ｹ郢ｧ・ｯ郢晢ｽｯ郢昴・繝ｨ
   ^
lib/ui/widgets/training_form.dart:150:5:
Error: The non-ASCII character '郢昴・ (U+30C8) can't be used in identifiers, only in strings and comments.
郢ｧ・ｹ郢ｧ・ｯ郢晢ｽｯ郢昴・繝ｨ
    ^
lib/ui/widgets/training_form.dart:151:2:
Error: The non-ASCII character '郢ｧ・ｻ' (U+30BB) can't be used in identifiers, only in strings and comments.
1郢ｧ・ｻ郢昴・繝ｨ騾ｶ・ｮ 80.0kg 12陜励・ ^
lib/ui/widgets/training_form.dart:151:3:
Error: The non-ASCII character '郢昴・ (U+30C3) can't be used in identifiers, only in strings and comments.
1郢ｧ・ｻ郢昴・繝ｨ騾ｶ・ｮ 80.0kg 12陜励・  ^
lib/ui/widgets/training_form.dart:151:4:
Error: The non-ASCII character '郢昴・ (U+30C8) can't be used in identifiers, only in strings and comments.
1郢ｧ・ｻ郢昴・繝ｨ騾ｶ・ｮ 80.0kg 12陜励・   ^
lib/ui/widgets/training_form.dart:151:5:
Error: The non-ASCII character '騾ｶ・ｮ' (U+76EE) can't be used in identifiers, only in strings and comments.
1郢ｧ・ｻ郢昴・繝ｨ騾ｶ・ｮ 80.0kg 12陜励・    ^
lib/ui/widgets/training_form.dart:151:16:
Error: The non-ASCII character '陜励・ (U+56DE) can't be used in identifiers, only in strings and comments.
1郢ｧ・ｻ郢昴・繝ｨ騾ｶ・ｮ 80.0kg 12陜励・               ^
lib/ui/widgets/training_form.dart:721:37:
Error: String starting with """ must end with """.
        content: Text('邵ｲ繝ｻ{menu.name}邵ｲ髦ｪ・定恆莨∝求邵ｺ蜉ｱ窶ｻ郢ｧ繧・ｽ育ｹｧ髦ｪ・邵ｺ繝ｻ縲堤ｸｺ蜷ｶﾂｰ繝ｻ繝ｻ),
        actions: [
          TextButton(onPressed: () => Navigator.pop(ctx), child: const Text('郢ｧ・ｭ郢晢ｽ｣郢晢ｽｳ郢ｧ・ｻ郢晢ｽｫ')),
          TextButton(
            onPressed: () async {
              await _firestoreService.deleteMyMenu(menu.id);
              if (ctx.mounted) Navigator.pop(ctx);
            },
            style: TextButton.styleFrom(foregroundColor: Colors.red),
            child: const Text('陷台ｼ∝求'),
          ),
        ],
      ),
    );
  }
}


lib/ui/widgets/training_form.dart:83:9:
Error: Can't find '}' to match '{'.
    try {
        ^
lib/ui/widgets/training_form.dart:70:32:
Error: Can't find '}' to match '{'.
  Future<void> _runOcr() async {
                               ^
lib/ui/widgets/training_form.dart:29:62:
Error: Can't find '}' to match '{'.
class _TrainingFormState extends ConsumerState<TrainingForm> {
                                                             ^
lib/ui/screens/analysis_sheet_form.dart:12:9:
Error: Type 'VoidCallback' not found.
  final VoidCallback? onSaveSuccess;
        ^^^^^^^^^^^^
lib/ui/screens/analysis_sheet_form.dart:29:9:
Error: Type 'TextEditingController' not found.
  final TextEditingController _totalTimeController = TextEditingController();
        ^^^^^^^^^^^^^^^^^^^^^
lib/ui/screens/analysis_sheet_form.dart:30:9:
Error: Type 'ScrollController' not found.
  final ScrollController _horizontalScrollController = ScrollController();
        ^^^^^^^^^^^^^^^^
lib/ui/screens/analysis_sheet_form.dart:265:28:
Error: Type 'BuildContext' not found.
  Future<void> _selectDate(BuildContext context) async {
                           ^^^^^^^^^^^^
lib/ui/screens/analysis_sheet_form.dart:276:3:
Error: Type 'Widget' not found.
  Widget build(BuildContext context) {
  ^^^^^^
lib/ui/screens/analysis_sheet_form.dart:276:16:
Error: Type 'BuildContext' not found.
  Widget build(BuildContext context) {
               ^^^^^^^^^^^^
lib/ui/screens/analysis_sheet_form.dart:544:3:
Error: Type 'Widget' not found.
  Widget _buildLapRow(int index) {
  ^^^^^^
lib/ui/screens/analysis_sheet_form.dart:596:9:
Error: Type 'TextEditingController' not found.
  final TextEditingController sectionController;
        ^^^^^^^^^^^^^^^^^^^^^
lib/ui/screens/analysis_sheet_form.dart:597:9:
Error: Type 'TextEditingController' not found.
  final TextEditingController cumulativeController = TextEditingController();
        ^^^^^^^^^^^^^^^^^^^^^
lib/ui/screens/analysis_sheet_form.dart:598:9:
Error: Type 'TextEditingController' not found.
  final TextEditingController timeController = TextEditingController();
        ^^^^^^^^^^^^^^^^^^^^^
lib/ui/screens/analysis_sheet_form.dart:599:9:
Error: Type 'TextEditingController' not found.
  final TextEditingController strokeController = TextEditingController();
        ^^^^^^^^^^^^^^^^^^^^^
lib/ui/screens/analysis_sheet_form.dart:600:9:
Error: Type 'TextEditingController' not found.
  final TextEditingController underwaterController = TextEditingController();
        ^^^^^^^^^^^^^^^^^^^^^
lib/ui/screens/analysis_sheet_form.dart:601:9:
Error: Type 'TextEditingController' not found.
  final TextEditingController memoController = TextEditingController();
        ^^^^^^^^^^^^^^^^^^^^^
lib/data/services/local_ai_service.dart:7:10:
Error: Type 'JSOptions' not found.
external JSOptions get _gemmaBridge;
         ^^^^^^^^^
lib/ui/screens/agent_feedback_screen.dart:25:7:
Error: The non-abstract class '_AgentFeedbackScreenState' is missing implementations for these members:
 - State.build
 - _AgentFeedbackScreenState._scrollToBottom
class _AgentFeedbackScreenState extends ConsumerState<AgentFeedbackScreen> {
      ^^^^^^^^^^^^^^^^^^^^^^^^^
/C:/Program%20Files/flutter/packages/flutter/lib/src/widgets/framework.dart:1461:10:
Info: 'State.build' is defined here.
  Widget build(BuildContext context);
         ^^^^^
lib/ui/screens/agent_feedback_screen.dart:295:5:
Info: '_AgentFeedbackScreenState._scrollToBottom' is defined here.
    _scrollToBottom();
    ^^^^^^^^^^^^^^^
lib/ui/widgets/training_form.dart:29:7:
Error: The non-abstract class '_TrainingFormState' is missing implementations for these members:
 - State.build
class _TrainingFormState extends ConsumerState<TrainingForm> {
      ^^^^^^^^^^^^^^^^^^
/C:/Program%20Files/flutter/packages/flutter/lib/src/widgets/framework.dart:1461:10:
Info: 'State.build' is defined here.
  Widget build(BuildContext context);
         ^^^^^
lib/ui/widgets/body_composition_form.dart:17:30:
Error: The return type of the method 'BodyCompositionForm.createState' is 'State<BodyCompositionForm>', which does not 
match the return type, 'ConsumerState<ConsumerStatefulWidget>', of the overridden method, 'ConsumerStatefulWidget.creat
eState'.
 - 'State' is from 'package:flutter/src/widgets/framework.dart' ('/C:/Program%20Files/flutter/packages/flutter/lib/src/
widgets/framework.dart').
 - 'BodyCompositionForm' is from 'package:aquaanalyst_ai/ui/widgets/body_composition_form.dart' ('lib/ui/widgets/body_c
omposition_form.dart').
 - 'ConsumerState' is from 'package:flutter_riverpod/src/consumer.dart' ('/C:/Users/cs22019/AppData/Local/Pub/Cache/hos
ted/pub.dev/flutter_riverpod-2.6.1/lib/src/consumer.dart').
 - 'ConsumerStatefulWidget' is from 'package:flutter_riverpod/src/consumer.dart' ('/C:/Users/cs22019/AppData/Local/Pub/
Cache/hosted/pub.dev/flutter_riverpod-2.6.1/lib/src/consumer.dart').
  State<BodyCompositionForm> createState() => _BodyCompositionFormState();
                             ^
/C:/Users/cs22019/AppData/Local/Pub/Cache/hosted/pub.dev/flutter_riverpod-2.6.1/lib/src/consumer.dart:487:17:
Info: This is the overridden method ('createState').
  ConsumerState createState();
                ^
lib/ui/screens/agent_feedback_screen.dart:272:11:
Error: 'catch' can't be used as an identifier because it's a keyword.
        } catch (fallbackError) {
          ^^^^^
lib/ui/screens/agent_feedback_screen.dart:272:31:
Error: Expected ';' after this.
        } catch (fallbackError) {
                              ^
lib/ui/screens/agent_feedback_screen.dart:246:41:
Error: The method 'getNextModelInHierarchy' isn't defined for the type 'GeminiService'.
 - 'GeminiService' is from 'package:aquaanalyst_ai/data/services/gemini_service.dart' ('lib/data/services/gemini_servic
e.dart').
      final nextModel = GeminiService().getNextModelInHierarchy(_activeModelId);
                                        ^^^^^^^^^^^^^^^^^^^^^^^
lib/ui/screens/agent_feedback_screen.dart:272:18:
Error: The getter 'fallbackError' isn't defined for the type '_AgentFeedbackScreenState'.
 - '_AgentFeedbackScreenState' is from 'package:aquaanalyst_ai/ui/screens/agent_feedback_screen.dart' ('lib/ui/screens/
agent_feedback_screen.dart').
        } catch (fallbackError) {
                 ^^^^^^^^^^^^^
lib/ui/screens/agent_feedback_screen.dart:272:11:
Error: The method 'catch' isn't defined for the type '_AgentFeedbackScreenState'.
 - '_AgentFeedbackScreenState' is from 'package:aquaanalyst_ai/ui/screens/agent_feedback_screen.dart' ('lib/ui/screens/
agent_feedback_screen.dart').
        } catch (fallbackError) {
          ^^^^^
lib/ui/screens/agent_feedback_screen.dart:273:62:
Error: The getter 'fallbackError' isn't defined for the type '_AgentFeedbackScreenState'.
 - '_AgentFeedbackScreenState' is from 'package:aquaanalyst_ai/ui/screens/agent_feedback_screen.dart' ('lib/ui/screens/
agent_feedback_screen.dart').
           debugPrint('Sequential fallback creation failed: $fallbackError');
                                                             ^^^^^^^^^^^^^
lib/ui/screens/agent_feedback_screen.dart:282:67:
Error: The getter 'e' isn't defined for the type '_AgentFeedbackScreenState'.
 - '_AgentFeedbackScreenState' is from 'package:aquaanalyst_ai/ui/screens/agent_feedback_screen.dart' ('lib/ui/screens/
agent_feedback_screen.dart').
          final msg = (aiService as GeminiService).translateError(e, modelId: _activeModelId);
                                                                  ^
lib/ui/screens/agent_feedback_screen.dart:301:16:
Error: Undefined name 'context'.
      context: context,
               ^^^^^^^
lib/ui/screens/agent_feedback_screen.dart:317:13:
Error: Undefined name '_firestoreService'.
      await _firestoreService.updateChatSessionTitle(sessionId, newTitle);
            ^^^^^^^^^^^^^^^^^
lib/ui/screens/agent_feedback_screen.dart:323:16:
Error: Undefined name 'context'.
      context: context,
               ^^^^^^^
lib/ui/screens/agent_feedback_screen.dart:339:13:
Error: Undefined name '_firestoreService'.
      await _firestoreService.deleteChatSession(sessionId);
            ^^^^^^^^^^^^^^^^^
lib/ui/screens/agent_feedback_screen.dart:340:11:
Error: Undefined name '_currentSessionId'.
      if (_currentSessionId == sessionId) {
          ^^^^^^^^^^^^^^^^^
lib/ui/screens/agent_feedback_screen.dart:341:9:
Error: Method not found: '_loadSession'.
        _loadSession('home_chat');
        ^^^^^^^^^^^^
lib/ui/screens/agent_feedback_screen.dart:362:24:
Error: Undefined name '_currentSessionId'.
          _loadSession(_currentSessionId ?? 'home_chat');
                       ^^^^^^^^^^^^^^^^^
lib/ui/screens/agent_feedback_screen.dart:362:11:
Error: Method not found: '_loadSession'.
          _loadSession(_currentSessionId ?? 'home_chat');
          ^^^^^^^^^^^^
lib/ui/screens/agent_feedback_screen.dart:353:5:
Error: Undefined name 'ref'.
    ref.listen(userProfileProvider, (previous, next) {
    ^^^
lib/ui/screens/agent_feedback_screen.dart:367:9:
Error: Undefined name '_currentSessionId'.
    if (_currentSessionId == null) {
        ^^^^^^^^^^^^^^^^^
lib/ui/screens/agent_feedback_screen.dart:412:67:
Error: Undefined name '_currentSessionId'.
                  stream: _firestoreService.getChatMessagesStream(_currentSessionId!),
                                                                  ^^^^^^^^^^^^^^^^^
lib/ui/screens/agent_feedback_screen.dart:412:27:
Error: Undefined name '_firestoreService'.
                  stream: _firestoreService.getChatMessagesStream(_currentSessionId!),
                          ^^^^^^^^^^^^^^^^^
lib/ui/screens/agent_feedback_screen.dart:421:48:
Error: Undefined name '_isTyping'.
                    if (dbMessages.isEmpty && !_isTyping) {
                                               ^^^^^^^^^
lib/ui/screens/agent_feedback_screen.dart:438:35:
Error: Undefined name '_scrollController'.
                      controller: _scrollController,
                                  ^^^^^^^^^^^^^^^^^
lib/ui/screens/agent_feedback_screen.dart:441:60:
Error: Undefined name '_isTyping'.
                      itemCount: displayMessages.length + (_isTyping || _streamingResponse != null ? 1 : 0),
                                                           ^^^^^^^^^
lib/ui/screens/agent_feedback_screen.dart:441:73:
Error: Undefined name '_streamingResponse'.
                      itemCount: displayMessages.length + (_isTyping || _streamingResponse != null ? 1 : 0),
                                                                        ^^^^^^^^^^^^^^^^^^
lib/ui/screens/agent_feedback_screen.dart:443:30:
Error: Undefined name '_isTyping'.
                        if ((_isTyping || _streamingResponse != null) && index == 0) {
                             ^^^^^^^^^
lib/ui/screens/agent_feedback_screen.dart:443:43:
Error: Undefined name '_streamingResponse'.
                        if ((_isTyping || _streamingResponse != null) && index == 0) {
                                          ^^^^^^^^^^^^^^^^^^
lib/ui/screens/agent_feedback_screen.dart:444:31:
Error: Undefined name '_isTyping'.
                          if (_isTyping) {
                              ^^^^^^^^^
lib/ui/screens/agent_feedback_screen.dart:461:37:
Error: Undefined name '_streamingResponse'.
                              text: _streamingResponse!,
                                    ^^^^^^^^^^^^^^^^^^
lib/ui/screens/agent_feedback_screen.dart:468:41:
Error: Undefined name '_isTyping'.
                        final mIndex = (_isTyping || _streamingResponse != null) ? index - 1 : index;
                                        ^^^^^^^^^
lib/ui/screens/agent_feedback_screen.dart:468:54:
Error: Undefined name '_streamingResponse'.
                        final mIndex = (_isTyping || _streamingResponse != null) ? index - 1 : index;
                                                     ^^^^^^^^^^^^^^^^^^
lib/ui/screens/agent_feedback_screen.dart:513:28:
Error: Undefined name '_createNewChat'.
                onPressed: _createNewChat,
                           ^^^^^^^^^^^^^^
lib/ui/screens/agent_feedback_screen.dart:533:55:
Error: Undefined name 'context'.
            decoration: BoxDecoration(color: Theme.of(context).colorScheme.primaryContainer),
                                                      ^^^^^^^
lib/ui/screens/agent_feedback_screen.dart:540:29:
Error: Undefined name 'context'.
              Navigator.pop(context);
                            ^^^^^^^
lib/ui/screens/agent_feedback_screen.dart:541:15:
Error: Method not found: '_createNewChat'.
              _createNewChat();
              ^^^^^^^^^^^^^^
lib/ui/screens/agent_feedback_screen.dart:547:23:
Error: Undefined name '_firestoreService'.
              stream: _firestoreService.getChatSessionsStream(),
                      ^^^^^^^^^^^^^^^^^
lib/ui/screens/agent_feedback_screen.dart:559:47:
Error: Undefined name '_currentSessionId'.
                      selected: session.id == _currentSessionId,
                                              ^^^^^^^^^^^^^^^^^
lib/ui/screens/agent_feedback_screen.dart:578:25:
Error: Method not found: '_loadSession'.
                        _loadSession(session.id);
                        ^^^^^^^^^^^^
lib/ui/screens/agent_feedback_screen.dart:602:43:
Error: Undefined name 'context'.
                backgroundColor: Theme.of(context).colorScheme.primaryContainer,
                                          ^^^^^^^
lib/ui/screens/agent_feedback_screen.dart:614:44:
Error: Undefined name 'context'.
                    color: _getBubbleColor(context, message),
                                           ^^^^^^^
lib/ui/screens/agent_feedback_screen.dart:615:50:
Error: Undefined name 'context'.
                    gradient: _getBubbleGradient(context, message),
                                                 ^^^^^^^
lib/ui/screens/agent_feedback_screen.dart:616:46:
Error: Undefined name 'context'.
                    border: _getBubbleBorder(context, message),
                                             ^^^^^^^
lib/ui/screens/agent_feedback_screen.dart:637:38:
Error: Undefined name 'context'.
                          ? Theme.of(context).colorScheme.onSurface
                                     ^^^^^^^
lib/ui/screens/agent_feedback_screen.dart:649:43:
Error: Undefined name 'context'.
                backgroundColor: Theme.of(context).colorScheme.secondaryContainer,
                                          ^^^^^^^
lib/ui/screens/agent_feedback_screen.dart:650:59:
Error: Undefined name 'context'.
                child: Icon(Icons.person, color: Theme.of(context).colorScheme.onSecondaryContainer),
                                                          ^^^^^^^
lib/ui/screens/agent_feedback_screen.dart:697:23:
Error: Undefined name 'context'.
      color: Theme.of(context).cardColor,
                      ^^^^^^^
lib/ui/screens/agent_feedback_screen.dart:706:35:
Error: Undefined name 'context'.
                  color: Theme.of(context).colorScheme.surfaceContainerHighest.withValues(alpha: 0.5),
                                  ^^^^^^^
lib/ui/screens/agent_feedback_screen.dart:710:31:
Error: Undefined name '_textController'.
                  controller: _textController,
                              ^^^^^^^^^^^^^^^
lib/ui/screens/agent_feedback_screen.dart:711:30:
Error: Undefined name '_focusNode'.
                  focusNode: _focusNode,
                             ^^^^^^^^^^
lib/ui/screens/agent_feedback_screen.dart:737:33:
Error: Undefined name 'context'.
                color: Theme.of(context).colorScheme.primary,
                                ^^^^^^^
lib/ui/screens/agent_feedback_screen.dart:741:56:
Error: Undefined name 'context'.
                icon: Icon(Icons.send, color: Theme.of(context).colorScheme.onPrimary),
                                                       ^^^^^^^
lib/ui/screens/agent_feedback_screen.dart:742:51:
Error: Undefined name '_textController'.
                onPressed: () => _handleSubmitted(_textController.text),
                                                  ^^^^^^^^^^^^^^^
lib/ui/screens/agent_feedback_screen.dart:742:34:
Error: Method not found: '_handleSubmitted'.
                onPressed: () => _handleSubmitted(_textController.text),
                                 ^^^^^^^^^^^^^^^^
lib/ui/screens/agent_feedback_screen.dart:756:18:
Error: Undefined name '_showScrollToBottom'.
        opacity: _showScrollToBottom ? 1.0 : 0.0,
                 ^^^^^^^^^^^^^^^^^^^
lib/ui/screens/agent_feedback_screen.dart:759:20:
Error: Undefined name '_showScrollToBottom'.
          visible: _showScrollToBottom,
                   ^^^^^^^^^^^^^^^^^^^
lib/ui/screens/agent_feedback_screen.dart:762:15:
Error: Undefined name '_scrollController'.
              _scrollController.animateTo(
              ^^^^^^^^^^^^^^^^^
lib/ui/screens/insight_screen.dart:129:13:
Error: 'aiService' is already declared in this scope.
      final aiService = ref.read(aiServiceProvider);
            ^^^^^^^^^
lib/ui/screens/insight_screen.dart:114:13:
Info: Previous declaration of 'aiService'.
      final aiService = ref.read(aiServiceProvider);
            ^^^^^^^^^
lib/ui/screens/settings_screen.dart:567:53:
Error: The method 'copyWith' isn't defined for the type 'AppUser'.
 - 'AppUser' is from 'package:aquaanalyst_ai/data/models/app_user.dart' ('lib/data/models/app_user.dart').
                    final updatedUser = currentUser.copyWith(baseProfile: updatedProfile);
                                                    ^^^^^^^^
lib/ui/screens/weekly_plan_screen.dart:298:29:
Error: The getter 'gemini' isn't defined for the type '_WeeklyPlanScreenState'.
 - '_WeeklyPlanScreenState' is from 'package:aquaanalyst_ai/ui/screens/weekly_plan_screen.dart' ('lib/ui/screens/weekly
_plan_screen.dart').
      final sysInst = await gemini.getCoachSystemInstruction(
                            ^^^^^^
lib/ui/screens/weekly_plan_screen.dart:375:9:
Error: No named parameter with the name 'systemInstruction'.
        systemInstruction: sysInst,
        ^^^^^^^^^^^^^^^^^
lib/ui/screens/analysis_sheet_form.dart:12:9:
Error: 'VoidCallback' isn't a type.
  final VoidCallback? onSaveSuccess;
        ^^^^^^^^^^^^
lib/ui/screens/analysis_sheet_form.dart:29:9:
Error: 'TextEditingController' isn't a type.
  final TextEditingController _totalTimeController = TextEditingController();
        ^^^^^^^^^^^^^^^^^^^^^
lib/ui/screens/analysis_sheet_form.dart:29:54:
Error: Method not found: 'TextEditingController'.
  final TextEditingController _totalTimeController = TextEditingController();
                                                     ^^^^^^^^^^^^^^^^^^^^^
lib/ui/screens/analysis_sheet_form.dart:30:9:
Error: 'ScrollController' isn't a type.
  final ScrollController _horizontalScrollController = ScrollController();
        ^^^^^^^^^^^^^^^^
lib/ui/screens/analysis_sheet_form.dart:30:56:
Error: Method not found: 'ScrollController'.
  final ScrollController _horizontalScrollController = ScrollController();
                                                       ^^^^^^^^^^^^^^^^
lib/ui/screens/analysis_sheet_form.dart:67:47:
Error: 'ImageSource' isn't a type.
    final source = await showModalBottomSheet<ImageSource>(
                                              ^^^^^^^^^^^
lib/ui/screens/analysis_sheet_form.dart:74:35:
Error: Not a constant expression.
              leading: const Icon(Icons.photo_library),
                                  ^^^^^
lib/ui/screens/analysis_sheet_form.dart:74:30:
Error: Not a constant expression.
              leading: const Icon(Icons.photo_library),
                             ^^^^
lib/ui/screens/analysis_sheet_form.dart:75:28:
Error: Not a constant expression.
              title: const Text('郢ｧ・ｮ郢晢ｽ｣郢晢ｽｩ郢晢ｽｪ郢晢ｽｼ邵ｺ荵晢ｽ蛾ｩ包ｽｸ隰壹・),
                           ^^^^
lib/ui/screens/analysis_sheet_form.dart:79:35:
Error: Not a constant expression.
              leading: const Icon(Icons.camera_alt),
                                  ^^^^^
lib/ui/screens/analysis_sheet_form.dart:79:30:
Error: Not a constant expression.
              leading: const Icon(Icons.camera_alt),
                             ^^^^
lib/ui/screens/analysis_sheet_form.dart:80:28:
Error: Not a constant expression.
              title: const Text('郢ｧ・ｫ郢晢ｽ｡郢晢ｽｩ邵ｺ・ｧ隰ｦ・ｮ陟厄ｽｱ'),
                           ^^^^
lib/ui/screens/analysis_sheet_form.dart:116:32:
Error: Not a constant expression.
                  title: const Text('驕橸ｽｮ騾ｶ・ｮ髫ｴ莨懈肩邵ｺ・ｮ鬨ｾ螟り｡・),
                               ^^^^
lib/ui/screens/analysis_sheet_form.dart:119:82:
Error: Not a constant expression.
                    TextButton(onPressed: () => Navigator.pop(ctx), child: const Text('OK')),
                                                                                 ^^^^
lib/ui/screens/analysis_sheet_form.dart:152:37:
Error: Not a constant expression.
            const SnackBar(content: Text('髫暦ｽ｣隴ｫ闊娯ｲ陞ｳ蠕｡・ｺ繝ｻ・邵ｺ・ｾ邵ｺ蜉ｱ笳・)),
                                    ^^^^
lib/ui/screens/analysis_sheet_form.dart:152:19:
Error: Not a constant expression.
            const SnackBar(content: Text('髫暦ｽ｣隴ｫ闊娯ｲ陞ｳ蠕｡・ｺ繝ｻ・邵ｺ・ｾ邵ｺ蜉ｱ笳・)),
                  ^^^^^^^^
lib/ui/screens/analysis_sheet_form.dart:65:20:
Error: The method 'ImagePicker' isn't defined for the type '_AnalysisSheetFormState'.
 - '_AnalysisSheetFormState' is from 'package:aquaanalyst_ai/ui/screens/analysis_sheet_form.dart' ('lib/ui/screens/anal
ysis_sheet_form.dart').
    final picker = ImagePicker();
                   ^^^^^^^^^^^
lib/ui/screens/analysis_sheet_form.dart:71:25:
Error: The getter 'MainAxisSize' isn't defined for the type '_AnalysisSheetFormState'.
 - '_AnalysisSheetFormState' is from 'package:aquaanalyst_ai/ui/screens/analysis_sheet_form.dart' ('lib/ui/screens/anal
ysis_sheet_form.dart').
          mainAxisSize: MainAxisSize.min,
                        ^^^^^^^^^^^^
lib/ui/screens/analysis_sheet_form.dart:76:28:
Error: The getter 'Navigator' isn't defined for the type '_AnalysisSheetFormState'.
 - '_AnalysisSheetFormState' is from 'package:aquaanalyst_ai/ui/screens/analysis_sheet_form.dart' ('lib/ui/screens/anal
ysis_sheet_form.dart').
              onTap: () => Navigator.pop(ctx, ImageSource.gallery),
                           ^^^^^^^^^
lib/ui/screens/analysis_sheet_form.dart:76:47:
Error: The getter 'ImageSource' isn't defined for the type '_AnalysisSheetFormState'.
 - '_AnalysisSheetFormState' is from 'package:aquaanalyst_ai/ui/screens/analysis_sheet_form.dart' ('lib/ui/screens/anal
ysis_sheet_form.dart').
              onTap: () => Navigator.pop(ctx, ImageSource.gallery),
                                              ^^^^^^^^^^^
lib/ui/screens/analysis_sheet_form.dart:73:13:
Error: The method 'ListTile' isn't defined for the type '_AnalysisSheetFormState'.
 - '_AnalysisSheetFormState' is from 'package:aquaanalyst_ai/ui/screens/analysis_sheet_form.dart' ('lib/ui/screens/anal
ysis_sheet_form.dart').
            ListTile(
            ^^^^^^^^
lib/ui/screens/analysis_sheet_form.dart:81:28:
Error: The getter 'Navigator' isn't defined for the type '_AnalysisSheetFormState'.
 - '_AnalysisSheetFormState' is from 'package:aquaanalyst_ai/ui/screens/analysis_sheet_form.dart' ('lib/ui/screens/anal
ysis_sheet_form.dart').
              onTap: () => Navigator.pop(ctx, ImageSource.camera),
                           ^^^^^^^^^
lib/ui/screens/analysis_sheet_form.dart:81:47:
Error: The getter 'ImageSource' isn't defined for the type '_AnalysisSheetFormState'.
 - '_AnalysisSheetFormState' is from 'package:aquaanalyst_ai/ui/screens/analysis_sheet_form.dart' ('lib/ui/screens/anal
ysis_sheet_form.dart').
              onTap: () => Navigator.pop(ctx, ImageSource.camera),
                                              ^^^^^^^^^^^
lib/ui/screens/analysis_sheet_form.dart:78:13:
Error: The method 'ListTile' isn't defined for the type '_AnalysisSheetFormState'.
 - '_AnalysisSheetFormState' is from 'package:aquaanalyst_ai/ui/screens/analysis_sheet_form.dart' ('lib/ui/screens/anal
ysis_sheet_form.dart').
            ListTile(
            ^^^^^^^^
lib/ui/screens/analysis_sheet_form.dart:70:16:
Error: The method 'Column' isn't defined for the type '_AnalysisSheetFormState'.
 - '_AnalysisSheetFormState' is from 'package:aquaanalyst_ai/ui/screens/analysis_sheet_form.dart' ('lib/ui/screens/anal
ysis_sheet_form.dart').
        child: Column(
               ^^^^^^
lib/ui/screens/analysis_sheet_form.dart:69:25:
Error: The method 'SafeArea' isn't defined for the type '_AnalysisSheetFormState'.
 - '_AnalysisSheetFormState' is from 'package:aquaanalyst_ai/ui/screens/analysis_sheet_form.dart' ('lib/ui/screens/anal
ysis_sheet_form.dart').
      builder: (ctx) => SafeArea(
                        ^^^^^^^^
lib/ui/screens/analysis_sheet_form.dart:67:26:
Error: The method 'showModalBottomSheet' isn't defined for the type '_AnalysisSheetFormState'.
 - '_AnalysisSheetFormState' is from 'package:aquaanalyst_ai/ui/screens/analysis_sheet_form.dart' ('lib/ui/screens/anal
ysis_sheet_form.dart').
    final source = await showModalBottomSheet<ImageSource>(
                         ^^^^^^^^^^^^^^^^^^^^
lib/ui/screens/analysis_sheet_form.dart:117:28:
Error: The method 'Text' isn't defined for the type '_AnalysisSheetFormState'.
 - '_AnalysisSheetFormState' is from 'package:aquaanalyst_ai/ui/screens/analysis_sheet_form.dart' ('lib/ui/screens/anal
ysis_sheet_form.dart').
                  content: Text('陷蜥乗ｄ邵ｺ荵晢ｽ臥ｸｲ繝ｻrawEvent邵ｲ髦ｪ・帝垓莨懈肩邵ｺ蜉ｱ竏ｪ邵ｺ蜉ｱ笳・ｸｺ蠕個竏ｫ蛹ｳ鬪ｭ・ｲ雋ょ現竏ｩ邵ｺ・ｮ驕橸ｽｮ騾ｶ・ｮ郢晢ｽｪ郢ｧ・ｹ郢晏現
竊鍋ｸｺ繧・ｽ顔ｸｺ・ｾ邵ｺ蟶呻ｽ鍋ｸｲ繧育・陷崎ｼ斐帝ｩ包ｽｸ隰壽ｧｭ・邵ｺ・ｦ邵ｺ荳岩味邵ｺ霈費ｼ樒ｸｲ繝ｻ),
                           ^^^^
lib/ui/screens/analysis_sheet_form.dart:119:49:
Error: The getter 'Navigator' isn't defined for the type '_AnalysisSheetFormState'.
 - '_AnalysisSheetFormState' is from 'package:aquaanalyst_ai/ui/screens/analysis_sheet_form.dart' ('lib/ui/screens/anal
ysis_sheet_form.dart').
                    TextButton(onPressed: () => Navigator.pop(ctx), child: const Text('OK')),
                                                ^^^^^^^^^
lib/ui/screens/analysis_sheet_form.dart:119:21:
Error: The method 'TextButton' isn't defined for the type '_AnalysisSheetFormState'.
 - '_AnalysisSheetFormState' is from 'package:aquaanalyst_ai/ui/screens/analysis_sheet_form.dart' ('lib/ui/screens/anal
ysis_sheet_form.dart').
                    TextButton(onPressed: () => Navigator.pop(ctx), child: const Text('OK')),
                    ^^^^^^^^^^
lib/ui/screens/analysis_sheet_form.dart:115:35:
Error: The method 'AlertDialog' isn't defined for the type '_AnalysisSheetFormState'.
 - '_AnalysisSheetFormState' is from 'package:aquaanalyst_ai/ui/screens/analysis_sheet_form.dart' ('lib/ui/screens/anal
ysis_sheet_form.dart').
                builder: (ctx) => AlertDialog(
                                  ^^^^^^^^^^^
lib/ui/screens/analysis_sheet_form.dart:113:15:
Error: The method 'showDialog' isn't defined for the type '_AnalysisSheetFormState'.
 - '_AnalysisSheetFormState' is from 'package:aquaanalyst_ai/ui/screens/analysis_sheet_form.dart' ('lib/ui/screens/anal
ysis_sheet_form.dart').
              showDialog(
              ^^^^^^^^^^
lib/ui/screens/analysis_sheet_form.dart:151:11:
Error: The getter 'ScaffoldMessenger' isn't defined for the type '_AnalysisSheetFormState'.
 - '_AnalysisSheetFormState' is from 'package:aquaanalyst_ai/ui/screens/analysis_sheet_form.dart' ('lib/ui/screens/anal
ysis_sheet_form.dart').
          ScaffoldMessenger.of(context).showSnackBar(
          ^^^^^^^^^^^^^^^^^
lib/ui/screens/analysis_sheet_form.dart:230:22:
Error: Not a constant expression.
        title: const Text('郢晢ｽｩ郢昴・繝ｻ陋ｹ・ｺ鬮｢阮呻ｽ帝恆・ｽ陷会｣ｰ'),
                     ^^^^
lib/ui/screens/analysis_sheet_form.dart:236:126:
Error: Not a constant expression.
                Expanded(child: TextField(controller: startController, keyboardType: TextInputType.number, decoration: 
const InputDecoration(labelText: '鬮｢蜿･・ｧ繝ｻ(m)'))),
                                                                                          ^^^^^^^^^^^^^^^
lib/ui/screens/analysis_sheet_form.dart:237:40:
Error: Not a constant expression.
                const Padding(padding: EdgeInsets.symmetric(horizontal: 8), child: Text('-')),
                                       ^^^^^^^^^^
lib/ui/screens/analysis_sheet_form.dart:237:51:
Error: Method invocation is not a constant expression.
                const Padding(padding: EdgeInsets.symmetric(horizontal: 8), child: Text('-')),
                                                  ^^^^^^^^^
lib/ui/screens/analysis_sheet_form.dart:237:84:
Error: Not a constant expression.
                const Padding(padding: EdgeInsets.symmetric(horizontal: 8), child: Text('-')),
                                                                                   ^^^^
lib/ui/screens/analysis_sheet_form.dart:237:23:
Error: Not a constant expression.
                const Padding(padding: EdgeInsets.symmetric(horizontal: 8), child: Text('-')),
                      ^^^^^^^
lib/ui/screens/analysis_sheet_form.dart:238:124:
Error: Not a constant expression.
                Expanded(child: TextField(controller: endController, keyboardType: TextInputType.number, decoration: co
nst InputDecoration(labelText: '驍ｨ繧・ｽｺ繝ｻ(m)'))),
                                                                                          ^^^^^^^^^^^^^^^
lib/ui/screens/analysis_sheet_form.dart:244:72:
Error: Not a constant expression.
          TextButton(onPressed: () => Navigator.pop(ctx), child: const Text('郢ｧ・ｭ郢晢ｽ｣郢晢ｽｳ郢ｧ・ｻ郢晢ｽｫ')),
                                                                       ^^^^
lib/ui/screens/analysis_sheet_form.dart:251:26:
Error: Not a constant expression.
            child: const Text('髴托ｽｽ陷会｣ｰ'),
                         ^^^^
lib/ui/screens/analysis_sheet_form.dart:224:29:
Error: The method 'TextEditingController' isn't defined for the type '_AnalysisSheetFormState'.
 - '_AnalysisSheetFormState' is from 'package:aquaanalyst_ai/ui/screens/analysis_sheet_form.dart' ('lib/ui/screens/anal
ysis_sheet_form.dart').
    final startController = TextEditingController();
                            ^^^^^^^^^^^^^^^^^^^^^
lib/ui/screens/analysis_sheet_form.dart:225:27:
Error: The method 'TextEditingController' isn't defined for the type '_AnalysisSheetFormState'.
 - '_AnalysisSheetFormState' is from 'package:aquaanalyst_ai/ui/screens/analysis_sheet_form.dart' ('lib/ui/screens/anal
ysis_sheet_form.dart').
    final endController = TextEditingController();
                          ^^^^^^^^^^^^^^^^^^^^^
lib/ui/screens/analysis_sheet_form.dart:232:25:
Error: The getter 'MainAxisSize' isn't defined for the type '_AnalysisSheetFormState'.
 - '_AnalysisSheetFormState' is from 'package:aquaanalyst_ai/ui/screens/analysis_sheet_form.dart' ('lib/ui/screens/anal
ysis_sheet_form.dart').
          mainAxisSize: MainAxisSize.min,
                        ^^^^^^^^^^^^
lib/ui/screens/analysis_sheet_form.dart:236:86:
Error: The getter 'TextInputType' isn't defined for the type '_AnalysisSheetFormState'.
 - '_AnalysisSheetFormState' is from 'package:aquaanalyst_ai/ui/screens/analysis_sheet_form.dart' ('lib/ui/screens/anal
ysis_sheet_form.dart').
                Expanded(child: TextField(controller: startController, keyboardType: TextInputType.number, decoration: 
const InputDecoration(labelText: '鬮｢蜿･・ｧ繝ｻ(m)'))),
                                                                                     ^^^^^^^^^^^^^
lib/ui/screens/analysis_sheet_form.dart:236:33:
Error: The method 'TextField' isn't defined for the type '_AnalysisSheetFormState'.
 - '_AnalysisSheetFormState' is from 'package:aquaanalyst_ai/ui/screens/analysis_sheet_form.dart' ('lib/ui/screens/anal
ysis_sheet_form.dart').
                Expanded(child: TextField(controller: startController, keyboardType: TextInputType.number, decoration: 
const InputDecoration(labelText: '鬮｢蜿･・ｧ繝ｻ(m)'))),
                                ^^^^^^^^^
lib/ui/screens/analysis_sheet_form.dart:236:17:
Error: The method 'Expanded' isn't defined for the type '_AnalysisSheetFormState'.
 - '_AnalysisSheetFormState' is from 'package:aquaanalyst_ai/ui/screens/analysis_sheet_form.dart' ('lib/ui/screens/anal
ysis_sheet_form.dart').
                Expanded(child: TextField(controller: startController, keyboardType: TextInputType.number, decoration: 
const InputDecoration(labelText: '鬮｢蜿･・ｧ繝ｻ(m)'))),
                ^^^^^^^^
lib/ui/screens/analysis_sheet_form.dart:238:84:
Error: The getter 'TextInputType' isn't defined for the type '_AnalysisSheetFormState'.
 - '_AnalysisSheetFormState' is from 'package:aquaanalyst_ai/ui/screens/analysis_sheet_form.dart' ('lib/ui/screens/anal
ysis_sheet_form.dart').
                Expanded(child: TextField(controller: endController, keyboardType: TextInputType.number, decoration: co
nst InputDecoration(labelText: '驍ｨ繧・ｽｺ繝ｻ(m)'))),
                                                                                   ^^^^^^^^^^^^^
lib/ui/screens/analysis_sheet_form.dart:238:33:
Error: The method 'TextField' isn't defined for the type '_AnalysisSheetFormState'.
 - '_AnalysisSheetFormState' is from 'package:aquaanalyst_ai/ui/screens/analysis_sheet_form.dart' ('lib/ui/screens/anal
ysis_sheet_form.dart').
                Expanded(child: TextField(controller: endController, keyboardType: TextInputType.number, decoration: co
nst InputDecoration(labelText: '驍ｨ繧・ｽｺ繝ｻ(m)'))),
                                ^^^^^^^^^
lib/ui/screens/analysis_sheet_form.dart:238:17:
Error: The method 'Expanded' isn't defined for the type '_AnalysisSheetFormState'.
 - '_AnalysisSheetFormState' is from 'package:aquaanalyst_ai/ui/screens/analysis_sheet_form.dart' ('lib/ui/screens/anal
ysis_sheet_form.dart').
                Expanded(child: TextField(controller: endController, keyboardType: TextInputType.number, decoration: co
nst InputDecoration(labelText: '驍ｨ繧・ｽｺ繝ｻ(m)'))),
                ^^^^^^^^
lib/ui/screens/analysis_sheet_form.dart:234:13:
Error: The method 'Row' isn't defined for the type '_AnalysisSheetFormState'.
 - '_AnalysisSheetFormState' is from 'package:aquaanalyst_ai/ui/screens/analysis_sheet_form.dart' ('lib/ui/screens/anal
ysis_sheet_form.dart').
            Row(
            ^^^
lib/ui/screens/analysis_sheet_form.dart:231:18:
Error: The method 'Column' isn't defined for the type '_AnalysisSheetFormState'.
 - '_AnalysisSheetFormState' is from 'package:aquaanalyst_ai/ui/screens/analysis_sheet_form.dart' ('lib/ui/screens/anal
ysis_sheet_form.dart').
        content: Column(
                 ^^^^^^
lib/ui/screens/analysis_sheet_form.dart:244:39:
Error: The getter 'Navigator' isn't defined for the type '_AnalysisSheetFormState'.
 - '_AnalysisSheetFormState' is from 'package:aquaanalyst_ai/ui/screens/analysis_sheet_form.dart' ('lib/ui/screens/anal
ysis_sheet_form.dart').
          TextButton(onPressed: () => Navigator.pop(ctx), child: const Text('郢ｧ・ｭ郢晢ｽ｣郢晢ｽｳ郢ｧ・ｻ郢晢ｽｫ')),
                                      ^^^^^^^^^
lib/ui/screens/analysis_sheet_form.dart:244:11:
Error: The method 'TextButton' isn't defined for the type '_AnalysisSheetFormState'.
 - '_AnalysisSheetFormState' is from 'package:aquaanalyst_ai/ui/screens/analysis_sheet_form.dart' ('lib/ui/screens/anal
ysis_sheet_form.dart').
          TextButton(onPressed: () => Navigator.pop(ctx), child: const Text('郢ｧ・ｭ郢晢ｽ｣郢晢ｽｳ郢ｧ・ｻ郢晢ｽｫ')),
          ^^^^^^^^^^
lib/ui/screens/analysis_sheet_form.dart:249:52:
Error: The getter 'Navigator' isn't defined for the type '_AnalysisSheetFormState'.
 - '_AnalysisSheetFormState' is from 'package:aquaanalyst_ai/ui/screens/analysis_sheet_form.dart' ('lib/ui/screens/anal
ysis_sheet_form.dart').
              if (s != null && e != null && e > s) Navigator.pop(ctx, {'start': s, 'end': e});
                                                   ^^^^^^^^^
lib/ui/screens/analysis_sheet_form.dart:245:11:
Error: The method 'TextButton' isn't defined for the type '_AnalysisSheetFormState'.
 - '_AnalysisSheetFormState' is from 'package:aquaanalyst_ai/ui/screens/analysis_sheet_form.dart' ('lib/ui/screens/anal
ysis_sheet_form.dart').
          TextButton(
          ^^^^^^^^^^
lib/ui/screens/analysis_sheet_form.dart:229:25:
Error: The method 'AlertDialog' isn't defined for the type '_AnalysisSheetFormState'.
 - '_AnalysisSheetFormState' is from 'package:aquaanalyst_ai/ui/screens/analysis_sheet_form.dart' ('lib/ui/screens/anal
ysis_sheet_form.dart').
      builder: (ctx) => AlertDialog(
                        ^^^^^^^^^^^
lib/ui/screens/analysis_sheet_form.dart:227:26:
Error: The method 'showDialog' isn't defined for the type '_AnalysisSheetFormState'.
 - '_AnalysisSheetFormState' is from 'package:aquaanalyst_ai/ui/screens/analysis_sheet_form.dart' ('lib/ui/screens/anal
ysis_sheet_form.dart').
    final result = await showDialog<Map<String, int>>(
                         ^^^^^^^^^^
lib/ui/screens/analysis_sheet_form.dart:265:28:
Error: 'BuildContext' isn't a type.
  Future<void> _selectDate(BuildContext context) async {
                           ^^^^^^^^^^^^
lib/ui/screens/analysis_sheet_form.dart:266:26:
Error: The method 'showDatePicker' isn't defined for the type '_AnalysisSheetFormState'.
 - '_AnalysisSheetFormState' is from 'package:aquaanalyst_ai/ui/screens/analysis_sheet_form.dart' ('lib/ui/screens/anal
ysis_sheet_form.dart').
    final picked = await showDatePicker(
                         ^^^^^^^^^^^^^^
lib/ui/screens/analysis_sheet_form.dart:276:16:
Error: 'BuildContext' isn't a type.
  Widget build(BuildContext context) {
               ^^^^^^^^^^^^
lib/ui/screens/analysis_sheet_form.dart:278:22:
Error: Couldn't find constructor 'EdgeInsets.symmetric'.
      padding: const EdgeInsets.symmetric(horizontal: 16.0, vertical: 8.0),
                     ^^^^^^^^^^
lib/ui/screens/analysis_sheet_form.dart:286:62:
Error: Not a constant expression.
                const SizedBox(width: 16, height: 16, child: CircularProgressIndicator(strokeWidth: 2))
                                                             ^^^^^^^^^^^^^^^^^^^^^^^^^
lib/ui/screens/analysis_sheet_form.dart:286:23:
Error: Not a constant expression.
                const SizedBox(width: 16, height: 16, child: CircularProgressIndicator(strokeWidth: 2))
                      ^^^^^^^^
lib/ui/screens/analysis_sheet_form.dart:290:36:
Error: Not a constant expression.
                  icon: const Icon(Icons.camera_alt, size: 16),
                                   ^^^^^
lib/ui/screens/analysis_sheet_form.dart:290:31:
Error: Not a constant expression.
                  icon: const Icon(Icons.camera_alt, size: 16),
                              ^^^^
lib/ui/screens/analysis_sheet_form.dart:291:52:
Error: Not a constant expression.
                  label: const Text('陷蜥乗ｄ髫暦ｽ｣隴ｫ繝ｻ, style: TextStyle(fontSize: 12)),
                                                   ^^^^^^^^^
lib/ui/screens/analysis_sheet_form.dart:291:32:
Error: Not a constant expression.
                  label: const Text('陷蜥乗ｄ髫暦ｽ｣隴ｫ繝ｻ, style: TextStyle(fontSize: 12)),
                               ^^^^
lib/ui/screens/analysis_sheet_form.dart:296:17:
Error: Not a constant expression.
          const SizedBox(height: 12),
                ^^^^^^^^
lib/ui/screens/analysis_sheet_form.dart:306:84:
Error: Not a constant expression.
                      const Text('髫ｪ蛟ｬ鮖ｸ隴鯉ｽ･', style: TextStyle(fontSize: 11, fontWeight: FontWeight.bold, color: Color
s.grey)),
                                                                                   ^^^^^^^^^^
lib/ui/screens/analysis_sheet_form.dart:306:108:
Error: Not a constant expression.
                      const Text('髫ｪ蛟ｬ鮖ｸ隴鯉ｽ･', style: TextStyle(fontSize: 11, fontWeight: FontWeight.bold, color: Color
s.grey)),
                                                                                          ^^^^^^
lib/ui/screens/analysis_sheet_form.dart:306:48:
Error: Not a constant expression.
                      const Text('髫ｪ蛟ｬ鮖ｸ隴鯉ｽ･', style: TextStyle(fontSize: 11, fontWeight: FontWeight.bold, color: Color
s.grey)),
                                               ^^^^^^^^^
lib/ui/screens/analysis_sheet_form.dart:306:29:
Error: Not a constant expression.
                      const Text('髫ｪ蛟ｬ鮖ｸ隴鯉ｽ･', style: TextStyle(fontSize: 11, fontWeight: FontWeight.bold, color: Color
s.grey)),
                            ^^^^
lib/ui/screens/analysis_sheet_form.dart:307:29:
Error: Not a constant expression.
                      const SizedBox(height: 4),
                            ^^^^^^^^
lib/ui/screens/analysis_sheet_form.dart:316:21:
Error: Not a constant expression.
              const SizedBox(width: 24),
                    ^^^^^^^^
lib/ui/screens/analysis_sheet_form.dart:321:89:
Error: Not a constant expression.
                    const Text('TOTAL TIME', style: TextStyle(fontSize: 11, fontWeight: FontWeight.bold, color: Colors.
grey)),
                                                                                        ^^^^^^^^^^
lib/ui/screens/analysis_sheet_form.dart:321:113:
Error: Not a constant expression.
                    const Text('TOTAL TIME', style: TextStyle(fontSize: 11, fontWeight: FontWeight.bold, color: Colors.
grey)),
                                                                                          ^^^^^^
lib/ui/screens/analysis_sheet_form.dart:321:53:
Error: Not a constant expression.
                    const Text('TOTAL TIME', style: TextStyle(fontSize: 11, fontWeight: FontWeight.bold, color: Colors.
grey)),
                                                    ^^^^^^^^^
lib/ui/screens/analysis_sheet_form.dart:321:27:
Error: Not a constant expression.
                    const Text('TOTAL TIME', style: TextStyle(fontSize: 11, fontWeight: FontWeight.bold, color: Colors.
grey)),
                          ^^^^
lib/ui/screens/analysis_sheet_form.dart:327:41:
Error: Not a constant expression.
                        contentPadding: EdgeInsets.symmetric(vertical: 4),
                                        ^^^^^^^^^^
lib/ui/screens/analysis_sheet_form.dart:327:52:
Error: Method invocation is not a constant expression.
                        contentPadding: EdgeInsets.symmetric(vertical: 4),
                                                   ^^^^^^^^^
lib/ui/screens/analysis_sheet_form.dart:325:41:
Error: Not a constant expression.
                      decoration: const InputDecoration(
                                        ^^^^^^^^^^^^^^^
lib/ui/screens/analysis_sheet_form.dart:336:17:
Error: Not a constant expression.
          const SizedBox(height: 16),
                ^^^^^^^^
lib/ui/screens/analysis_sheet_form.dart:347:37:
Error: Not a constant expression.
                    contentPadding: EdgeInsets.symmetric(vertical: 8),
                                    ^^^^^^^^^^
lib/ui/screens/analysis_sheet_form.dart:347:48:
Error: Method invocation is not a constant expression.
                    contentPadding: EdgeInsets.symmetric(vertical: 8),
                                               ^^^^^^^^^
lib/ui/screens/analysis_sheet_form.dart:344:37:
Error: Not a constant expression.
                  decoration: const InputDecoration(
                                    ^^^^^^^^^^^^^^^
lib/ui/screens/analysis_sheet_form.dart:349:106:
Error: Not a constant expression.
                  items: _eventOptions.map((e) => DropdownMenuItem(value: e, child: Text(e, style: const TextStyle(font
Size: 13)))).toList(),
                                                                                          ^^^^^^^^^
lib/ui/screens/analysis_sheet_form.dart:363:21:
Error: Not a constant expression.
              const SizedBox(width: 16),
                    ^^^^^^^^
lib/ui/screens/analysis_sheet_form.dart:369:81:
Error: Not a constant expression.
                    const Text('雎鯉ｽｴ髴搾ｽｯ', style: TextStyle(fontSize: 11, fontWeight: FontWeight.bold, color: Colors.gr
ey)),
                                                                                ^^^^^^^^^^
lib/ui/screens/analysis_sheet_form.dart:369:105:
Error: Not a constant expression.
                    const Text('雎鯉ｽｴ髴搾ｽｯ', style: TextStyle(fontSize: 11, fontWeight: FontWeight.bold, color: Colors.gr
ey)),
                                                                                          ^^^^^^
lib/ui/screens/analysis_sheet_form.dart:369:45:
Error: Not a constant expression.
                    const Text('雎鯉ｽｴ髴搾ｽｯ', style: TextStyle(fontSize: 11, fontWeight: FontWeight.bold, color: Colors.gr
ey)),
                                            ^^^^^^^^^
lib/ui/screens/analysis_sheet_form.dart:369:27:
Error: Not a constant expression.
                    const Text('雎鯉ｽｴ髴搾ｽｯ', style: TextStyle(fontSize: 11, fontWeight: FontWeight.bold, color: Colors.gr
ey)),
                          ^^^^
lib/ui/screens/analysis_sheet_form.dart:373:40:
Error: Not a constant expression.
                      underline: const SizedBox(),
                                       ^^^^^^^^
lib/ui/screens/analysis_sheet_form.dart:374:123:
Error: Not a constant expression.
                      items: ['驕擾ｽｭ雎鯉ｽｴ髴搾ｽｯ (25m)', '鬮滂ｽｷ雎鯉ｽｴ髴搾ｽｯ (50m)'].map((c) => DropdownMenuItem(value: c, child: 
Text(c, style: const TextStyle(fontSize: 12)))).toList(),
                                                                                          ^^^^^^^^^
lib/ui/screens/analysis_sheet_form.dart:385:34:
Error: Not a constant expression.
          const Padding(padding: EdgeInsets.symmetric(vertical: 12.0), child: Divider(height: 1)),
                                 ^^^^^^^^^^
lib/ui/screens/analysis_sheet_form.dart:385:45:
Error: Method invocation is not a constant expression.
          const Padding(padding: EdgeInsets.symmetric(vertical: 12.0), child: Divider(height: 1)),
                                            ^^^^^^^^^
lib/ui/screens/analysis_sheet_form.dart:385:79:
Error: Not a constant expression.
          const Padding(padding: EdgeInsets.symmetric(vertical: 12.0), child: Divider(height: 1)),
                                                                              ^^^^^^^
lib/ui/screens/analysis_sheet_form.dart:385:17:
Error: Not a constant expression.
          const Padding(padding: EdgeInsets.symmetric(vertical: 12.0), child: Divider(height: 1)),
                ^^^^^^^
lib/ui/screens/analysis_sheet_form.dart:390:78:
Error: Not a constant expression.
              const Text('郢晢ｽｩ郢昴・繝ｻ髫ｧ・ｳ驍擾ｽｰ', style: TextStyle(fontSize: 15, fontWeight: FontWeight.bold)),
                                                                             ^^^^^^^^^^
lib/ui/screens/analysis_sheet_form.dart:390:42:
Error: Not a constant expression.
              const Text('郢晢ｽｩ郢昴・繝ｻ髫ｧ・ｳ驍擾ｽｰ', style: TextStyle(fontSize: 15, fontWeight: FontWeight.bold)),
                                         ^^^^^^^^^
lib/ui/screens/analysis_sheet_form.dart:390:21:
Error: Not a constant expression.
              const Text('郢晢ｽｩ郢昴・繝ｻ髫ｧ・ｳ驍擾ｽｰ', style: TextStyle(fontSize: 15, fontWeight: FontWeight.bold)),
                    ^^^^
lib/ui/screens/analysis_sheet_form.dart:394:73:
Error: Not a constant expression.
                  IconButton(onPressed: _addCustomLap, icon: const Icon(Icons.add_circle_outline, size: 18), visualDens
ity: VisualDensity.compact),
                                                                        ^^^^^
lib/ui/screens/analysis_sheet_form.dart:394:68:
Error: Not a constant expression.
                  IconButton(onPressed: _addCustomLap, icon: const Icon(Icons.add_circle_outline, size: 18), visualDens
ity: VisualDensity.compact),
                                                                   ^^^^
lib/ui/screens/analysis_sheet_form.dart:399:17:
Error: Not a constant expression.
          const SizedBox(height: 8),
                ^^^^^^^^
lib/ui/screens/analysis_sheet_form.dart:408:32:
Error: Couldn't find constructor 'EdgeInsets.only'.
                padding: const EdgeInsets.only(bottom: 12.0), // Scrollbar padding
                               ^^^^^^^^^^
lib/ui/screens/analysis_sheet_form.dart:414:40:
Error: Couldn't find constructor 'EdgeInsets.symmetric'.
                        padding: const EdgeInsets.symmetric(vertical: 8, horizontal: 4),
                                       ^^^^^^^^^^
lib/ui/screens/analysis_sheet_form.dart:418:96:
Error: Not a constant expression.
                            SizedBox(width: 50, child: Text('陋ｹ・ｺ陋ｻ繝ｻ, style: TextStyle(fontWeight: FontWeight.bold, fo
ntSize: 10))),
                                                                                          ^^^^^^^^^^
lib/ui/screens/analysis_sheet_form.dart:418:74:
Error: Not a constant expression.
                            SizedBox(width: 50, child: Text('陋ｹ・ｺ陋ｻ繝ｻ, style: TextStyle(fontWeight: FontWeight.bold, fo
ntSize: 10))),
                                                                         ^^^^^^^^^
lib/ui/screens/analysis_sheet_form.dart:418:56:
Error: Not a constant expression.
                            SizedBox(width: 50, child: Text('陋ｹ・ｺ陋ｻ繝ｻ, style: TextStyle(fontWeight: FontWeight.bold, fo
ntSize: 10))),
                                                       ^^^^
lib/ui/screens/analysis_sheet_form.dart:420:97:
Error: Not a constant expression.
                            SizedBox(width: 80, child: Text('Rap', style: TextStyle(fontWeight: FontWeight.bold, fontSi
ze: 10))),
                                                                                          ^^^^^^^^^^
lib/ui/screens/analysis_sheet_form.dart:420:75:
Error: Not a constant expression.
                            SizedBox(width: 80, child: Text('Rap', style: TextStyle(fontWeight: FontWeight.bold, fontSi
ze: 10))),
                                                                          ^^^^^^^^^
lib/ui/screens/analysis_sheet_form.dart:420:56:
Error: Not a constant expression.
                            SizedBox(width: 80, child: Text('Rap', style: TextStyle(fontWeight: FontWeight.bold, fontSi
ze: 10))),
                                                       ^^^^
lib/ui/screens/analysis_sheet_form.dart:422:99:
Error: Not a constant expression.
                            SizedBox(width: 80, child: Text('Sprit', style: TextStyle(fontWeight: FontWeight.bold, font
Size: 10))),
                                                                                          ^^^^^^^^^^
lib/ui/screens/analysis_sheet_form.dart:422:77:
Error: Not a constant expression.
                            SizedBox(width: 80, child: Text('Sprit', style: TextStyle(fontWeight: FontWeight.bold, font
Size: 10))),
                                                                            ^^^^^^^^^
lib/ui/screens/analysis_sheet_form.dart:422:56:
Error: Not a constant expression.
                            SizedBox(width: 80, child: Text('Sprit', style: TextStyle(fontWeight: FontWeight.bold, font
Size: 10))),
                                                       ^^^^
lib/ui/screens/analysis_sheet_form.dart:424:97:
Error: Not a constant expression.
                            SizedBox(width: 50, child: Text('Str', style: TextStyle(fontWeight: FontWeight.bold, fontSi
ze: 10))),
                                                                                          ^^^^^^^^^^
lib/ui/screens/analysis_sheet_form.dart:424:75:
Error: Not a constant expression.
                            SizedBox(width: 50, child: Text('Str', style: TextStyle(fontWeight: FontWeight.bold, fontSi
ze: 10))),
                                                                          ^^^^^^^^^
lib/ui/screens/analysis_sheet_form.dart:424:56:
Error: Not a constant expression.
                            SizedBox(width: 50, child: Text('Str', style: TextStyle(fontWeight: FontWeight.bold, fontSi
ze: 10))),
                                                       ^^^^
lib/ui/screens/analysis_sheet_form.dart:426:96:
Error: Not a constant expression.
                            SizedBox(width: 50, child: Text('UW', style: TextStyle(fontWeight: FontWeight.bold, fontSiz
e: 10))),
                                                                                          ^^^^^^^^^^
lib/ui/screens/analysis_sheet_form.dart:426:74:
Error: Not a constant expression.
                            SizedBox(width: 50, child: Text('UW', style: TextStyle(fontWeight: FontWeight.bold, fontSiz
e: 10))),
                                                                         ^^^^^^^^^
lib/ui/screens/analysis_sheet_form.dart:426:56:
Error: Not a constant expression.
                            SizedBox(width: 50, child: Text('UW', style: TextStyle(fontWeight: FontWeight.bold, fontSiz
e: 10))),
                                                       ^^^^
lib/ui/screens/analysis_sheet_form.dart:428:85:
Error: Not a constant expression.
                            Expanded(child: Text('陋ｯ蜻ｵﾂ繝ｻ, style: TextStyle(fontWeight: FontWeight.bold, fontSize: 10)
)),
                                                                                    ^^^^^^^^^^
lib/ui/screens/analysis_sheet_form.dart:428:63:
Error: Not a constant expression.
                            Expanded(child: Text('陋ｯ蜻ｵﾂ繝ｻ, style: TextStyle(fontWeight: FontWeight.bold, fontSize: 10)
)),
                                                              ^^^^^^^^^
lib/ui/screens/analysis_sheet_form.dart:428:45:
Error: Not a constant expression.
                            Expanded(child: Text('陋ｯ蜻ｵﾂ繝ｻ, style: TextStyle(fontWeight: FontWeight.bold, fontSize: 10)
)),
                                            ^^^^
lib/ui/screens/analysis_sheet_form.dart:429:29:
Error: Not a constant expression.
                            SizedBox(width: 40),
                            ^^^^^^^^
lib/ui/screens/analysis_sheet_form.dart:428:29:
Error: Not a constant expression.
                            Expanded(child: Text('陋ｯ蜻ｵﾂ繝ｻ, style: TextStyle(fontWeight: FontWeight.bold, fontSize: 10)
)),
                            ^^^^^^^^
lib/ui/screens/analysis_sheet_form.dart:427:29:
Error: Not a constant expression.
                            SizedBox(width: 4),
                            ^^^^^^^^
lib/ui/screens/analysis_sheet_form.dart:426:29:
Error: Not a constant expression.
                            SizedBox(width: 50, child: Text('UW', style: TextStyle(fontWeight: FontWeight.bold, fontSiz
e: 10))),
                            ^^^^^^^^
lib/ui/screens/analysis_sheet_form.dart:425:29:
Error: Not a constant expression.
                            SizedBox(width: 4),
                            ^^^^^^^^
lib/ui/screens/analysis_sheet_form.dart:424:29:
Error: Not a constant expression.
                            SizedBox(width: 50, child: Text('Str', style: TextStyle(fontWeight: FontWeight.bold, fontSi
ze: 10))),
                            ^^^^^^^^
lib/ui/screens/analysis_sheet_form.dart:423:29:
Error: Not a constant expression.
                            SizedBox(width: 4),
                            ^^^^^^^^
lib/ui/screens/analysis_sheet_form.dart:422:29:
Error: Not a constant expression.
                            SizedBox(width: 80, child: Text('Sprit', style: TextStyle(fontWeight: FontWeight.bold, font
Size: 10))),
                            ^^^^^^^^
lib/ui/screens/analysis_sheet_form.dart:421:29:
Error: Not a constant expression.
                            SizedBox(width: 4),
                            ^^^^^^^^
lib/ui/screens/analysis_sheet_form.dart:420:29:
Error: Not a constant expression.
                            SizedBox(width: 80, child: Text('Rap', style: TextStyle(fontWeight: FontWeight.bold, fontSi
ze: 10))),
                            ^^^^^^^^
lib/ui/screens/analysis_sheet_form.dart:419:29:
Error: Not a constant expression.
                            SizedBox(width: 4),
                            ^^^^^^^^
lib/ui/screens/analysis_sheet_form.dart:418:29:
Error: Not a constant expression.
                            SizedBox(width: 50, child: Text('陋ｹ・ｺ陋ｻ繝ｻ, style: TextStyle(fontWeight: FontWeight.bold, fo
ntSize: 10))),
                            ^^^^^^^^
lib/ui/screens/analysis_sheet_form.dart:416:38:
Error: Not a constant expression.
                        child: const Row(
                                     ^^^
lib/ui/screens/analysis_sheet_form.dart:433:29:
Error: Not a constant expression.
                      const SizedBox(height: 4),
                            ^^^^^^^^
lib/ui/screens/analysis_sheet_form.dart:441:17:
Error: Not a constant expression.
          const SizedBox(height: 24),
                ^^^^^^^^
lib/ui/screens/analysis_sheet_form.dart:280:29:
Error: The getter 'CrossAxisAlignment' isn't defined for the type '_AnalysisSheetFormState'.
 - '_AnalysisSheetFormState' is from 'package:aquaanalyst_ai/ui/screens/analysis_sheet_form.dart' ('lib/ui/screens/anal
ysis_sheet_form.dart').
        crossAxisAlignment: CrossAxisAlignment.start,
                            ^^^^^^^^^^^^^^^^^^
lib/ui/screens/analysis_sheet_form.dart:283:32:
Error: The getter 'MainAxisAlignment' isn't defined for the type '_AnalysisSheetFormState'.
 - '_AnalysisSheetFormState' is from 'package:aquaanalyst_ai/ui/screens/analysis_sheet_form.dart' ('lib/ui/screens/anal
ysis_sheet_form.dart').
            mainAxisAlignment: MainAxisAlignment.end,
                               ^^^^^^^^^^^^^^^^^
lib/ui/screens/analysis_sheet_form.dart:288:17:
Error: The getter 'TextButton' isn't defined for the type '_AnalysisSheetFormState'.
 - '_AnalysisSheetFormState' is from 'package:aquaanalyst_ai/ui/screens/analysis_sheet_form.dart' ('lib/ui/screens/anal
ysis_sheet_form.dart').
                TextButton.icon(
                ^^^^^^^^^^
lib/ui/screens/analysis_sheet_form.dart:292:26:
Error: The getter 'TextButton' isn't defined for the type '_AnalysisSheetFormState'.
 - '_AnalysisSheetFormState' is from 'package:aquaanalyst_ai/ui/screens/analysis_sheet_form.dart' ('lib/ui/screens/anal
ysis_sheet_form.dart').
                  style: TextButton.styleFrom(visualDensity: VisualDensity.compact),
                         ^^^^^^^^^^
lib/ui/screens/analysis_sheet_form.dart:292:62:
Error: The getter 'VisualDensity' isn't defined for the type '_AnalysisSheetFormState'.
 - '_AnalysisSheetFormState' is from 'package:aquaanalyst_ai/ui/screens/analysis_sheet_form.dart' ('lib/ui/screens/anal
ysis_sheet_form.dart').
                  style: TextButton.styleFrom(visualDensity: VisualDensity.compact),
                                                             ^^^^^^^^^^^^^
lib/ui/screens/analysis_sheet_form.dart:282:11:
Error: The method 'Row' isn't defined for the type '_AnalysisSheetFormState'.
 - '_AnalysisSheetFormState' is from 'package:aquaanalyst_ai/ui/screens/analysis_sheet_form.dart' ('lib/ui/screens/anal
ysis_sheet_form.dart').
          Row(
          ^^^
lib/ui/screens/analysis_sheet_form.dart:304:41:
Error: The getter 'CrossAxisAlignment' isn't defined for the type '_AnalysisSheetFormState'.
 - '_AnalysisSheetFormState' is from 'package:aquaanalyst_ai/ui/screens/analysis_sheet_form.dart' ('lib/ui/screens/anal
ysis_sheet_form.dart').
                    crossAxisAlignment: CrossAxisAlignment.start,
                                        ^^^^^^^^^^^^^^^^^^
lib/ui/screens/analysis_sheet_form.dart:310:68:
Error: The getter 'FontWeight' isn't defined for the type '_AnalysisSheetFormState'.
 - '_AnalysisSheetFormState' is from 'package:aquaanalyst_ai/ui/screens/analysis_sheet_form.dart' ('lib/ui/screens/anal
ysis_sheet_form.dart').
                        style: TextStyle(fontSize: 16, fontWeight: FontWeight.bold, color: AppColors.skyBlue),
                                                                   ^^^^^^^^^^
lib/ui/screens/analysis_sheet_form.dart:310:32:
Error: The method 'TextStyle' isn't defined for the type '_AnalysisSheetFormState'.
 - '_AnalysisSheetFormState' is from 'package:aquaanalyst_ai/ui/screens/analysis_sheet_form.dart' ('lib/ui/screens/anal
ysis_sheet_form.dart').
                        style: TextStyle(fontSize: 16, fontWeight: FontWeight.bold, color: AppColors.skyBlue),
                               ^^^^^^^^^
lib/ui/screens/analysis_sheet_form.dart:308:23:
Error: The method 'Text' isn't defined for the type '_AnalysisSheetFormState'.
 - '_AnalysisSheetFormState' is from 'package:aquaanalyst_ai/ui/screens/analysis_sheet_form.dart' ('lib/ui/screens/anal
ysis_sheet_form.dart').
                      Text(
                      ^^^^
lib/ui/screens/analysis_sheet_form.dart:303:26:
Error: The method 'Column' isn't defined for the type '_AnalysisSheetFormState'.
 - '_AnalysisSheetFormState' is from 'package:aquaanalyst_ai/ui/screens/analysis_sheet_form.dart' ('lib/ui/screens/anal
ysis_sheet_form.dart').
                  child: Column(
                         ^^^^^^
lib/ui/screens/analysis_sheet_form.dart:301:24:
Error: The method 'InkWell' isn't defined for the type '_AnalysisSheetFormState'.
 - '_AnalysisSheetFormState' is from 'package:aquaanalyst_ai/ui/screens/analysis_sheet_form.dart' ('lib/ui/screens/anal
ysis_sheet_form.dart').
                child: InkWell(
                       ^^^^^^^
lib/ui/screens/analysis_sheet_form.dart:300:15:
Error: The method 'Expanded' isn't defined for the type '_AnalysisSheetFormState'.
 - '_AnalysisSheetFormState' is from 'package:aquaanalyst_ai/ui/screens/analysis_sheet_form.dart' ('lib/ui/screens/anal
ysis_sheet_form.dart').
              Expanded(
              ^^^^^^^^
lib/ui/screens/analysis_sheet_form.dart:319:39:
Error: The getter 'CrossAxisAlignment' isn't defined for the type '_AnalysisSheetFormState'.
 - '_AnalysisSheetFormState' is from 'package:aquaanalyst_ai/ui/screens/analysis_sheet_form.dart' ('lib/ui/screens/anal
ysis_sheet_form.dart').
                  crossAxisAlignment: CrossAxisAlignment.start,
                                      ^^^^^^^^^^^^^^^^^^
lib/ui/screens/analysis_sheet_form.dart:324:66:
Error: The getter 'FontWeight' isn't defined for the type '_AnalysisSheetFormState'.
 - '_AnalysisSheetFormState' is from 'package:aquaanalyst_ai/ui/screens/analysis_sheet_form.dart' ('lib/ui/screens/anal
ysis_sheet_form.dart').
                      style: TextStyle(fontSize: 20, fontWeight: FontWeight.bold, color: AppColors.skyBlue),
                                                                 ^^^^^^^^^^
lib/ui/screens/analysis_sheet_form.dart:324:30:
Error: The method 'TextStyle' isn't defined for the type '_AnalysisSheetFormState'.
 - '_AnalysisSheetFormState' is from 'package:aquaanalyst_ai/ui/screens/analysis_sheet_form.dart' ('lib/ui/screens/anal
ysis_sheet_form.dart').
                      style: TextStyle(fontSize: 20, fontWeight: FontWeight.bold, color: AppColors.skyBlue),
                             ^^^^^^^^^
lib/ui/screens/analysis_sheet_form.dart:322:21:
Error: The method 'TextField' isn't defined for the type '_AnalysisSheetFormState'.
 - '_AnalysisSheetFormState' is from 'package:aquaanalyst_ai/ui/screens/analysis_sheet_form.dart' ('lib/ui/screens/anal
ysis_sheet_form.dart').
                    TextField(
                    ^^^^^^^^^
lib/ui/screens/analysis_sheet_form.dart:318:24:
Error: The method 'Column' isn't defined for the type '_AnalysisSheetFormState'.
 - '_AnalysisSheetFormState' is from 'package:aquaanalyst_ai/ui/screens/analysis_sheet_form.dart' ('lib/ui/screens/anal
ysis_sheet_form.dart').
                child: Column(
                       ^^^^^^
lib/ui/screens/analysis_sheet_form.dart:317:15:
Error: The method 'Expanded' isn't defined for the type '_AnalysisSheetFormState'.
 - '_AnalysisSheetFormState' is from 'package:aquaanalyst_ai/ui/screens/analysis_sheet_form.dart' ('lib/ui/screens/anal
ysis_sheet_form.dart').
              Expanded(
              ^^^^^^^^
lib/ui/screens/analysis_sheet_form.dart:298:11:
Error: The method 'Row' isn't defined for the type '_AnalysisSheetFormState'.
 - '_AnalysisSheetFormState' is from 'package:aquaanalyst_ai/ui/screens/analysis_sheet_form.dart' ('lib/ui/screens/anal
ysis_sheet_form.dart').
          Row(
          ^^^
lib/ui/screens/analysis_sheet_form.dart:349:85:
Error: The method 'Text' isn't defined for the type '_AnalysisSheetFormState'.
 - '_AnalysisSheetFormState' is from 'package:aquaanalyst_ai/ui/screens/analysis_sheet_form.dart' ('lib/ui/screens/anal
ysis_sheet_form.dart').
                  items: _eventOptions.map((e) => DropdownMenuItem(value: e, child: Text(e, style: const TextStyle(font
Size: 13)))).toList(),
                                                                                    ^^^^
lib/ui/screens/analysis_sheet_form.dart:349:51:
Error: The method 'DropdownMenuItem' isn't defined for the type '_AnalysisSheetFormState'.
 - '_AnalysisSheetFormState' is from 'package:aquaanalyst_ai/ui/screens/analysis_sheet_form.dart' ('lib/ui/screens/anal
ysis_sheet_form.dart').
                  items: _eventOptions.map((e) => DropdownMenuItem(value: e, child: Text(e, style: const TextStyle(font
Size: 13)))).toList(),
                                                  ^^^^^^^^^^^^^^^^
lib/ui/screens/analysis_sheet_form.dart:342:24:
Error: The method 'DropdownButtonFormField' isn't defined for the type '_AnalysisSheetFormState'.
 - '_AnalysisSheetFormState' is from 'package:aquaanalyst_ai/ui/screens/analysis_sheet_form.dart' ('lib/ui/screens/anal
ysis_sheet_form.dart').
                child: DropdownButtonFormField<String>(
                       ^^^^^^^^^^^^^^^^^^^^^^^
lib/ui/screens/analysis_sheet_form.dart:340:15:
Error: The method 'Expanded' isn't defined for the type '_AnalysisSheetFormState'.
 - '_AnalysisSheetFormState' is from 'package:aquaanalyst_ai/ui/screens/analysis_sheet_form.dart' ('lib/ui/screens/anal
ysis_sheet_form.dart').
              Expanded(
              ^^^^^^^^
lib/ui/screens/analysis_sheet_form.dart:367:39:
Error: The getter 'CrossAxisAlignment' isn't defined for the type '_AnalysisSheetFormState'.
 - '_AnalysisSheetFormState' is from 'package:aquaanalyst_ai/ui/screens/analysis_sheet_form.dart' ('lib/ui/screens/anal
ysis_sheet_form.dart').
                  crossAxisAlignment: CrossAxisAlignment.start,
                                      ^^^^^^^^^^^^^^^^^^
lib/ui/screens/analysis_sheet_form.dart:374:102:
Error: The method 'Text' isn't defined for the type '_AnalysisSheetFormState'.
 - '_AnalysisSheetFormState' is from 'package:aquaanalyst_ai/ui/screens/analysis_sheet_form.dart' ('lib/ui/screens/anal
ysis_sheet_form.dart').
                      items: ['驕擾ｽｭ雎鯉ｽｴ髴搾ｽｯ (25m)', '鬮滂ｽｷ雎鯉ｽｴ髴搾ｽｯ (50m)'].map((c) => DropdownMenuItem(value: c, child: 
Text(c, style: const TextStyle(fontSize: 12)))).toList(),
                                                                                          ^^^^
lib/ui/screens/analysis_sheet_form.dart:374:68:
Error: The method 'DropdownMenuItem' isn't defined for the type '_AnalysisSheetFormState'.
 - '_AnalysisSheetFormState' is from 'package:aquaanalyst_ai/ui/screens/analysis_sheet_form.dart' ('lib/ui/screens/anal
ysis_sheet_form.dart').
                      items: ['驕擾ｽｭ雎鯉ｽｴ髴搾ｽｯ (25m)', '鬮滂ｽｷ雎鯉ｽｴ髴搾ｽｯ (50m)'].map((c) => DropdownMenuItem(value: c, child: 
Text(c, style: const TextStyle(fontSize: 12)))).toList(),
                                                                   ^^^^^^^^^^^^^^^^
lib/ui/screens/analysis_sheet_form.dart:370:21:
Error: The method 'DropdownButton' isn't defined for the type '_AnalysisSheetFormState'.
 - '_AnalysisSheetFormState' is from 'package:aquaanalyst_ai/ui/screens/analysis_sheet_form.dart' ('lib/ui/screens/anal
ysis_sheet_form.dart').
                    DropdownButton<String>(
                    ^^^^^^^^^^^^^^
lib/ui/screens/analysis_sheet_form.dart:366:24:
Error: The method 'Column' isn't defined for the type '_AnalysisSheetFormState'.
 - '_AnalysisSheetFormState' is from 'package:aquaanalyst_ai/ui/screens/analysis_sheet_form.dart' ('lib/ui/screens/anal
ysis_sheet_form.dart').
                child: Column(
                       ^^^^^^
lib/ui/screens/analysis_sheet_form.dart:364:15:
Error: The method 'Expanded' isn't defined for the type '_AnalysisSheetFormState'.
 - '_AnalysisSheetFormState' is from 'package:aquaanalyst_ai/ui/screens/analysis_sheet_form.dart' ('lib/ui/screens/anal
ysis_sheet_form.dart').
              Expanded(
              ^^^^^^^^
lib/ui/screens/analysis_sheet_form.dart:338:11:
Error: The method 'Row' isn't defined for the type '_AnalysisSheetFormState'.
 - '_AnalysisSheetFormState' is from 'package:aquaanalyst_ai/ui/screens/analysis_sheet_form.dart' ('lib/ui/screens/anal
ysis_sheet_form.dart').
          Row(
          ^^^
lib/ui/screens/analysis_sheet_form.dart:388:32:
Error: The getter 'MainAxisAlignment' isn't defined for the type '_AnalysisSheetFormState'.
 - '_AnalysisSheetFormState' is from 'package:aquaanalyst_ai/ui/screens/analysis_sheet_form.dart' ('lib/ui/screens/anal
ysis_sheet_form.dart').
            mainAxisAlignment: MainAxisAlignment.spaceBetween,
                               ^^^^^^^^^^^^^^^^^
lib/ui/screens/analysis_sheet_form.dart:394:125:
Error: The getter 'VisualDensity' isn't defined for the type '_AnalysisSheetFormState'.
 - '_AnalysisSheetFormState' is from 'package:aquaanalyst_ai/ui/screens/analysis_sheet_form.dart' ('lib/ui/screens/anal
ysis_sheet_form.dart').
                  IconButton(onPressed: _addCustomLap, icon: const Icon(Icons.add_circle_outline, size: 18), visualDens
ity: VisualDensity.compact),
                                                                                          ^^^^^^^^^^^^^
lib/ui/screens/analysis_sheet_form.dart:394:19:
Error: The method 'IconButton' isn't defined for the type '_AnalysisSheetFormState'.
 - '_AnalysisSheetFormState' is from 'package:aquaanalyst_ai/ui/screens/analysis_sheet_form.dart' ('lib/ui/screens/anal
ysis_sheet_form.dart').
                  IconButton(onPressed: _addCustomLap, icon: const Icon(Icons.add_circle_outline, size: 18), visualDens
ity: VisualDensity.compact),
                  ^^^^^^^^^^
lib/ui/screens/analysis_sheet_form.dart:391:15:
Error: The method 'Row' isn't defined for the type '_AnalysisSheetFormState'.
 - '_AnalysisSheetFormState' is from 'package:aquaanalyst_ai/ui/screens/analysis_sheet_form.dart' ('lib/ui/screens/anal
ysis_sheet_form.dart').
              Row(
              ^^^
lib/ui/screens/analysis_sheet_form.dart:387:11:
Error: The method 'Row' isn't defined for the type '_AnalysisSheetFormState'.
 - '_AnalysisSheetFormState' is from 'package:aquaanalyst_ai/ui/screens/analysis_sheet_form.dart' ('lib/ui/screens/anal
ysis_sheet_form.dart').
          Row(
          ^^^
lib/ui/screens/analysis_sheet_form.dart:406:32:
Error: The getter 'Axis' isn't defined for the type '_AnalysisSheetFormState'.
 - '_AnalysisSheetFormState' is from 'package:aquaanalyst_ai/ui/screens/analysis_sheet_form.dart' ('lib/ui/screens/anal
ysis_sheet_form.dart').
              scrollDirection: Axis.horizontal,
                               ^^^^
lib/ui/screens/analysis_sheet_form.dart:415:58:
Error: The getter 'Theme' isn't defined for the type '_AnalysisSheetFormState'.
 - '_AnalysisSheetFormState' is from 'package:aquaanalyst_ai/ui/screens/analysis_sheet_form.dart' ('lib/ui/screens/anal
ysis_sheet_form.dart').
                        decoration: BoxDecoration(color: Theme.of(context).colorScheme.onSurface.withValues(alpha: 0.05
), borderRadius: BorderRadius.circular(4)),
                                                         ^^^^^
lib/ui/screens/analysis_sheet_form.dart:415:137:
Error: The getter 'BorderRadius' isn't defined for the type '_AnalysisSheetFormState'.
 - '_AnalysisSheetFormState' is from 'package:aquaanalyst_ai/ui/screens/analysis_sheet_form.dart' ('lib/ui/screens/anal
ysis_sheet_form.dart').
                        decoration: BoxDecoration(color: Theme.of(context).colorScheme.onSurface.withValues(alpha: 0.05
), borderRadius: BorderRadius.circular(4)),
                                                                                          ^^^^^^^^^^^^
lib/ui/screens/analysis_sheet_form.dart:415:37:
Error: The method 'BoxDecoration' isn't defined for the type '_AnalysisSheetFormState'.
 - '_AnalysisSheetFormState' is from 'package:aquaanalyst_ai/ui/screens/analysis_sheet_form.dart' ('lib/ui/screens/anal
ysis_sheet_form.dart').
                        decoration: BoxDecoration(color: Theme.of(context).colorScheme.onSurface.withValues(alpha: 0.05
), borderRadius: BorderRadius.circular(4)),
                                    ^^^^^^^^^^^^^
lib/ui/screens/analysis_sheet_form.dart:413:23:
Error: The method 'Container' isn't defined for the type '_AnalysisSheetFormState'.
 - '_AnalysisSheetFormState' is from 'package:aquaanalyst_ai/ui/screens/analysis_sheet_form.dart' ('lib/ui/screens/anal
ysis_sheet_form.dart').
                      Container(
                      ^^^^^^^^^
lib/ui/screens/analysis_sheet_form.dart:411:26:
Error: The method 'Column' isn't defined for the type '_AnalysisSheetFormState'.
 - '_AnalysisSheetFormState' is from 'package:aquaanalyst_ai/ui/screens/analysis_sheet_form.dart' ('lib/ui/screens/anal
ysis_sheet_form.dart').
                  child: Column(
                         ^^^^^^
lib/ui/screens/analysis_sheet_form.dart:409:24:
Error: The method 'SizedBox' isn't defined for the type '_AnalysisSheetFormState'.
 - '_AnalysisSheetFormState' is from 'package:aquaanalyst_ai/ui/screens/analysis_sheet_form.dart' ('lib/ui/screens/anal
ysis_sheet_form.dart').
                child: SizedBox(
                       ^^^^^^^^
lib/ui/screens/analysis_sheet_form.dart:407:22:
Error: The method 'Padding' isn't defined for the type '_AnalysisSheetFormState'.
 - '_AnalysisSheetFormState' is from 'package:aquaanalyst_ai/ui/screens/analysis_sheet_form.dart' ('lib/ui/screens/anal
ysis_sheet_form.dart').
              child: Padding(
                     ^^^^^^^
lib/ui/screens/analysis_sheet_form.dart:404:20:
Error: The method 'SingleChildScrollView' isn't defined for the type '_AnalysisSheetFormState'.
 - '_AnalysisSheetFormState' is from 'package:aquaanalyst_ai/ui/screens/analysis_sheet_form.dart' ('lib/ui/screens/anal
ysis_sheet_form.dart').
            child: SingleChildScrollView(
                   ^^^^^^^^^^^^^^^^^^^^^
lib/ui/screens/analysis_sheet_form.dart:401:11:
Error: The method 'Scrollbar' isn't defined for the type '_AnalysisSheetFormState'.
 - '_AnalysisSheetFormState' is from 'package:aquaanalyst_ai/ui/screens/analysis_sheet_form.dart' ('lib/ui/screens/anal
ysis_sheet_form.dart').
          Scrollbar(
          ^^^^^^^^^
lib/ui/screens/analysis_sheet_form.dart:279:14:
Error: The method 'Column' isn't defined for the type '_AnalysisSheetFormState'.
 - '_AnalysisSheetFormState' is from 'package:aquaanalyst_ai/ui/screens/analysis_sheet_form.dart' ('lib/ui/screens/anal
ysis_sheet_form.dart').
      child: Column(
             ^^^^^^
lib/ui/screens/analysis_sheet_form.dart:277:21:
Error: The method 'SingleChildScrollView' isn't defined for the type '_AnalysisSheetFormState'.
 - '_AnalysisSheetFormState' is from 'package:aquaanalyst_ai/ui/screens/analysis_sheet_form.dart' ('lib/ui/screens/anal
ysis_sheet_form.dart').
    final content = SingleChildScrollView(
                    ^^^^^^^^^^^^^^^^^^^^^
lib/ui/screens/analysis_sheet_form.dart:453:25:
Error: The getter 'FontWeight' isn't defined for the type '_AnalysisSheetFormState'.
 - '_AnalysisSheetFormState' is from 'package:aquaanalyst_ai/ui/screens/analysis_sheet_form.dart' ('lib/ui/screens/anal
ysis_sheet_form.dart').
            fontWeight: FontWeight.w900,
                        ^^^^^^^^^^
lib/ui/screens/analysis_sheet_form.dart:451:18:
Error: The method 'TextStyle' isn't defined for the type '_AnalysisSheetFormState'.
 - '_AnalysisSheetFormState' is from 'package:aquaanalyst_ai/ui/screens/analysis_sheet_form.dart' ('lib/ui/screens/anal
ysis_sheet_form.dart').
          style: TextStyle(
                 ^^^^^^^^^
lib/ui/screens/analysis_sheet_form.dart:449:16:
Error: The method 'Text' isn't defined for the type '_AnalysisSheetFormState'.
 - '_AnalysisSheetFormState' is from 'package:aquaanalyst_ai/ui/screens/analysis_sheet_form.dart' ('lib/ui/screens/anal
ysis_sheet_form.dart').
        title: Text(
               ^^^^
lib/ui/screens/analysis_sheet_form.dart:448:15:
Error: The method 'AppBar' isn't defined for the type '_AnalysisSheetFormState'.
 - '_AnalysisSheetFormState' is from 'package:aquaanalyst_ai/ui/screens/analysis_sheet_form.dart' ('lib/ui/screens/anal
ysis_sheet_form.dart').
      appBar: AppBar(
              ^^^^^^
lib/ui/screens/analysis_sheet_form.dart:447:12:
Error: The method 'Scaffold' isn't defined for the type '_AnalysisSheetFormState'.
 - '_AnalysisSheetFormState' is from 'package:aquaanalyst_ai/ui/screens/analysis_sheet_form.dart' ('lib/ui/screens/anal
ysis_sheet_form.dart').
    return Scaffold(
           ^^^^^^^^
lib/ui/screens/analysis_sheet_form.dart:534:19:
Error: The method 'pop' isn't defined for the type 'BuildContext'.
 - 'BuildContext' is from 'package:flutter/src/widgets/framework.dart' ('/C:/Program%20Files/flutter/packages/flutter/l
ib/src/widgets/framework.dart').
          context.pop();
                  ^^^
lib/ui/screens/analysis_sheet_form.dart:547:22:
Error: Couldn't find constructor 'EdgeInsets.symmetric'.
      padding: const EdgeInsets.symmetric(vertical: 2.0),
                     ^^^^^^^^^^
lib/ui/screens/analysis_sheet_form.dart:550:127:
Error: Not a constant expression.
          SizedBox(width: 50, child: TextField(controller: lap.sectionController, style: const TextStyle(fontSize: 10, 
color: Colors.grey), decoration: const InputDecoration(isDense: true, border: InputBorder.none))),
                                                                                          ^^^^^^
lib/ui/screens/analysis_sheet_form.dart:550:96:
Error: Not a constant expression.
          SizedBox(width: 50, child: TextField(controller: lap.sectionController, style: const TextStyle(fontSize: 10, 
color: Colors.grey), decoration: const InputDecoration(isDense: true, border: InputBorder.none))),
                                                                                          ^^^^^^^^^
lib/ui/screens/analysis_sheet_form.dart:550:198:
Error: Not a constant expression.
          SizedBox(width: 50, child: TextField(controller: lap.sectionController, style: const TextStyle(fontSize: 10, 
color: Colors.grey), decoration: const InputDecoration(isDense: true, border: InputBorder.none))),
                                                                                          ^^^^^^^^^^^
lib/ui/screens/analysis_sheet_form.dart:550:159:
Error: Not a constant expression.
          SizedBox(width: 50, child: TextField(controller: lap.sectionController, style: const TextStyle(fontSize: 10, 
color: Colors.grey), decoration: const InputDecoration(isDense: true, border: InputBorder.none))),
                                                                                          ^^^^^^^^^^^^^^^
lib/ui/screens/analysis_sheet_form.dart:551:17:
Error: Not a constant expression.
          const SizedBox(width: 4),
                ^^^^^^^^
lib/ui/screens/analysis_sheet_form.dart:552:294:
Error: Not a constant expression.
          SizedBox(width: 80, child: TextField(controller: lap.cumulativeController, onChanged: (_) => _calculateTimesF
romCumulative(index), style: TextStyle(fontSize: 12, fontWeight: FontWeight.bold, color: AppColors.skyBlue), decoration
: const InputDecoration(isDense: true, contentPadding: EdgeInsets.all(4), border: OutlineInputBorder()))),
                                                                                          ^^^^^^^^^^
lib/ui/screens/analysis_sheet_form.dart:552:305:
Error: Method invocation is not a constant expression.
          SizedBox(width: 80, child: TextField(controller: lap.cumulativeController, onChanged: (_) => _calculateTimesF
romCumulative(index), style: TextStyle(fontSize: 12, fontWeight: FontWeight.bold, color: AppColors.skyBlue), decoration
: const InputDecoration(isDense: true, contentPadding: EdgeInsets.all(4), border: OutlineInputBorder()))),
                                                                                          ^^^
lib/ui/screens/analysis_sheet_form.dart:552:321:
Error: Not a constant expression.
          SizedBox(width: 80, child: TextField(controller: lap.cumulativeController, onChanged: (_) => _calculateTimesF
romCumulative(index), style: TextStyle(fontSize: 12, fontWeight: FontWeight.bold, color: AppColors.skyBlue), decoration
: const InputDecoration(isDense: true, contentPadding: EdgeInsets.all(4), border: OutlineInputBorder()))),
                                                                                          ^^^^^^^^^^^^^^^^^^
lib/ui/screens/analysis_sheet_form.dart:552:247:
Error: Not a constant expression.
          SizedBox(width: 80, child: TextField(controller: lap.cumulativeController, onChanged: (_) => _calculateTimesF
romCumulative(index), style: TextStyle(fontSize: 12, fontWeight: FontWeight.bold, color: AppColors.skyBlue), decoration
: const InputDecoration(isDense: true, contentPadding: EdgeInsets.all(4), border: OutlineInputBorder()))),
                                                                                          ^^^^^^^^^^^^^^^
lib/ui/screens/analysis_sheet_form.dart:553:17:
Error: Not a constant expression.
          const SizedBox(width: 4),
                ^^^^^^^^
lib/ui/screens/analysis_sheet_form.dart:554:142:
Error: Not a constant expression.
          SizedBox(width: 80, child: TextField(controller: lap.timeController, onChanged: (_) => _calculateTimesFromLap
(index), style: const TextStyle(fontSize: 12), decoration: const InputDecoration(isDense: true, contentPadding: EdgeIns
ets.all(4), border: OutlineInputBorder(), hintText: ''))),
                                                                                          ^^^^^^^^^
lib/ui/screens/analysis_sheet_form.dart:554:232:
Error: Not a constant expression.
          SizedBox(width: 80, child: TextField(controller: lap.timeController, onChanged: (_) => _calculateTimesFromLap
(index), style: const TextStyle(fontSize: 12), decoration: const InputDecoration(isDense: true, contentPadding: EdgeIns
ets.all(4), border: OutlineInputBorder(), hintText: ''))),
                                                                                          ^^^^^^^^^^
lib/ui/screens/analysis_sheet_form.dart:554:243:
Error: Method invocation is not a constant expression.
          SizedBox(width: 80, child: TextField(controller: lap.timeController, onChanged: (_) => _calculateTimesFromLap
(index), style: const TextStyle(fontSize: 12), decoration: const InputDecoration(isDense: true, contentPadding: EdgeIns
ets.all(4), border: OutlineInputBorder(), hintText: ''))),
                                                                                          ^^^
lib/ui/screens/analysis_sheet_form.dart:554:259:
Error: Not a constant expression.
          SizedBox(width: 80, child: TextField(controller: lap.timeController, onChanged: (_) => _calculateTimesFromLap
(index), style: const TextStyle(fontSize: 12), decoration: const InputDecoration(isDense: true, contentPadding: EdgeIns
ets.all(4), border: OutlineInputBorder(), hintText: ''))),
                                                                                          ^^^^^^^^^^^^^^^^^^
lib/ui/screens/analysis_sheet_form.dart:554:185:
Error: Not a constant expression.
          SizedBox(width: 80, child: TextField(controller: lap.timeController, onChanged: (_) => _calculateTimesFromLap
(index), style: const TextStyle(fontSize: 12), decoration: const InputDecoration(isDense: true, contentPadding: EdgeIns
ets.all(4), border: OutlineInputBorder(), hintText: ''))),
                                                                                          ^^^^^^^^^^^^^^^
lib/ui/screens/analysis_sheet_form.dart:555:17:
Error: Not a constant expression.
          const SizedBox(width: 4),
                ^^^^^^^^
lib/ui/screens/analysis_sheet_form.dart:556:131:
Error: Not a constant expression.
          SizedBox(width: 50, child: TextField(controller: lap.strokeController, keyboardType: TextInputType.number, st
yle: const TextStyle(fontSize: 12), decoration: const InputDecoration(isDense: true, contentPadding: EdgeInsets.all(4),
 border: OutlineInputBorder()))),
                                                                                          ^^^^^^^^^
lib/ui/screens/analysis_sheet_form.dart:556:221:
Error: Not a constant expression.
          SizedBox(width: 50, child: TextField(controller: lap.strokeController, keyboardType: TextInputType.number, st
yle: const TextStyle(fontSize: 12), decoration: const InputDecoration(isDense: true, contentPadding: EdgeInsets.all(4),
 border: OutlineInputBorder()))),
                                                                                          ^^^^^^^^^^
lib/ui/screens/analysis_sheet_form.dart:556:232:
Error: Method invocation is not a constant expression.
          SizedBox(width: 50, child: TextField(controller: lap.strokeController, keyboardType: TextInputType.number, st
yle: const TextStyle(fontSize: 12), decoration: const InputDecoration(isDense: true, contentPadding: EdgeInsets.all(4),
 border: OutlineInputBorder()))),
                                                                                          ^^^
lib/ui/screens/analysis_sheet_form.dart:556:248:
Error: Not a constant expression.
          SizedBox(width: 50, child: TextField(controller: lap.strokeController, keyboardType: TextInputType.number, st
yle: const TextStyle(fontSize: 12), decoration: const InputDecoration(isDense: true, contentPadding: EdgeInsets.all(4),
 border: OutlineInputBorder()))),
                                                                                          ^^^^^^^^^^^^^^^^^^
lib/ui/screens/analysis_sheet_form.dart:556:174:
Error: Not a constant expression.
          SizedBox(width: 50, child: TextField(controller: lap.strokeController, keyboardType: TextInputType.number, st
yle: const TextStyle(fontSize: 12), decoration: const InputDecoration(isDense: true, contentPadding: EdgeInsets.all(4),
 border: OutlineInputBorder()))),
                                                                                          ^^^^^^^^^^^^^^^
lib/ui/screens/analysis_sheet_form.dart:557:17:
Error: Not a constant expression.
          const SizedBox(width: 4),
                ^^^^^^^^
lib/ui/screens/analysis_sheet_form.dart:558:106:
Error: Couldn't find constructor 'TextInputType.numberWithOptions'.
          SizedBox(width: 50, child: TextField(controller: lap.underwaterController, keyboardType: const TextInputType.
numberWithOptions(decimal: true), style: const TextStyle(fontSize: 12), decoration: const InputDecoration(isDense: true
, contentPadding: EdgeInsets.all(4), border: OutlineInputBorder()))),
                                                                                          ^^^^^^^^^^^^^
lib/ui/screens/analysis_sheet_form.dart:558:167:
Error: Not a constant expression.
          SizedBox(width: 50, child: TextField(controller: lap.underwaterController, keyboardType: const TextInputType.
numberWithOptions(decimal: true), style: const TextStyle(fontSize: 12), decoration: const InputDecoration(isDense: true
, contentPadding: EdgeInsets.all(4), border: OutlineInputBorder()))),
                                                                                          ^^^^^^^^^
lib/ui/screens/analysis_sheet_form.dart:558:257:
Error: Not a constant expression.
          SizedBox(width: 50, child: TextField(controller: lap.underwaterController, keyboardType: const TextInputType.
numberWithOptions(decimal: true), style: const TextStyle(fontSize: 12), decoration: const InputDecoration(isDense: true
, contentPadding: EdgeInsets.all(4), border: OutlineInputBorder()))),
                                                                                          ^^^^^^^^^^
lib/ui/screens/analysis_sheet_form.dart:558:268:
Error: Method invocation is not a constant expression.
          SizedBox(width: 50, child: TextField(controller: lap.underwaterController, keyboardType: const TextInputType.
numberWithOptions(decimal: true), style: const TextStyle(fontSize: 12), decoration: const InputDecoration(isDense: true
, contentPadding: EdgeInsets.all(4), border: OutlineInputBorder()))),
                                                                                          ^^^
lib/ui/screens/analysis_sheet_form.dart:558:284:
Error: Not a constant expression.
          SizedBox(width: 50, child: TextField(controller: lap.underwaterController, keyboardType: const TextInputType.
numberWithOptions(decimal: true), style: const TextStyle(fontSize: 12), decoration: const InputDecoration(isDense: true
, contentPadding: EdgeInsets.all(4), border: OutlineInputBorder()))),
                                                                                          ^^^^^^^^^^^^^^^^^^
lib/ui/screens/analysis_sheet_form.dart:558:210:
Error: Not a constant expression.
          SizedBox(width: 50, child: TextField(controller: lap.underwaterController, keyboardType: const TextInputType.
numberWithOptions(decimal: true), style: const TextStyle(fontSize: 12), decoration: const InputDecoration(isDense: true
, contentPadding: EdgeInsets.all(4), border: OutlineInputBorder()))),
                                                                                          ^^^^^^^^^^^^^^^
lib/ui/screens/analysis_sheet_form.dart:559:17:
Error: Not a constant expression.
          const SizedBox(width: 4),
                ^^^^^^^^
lib/ui/screens/analysis_sheet_form.dart:560:82:
Error: Not a constant expression.
          Expanded(child: TextField(controller: lap.memoController, style: const TextStyle(fontSize: 11), decoration: c
onst InputDecoration(isDense: true, contentPadding: EdgeInsets.all(4), border: OutlineInputBorder()))),
                                                                                 ^^^^^^^^^
lib/ui/screens/analysis_sheet_form.dart:560:172:
Error: Not a constant expression.
          Expanded(child: TextField(controller: lap.memoController, style: const TextStyle(fontSize: 11), decoration: c
onst InputDecoration(isDense: true, contentPadding: EdgeInsets.all(4), border: OutlineInputBorder()))),
                                                                                          ^^^^^^^^^^
lib/ui/screens/analysis_sheet_form.dart:560:183:
Error: Method invocation is not a constant expression.
          Expanded(child: TextField(controller: lap.memoController, style: const TextStyle(fontSize: 11), decoration: c
onst InputDecoration(isDense: true, contentPadding: EdgeInsets.all(4), border: OutlineInputBorder()))),
                                                                                          ^^^
lib/ui/screens/analysis_sheet_form.dart:560:199:
Error: Not a constant expression.
          Expanded(child: TextField(controller: lap.memoController, style: const TextStyle(fontSize: 11), decoration: c
onst InputDecoration(isDense: true, contentPadding: EdgeInsets.all(4), border: OutlineInputBorder()))),
                                                                                          ^^^^^^^^^^^^^^^^^^
lib/ui/screens/analysis_sheet_form.dart:560:125:
Error: Not a constant expression.
          Expanded(child: TextField(controller: lap.memoController, style: const TextStyle(fontSize: 11), decoration: c
onst InputDecoration(isDense: true, contentPadding: EdgeInsets.all(4), border: OutlineInputBorder()))),
                                                                                          ^^^^^^^^^^^^^^^
lib/ui/screens/analysis_sheet_form.dart:561:66:
Error: Not a constant expression.
          SizedBox(width: 40, child: IconButton(icon: const Icon(Icons.splitscreen, size: 16, color: Colors.blueAccent)
, padding: EdgeInsets.zero, constraints: const BoxConstraints(), onPressed: () => _showSplitDialog(index))),
                                                                 ^^^^^
lib/ui/screens/analysis_sheet_form.dart:561:102:
Error: Not a constant expression.
          SizedBox(width: 40, child: IconButton(icon: const Icon(Icons.splitscreen, size: 16, color: Colors.blueAccent)
, padding: EdgeInsets.zero, constraints: const BoxConstraints(), onPressed: () => _showSplitDialog(index))),
                                                                                          ^^^^^^
lib/ui/screens/analysis_sheet_form.dart:561:61:
Error: Not a constant expression.
          SizedBox(width: 40, child: IconButton(icon: const Icon(Icons.splitscreen, size: 16, color: Colors.blueAccent)
, padding: EdgeInsets.zero, constraints: const BoxConstraints(), onPressed: () => _showSplitDialog(index))),
                                                            ^^^^
lib/ui/screens/analysis_sheet_form.dart:561:167:
Error: Not a constant expression.
          SizedBox(width: 40, child: IconButton(icon: const Icon(Icons.splitscreen, size: 16, color: Colors.blueAccent)
, padding: EdgeInsets.zero, constraints: const BoxConstraints(), onPressed: () => _showSplitDialog(index))),
                                                                                          ^^^^^^^^^^^^^^
lib/ui/screens/analysis_sheet_form.dart:550:38:
Error: The method 'TextField' isn't defined for the type '_AnalysisSheetFormState'.
 - '_AnalysisSheetFormState' is from 'package:aquaanalyst_ai/ui/screens/analysis_sheet_form.dart' ('lib/ui/screens/anal
ysis_sheet_form.dart').
          SizedBox(width: 50, child: TextField(controller: lap.sectionController, style: const TextStyle(fontSize: 10, 
color: Colors.grey), decoration: const InputDecoration(isDense: true, border: InputBorder.none))),
                                     ^^^^^^^^^
lib/ui/screens/analysis_sheet_form.dart:550:11:
Error: The method 'SizedBox' isn't defined for the type '_AnalysisSheetFormState'.
 - '_AnalysisSheetFormState' is from 'package:aquaanalyst_ai/ui/screens/analysis_sheet_form.dart' ('lib/ui/screens/anal
ysis_sheet_form.dart').
          SizedBox(width: 50, child: TextField(controller: lap.sectionController, style: const TextStyle(fontSize: 10, 
color: Colors.grey), decoration: const InputDecoration(isDense: true, border: InputBorder.none))),
          ^^^^^^^^
lib/ui/screens/analysis_sheet_form.dart:552:185:
Error: The getter 'FontWeight' isn't defined for the type '_AnalysisSheetFormState'.
 - '_AnalysisSheetFormState' is from 'package:aquaanalyst_ai/ui/screens/analysis_sheet_form.dart' ('lib/ui/screens/anal
ysis_sheet_form.dart').
          SizedBox(width: 80, child: TextField(controller: lap.cumulativeController, onChanged: (_) => _calculateTimesF
romCumulative(index), style: TextStyle(fontSize: 12, fontWeight: FontWeight.bold, color: AppColors.skyBlue), decoration
: const InputDecoration(isDense: true, contentPadding: EdgeInsets.all(4), border: OutlineInputBorder()))),
                                                                                          ^^^^^^^^^^
lib/ui/screens/analysis_sheet_form.dart:552:149:
Error: The method 'TextStyle' isn't defined for the type '_AnalysisSheetFormState'.
 - '_AnalysisSheetFormState' is from 'package:aquaanalyst_ai/ui/screens/analysis_sheet_form.dart' ('lib/ui/screens/anal
ysis_sheet_form.dart').
          SizedBox(width: 80, child: TextField(controller: lap.cumulativeController, onChanged: (_) => _calculateTimesF
romCumulative(index), style: TextStyle(fontSize: 12, fontWeight: FontWeight.bold, color: AppColors.skyBlue), decoration
: const InputDecoration(isDense: true, contentPadding: EdgeInsets.all(4), border: OutlineInputBorder()))),
                                                                                          ^^^^^^^^^
lib/ui/screens/analysis_sheet_form.dart:552:38:
Error: The method 'TextField' isn't defined for the type '_AnalysisSheetFormState'.
 - '_AnalysisSheetFormState' is from 'package:aquaanalyst_ai/ui/screens/analysis_sheet_form.dart' ('lib/ui/screens/anal
ysis_sheet_form.dart').
          SizedBox(width: 80, child: TextField(controller: lap.cumulativeController, onChanged: (_) => _calculateTimesF
romCumulative(index), style: TextStyle(fontSize: 12, fontWeight: FontWeight.bold, color: AppColors.skyBlue), decoration
: const InputDecoration(isDense: true, contentPadding: EdgeInsets.all(4), border: OutlineInputBorder()))),
                                     ^^^^^^^^^
lib/ui/screens/analysis_sheet_form.dart:552:11:
Error: The method 'SizedBox' isn't defined for the type '_AnalysisSheetFormState'.
 - '_AnalysisSheetFormState' is from 'package:aquaanalyst_ai/ui/screens/analysis_sheet_form.dart' ('lib/ui/screens/anal
ysis_sheet_form.dart').
          SizedBox(width: 80, child: TextField(controller: lap.cumulativeController, onChanged: (_) => _calculateTimesF
romCumulative(index), style: TextStyle(fontSize: 12, fontWeight: FontWeight.bold, color: AppColors.skyBlue), decoration
: const InputDecoration(isDense: true, contentPadding: EdgeInsets.all(4), border: OutlineInputBorder()))),
          ^^^^^^^^
lib/ui/screens/analysis_sheet_form.dart:554:38:
Error: The method 'TextField' isn't defined for the type '_AnalysisSheetFormState'.
 - '_AnalysisSheetFormState' is from 'package:aquaanalyst_ai/ui/screens/analysis_sheet_form.dart' ('lib/ui/screens/anal
ysis_sheet_form.dart').
          SizedBox(width: 80, child: TextField(controller: lap.timeController, onChanged: (_) => _calculateTimesFromLap
(index), style: const TextStyle(fontSize: 12), decoration: const InputDecoration(isDense: true, contentPadding: EdgeIns
ets.all(4), border: OutlineInputBorder(), hintText: ''))),
                                     ^^^^^^^^^
lib/ui/screens/analysis_sheet_form.dart:554:11:
Error: The method 'SizedBox' isn't defined for the type '_AnalysisSheetFormState'.
 - '_AnalysisSheetFormState' is from 'package:aquaanalyst_ai/ui/screens/analysis_sheet_form.dart' ('lib/ui/screens/anal
ysis_sheet_form.dart').
          SizedBox(width: 80, child: TextField(controller: lap.timeController, onChanged: (_) => _calculateTimesFromLap
(index), style: const TextStyle(fontSize: 12), decoration: const InputDecoration(isDense: true, contentPadding: EdgeIns
ets.all(4), border: OutlineInputBorder(), hintText: ''))),
          ^^^^^^^^
lib/ui/screens/analysis_sheet_form.dart:556:96:
Error: The getter 'TextInputType' isn't defined for the type '_AnalysisSheetFormState'.
 - '_AnalysisSheetFormState' is from 'package:aquaanalyst_ai/ui/screens/analysis_sheet_form.dart' ('lib/ui/screens/anal
ysis_sheet_form.dart').
          SizedBox(width: 50, child: TextField(controller: lap.strokeController, keyboardType: TextInputType.number, st
yle: const TextStyle(fontSize: 12), decoration: const InputDecoration(isDense: true, contentPadding: EdgeInsets.all(4),
 border: OutlineInputBorder()))),
                                                                                          ^^^^^^^^^^^^^
lib/ui/screens/analysis_sheet_form.dart:556:38:
Error: The method 'TextField' isn't defined for the type '_AnalysisSheetFormState'.
 - '_AnalysisSheetFormState' is from 'package:aquaanalyst_ai/ui/screens/analysis_sheet_form.dart' ('lib/ui/screens/anal
ysis_sheet_form.dart').
          SizedBox(width: 50, child: TextField(controller: lap.strokeController, keyboardType: TextInputType.number, st
yle: const TextStyle(fontSize: 12), decoration: const InputDecoration(isDense: true, contentPadding: EdgeInsets.all(4),
 border: OutlineInputBorder()))),
                                     ^^^^^^^^^
lib/ui/screens/analysis_sheet_form.dart:556:11:
Error: The method 'SizedBox' isn't defined for the type '_AnalysisSheetFormState'.
 - '_AnalysisSheetFormState' is from 'package:aquaanalyst_ai/ui/screens/analysis_sheet_form.dart' ('lib/ui/screens/anal
ysis_sheet_form.dart').
          SizedBox(width: 50, child: TextField(controller: lap.strokeController, keyboardType: TextInputType.number, st
yle: const TextStyle(fontSize: 12), decoration: const InputDecoration(isDense: true, contentPadding: EdgeInsets.all(4),
 border: OutlineInputBorder()))),
          ^^^^^^^^
lib/ui/screens/analysis_sheet_form.dart:558:38:
Error: The method 'TextField' isn't defined for the type '_AnalysisSheetFormState'.
 - '_AnalysisSheetFormState' is from 'package:aquaanalyst_ai/ui/screens/analysis_sheet_form.dart' ('lib/ui/screens/anal
ysis_sheet_form.dart').
          SizedBox(width: 50, child: TextField(controller: lap.underwaterController, keyboardType: const TextInputType.
numberWithOptions(decimal: true), style: const TextStyle(fontSize: 12), decoration: const InputDecoration(isDense: true
, contentPadding: EdgeInsets.all(4), border: OutlineInputBorder()))),
                                     ^^^^^^^^^
lib/ui/screens/analysis_sheet_form.dart:558:11:
Error: The method 'SizedBox' isn't defined for the type '_AnalysisSheetFormState'.
 - '_AnalysisSheetFormState' is from 'package:aquaanalyst_ai/ui/screens/analysis_sheet_form.dart' ('lib/ui/screens/anal
ysis_sheet_form.dart').
          SizedBox(width: 50, child: TextField(controller: lap.underwaterController, keyboardType: const TextInputType.
numberWithOptions(decimal: true), style: const TextStyle(fontSize: 12), decoration: const InputDecoration(isDense: true
, contentPadding: EdgeInsets.all(4), border: OutlineInputBorder()))),
          ^^^^^^^^
lib/ui/screens/analysis_sheet_form.dart:560:27:
Error: The method 'TextField' isn't defined for the type '_AnalysisSheetFormState'.
 - '_AnalysisSheetFormState' is from 'package:aquaanalyst_ai/ui/screens/analysis_sheet_form.dart' ('lib/ui/screens/anal
ysis_sheet_form.dart').
          Expanded(child: TextField(controller: lap.memoController, style: const TextStyle(fontSize: 11), decoration: c
onst InputDecoration(isDense: true, contentPadding: EdgeInsets.all(4), border: OutlineInputBorder()))),
                          ^^^^^^^^^
lib/ui/screens/analysis_sheet_form.dart:560:11:
Error: The method 'Expanded' isn't defined for the type '_AnalysisSheetFormState'.
 - '_AnalysisSheetFormState' is from 'package:aquaanalyst_ai/ui/screens/analysis_sheet_form.dart' ('lib/ui/screens/anal
ysis_sheet_form.dart').
          Expanded(child: TextField(controller: lap.memoController, style: const TextStyle(fontSize: 11), decoration: c
onst InputDecoration(isDense: true, contentPadding: EdgeInsets.all(4), border: OutlineInputBorder()))),
          ^^^^^^^^
lib/ui/screens/analysis_sheet_form.dart:561:131:
Error: The getter 'EdgeInsets' isn't defined for the type '_AnalysisSheetFormState'.
 - '_AnalysisSheetFormState' is from 'package:aquaanalyst_ai/ui/screens/analysis_sheet_form.dart' ('lib/ui/screens/anal
ysis_sheet_form.dart').
          SizedBox(width: 40, child: IconButton(icon: const Icon(Icons.splitscreen, size: 16, color: Colors.blueAccent)
, padding: EdgeInsets.zero, constraints: const BoxConstraints(), onPressed: () => _showSplitDialog(index))),
                                                                                          ^^^^^^^^^^
lib/ui/screens/analysis_sheet_form.dart:561:38:
Error: The method 'IconButton' isn't defined for the type '_AnalysisSheetFormState'.
 - '_AnalysisSheetFormState' is from 'package:aquaanalyst_ai/ui/screens/analysis_sheet_form.dart' ('lib/ui/screens/anal
ysis_sheet_form.dart').
          SizedBox(width: 40, child: IconButton(icon: const Icon(Icons.splitscreen, size: 16, color: Colors.blueAccent)
, padding: EdgeInsets.zero, constraints: const BoxConstraints(), onPressed: () => _showSplitDialog(index))),
                                     ^^^^^^^^^^
lib/ui/screens/analysis_sheet_form.dart:561:11:
Error: The method 'SizedBox' isn't defined for the type '_AnalysisSheetFormState'.
 - '_AnalysisSheetFormState' is from 'package:aquaanalyst_ai/ui/screens/analysis_sheet_form.dart' ('lib/ui/screens/anal
ysis_sheet_form.dart').
          SizedBox(width: 40, child: IconButton(icon: const Icon(Icons.splitscreen, size: 16, color: Colors.blueAccent)
, padding: EdgeInsets.zero, constraints: const BoxConstraints(), onPressed: () => _showSplitDialog(index))),
          ^^^^^^^^
lib/ui/screens/analysis_sheet_form.dart:548:14:
Error: The method 'Row' isn't defined for the type '_AnalysisSheetFormState'.
 - '_AnalysisSheetFormState' is from 'package:aquaanalyst_ai/ui/screens/analysis_sheet_form.dart' ('lib/ui/screens/anal
ysis_sheet_form.dart').
      child: Row(
             ^^^
lib/ui/screens/analysis_sheet_form.dart:546:12:
Error: The method 'Padding' isn't defined for the type '_AnalysisSheetFormState'.
 - '_AnalysisSheetFormState' is from 'package:aquaanalyst_ai/ui/screens/analysis_sheet_form.dart' ('lib/ui/screens/anal
ysis_sheet_form.dart').
    return Padding(
           ^^^^^^^
lib/ui/screens/analysis_sheet_form.dart:578:127:
Error: Couldn't find constructor 'TextInputType.numberWithOptions'.
        content: Column(mainAxisSize: MainAxisSize.min, children: [TextField(controller: splitController, keyboardType:
 const TextInputType.numberWithOptions(decimal: true), decoration: const InputDecoration(labelText: '陋ｻ繝ｻ迚｡陜ｨ・ｰ霓､・ｹ (m)
', suffixText: 'm', border: OutlineInputBorder()))]),
                                                                                          ^^^^^^^^^^^^^
lib/ui/screens/analysis_sheet_form.dart:578:257:
Error: Not a constant expression.
        content: Column(mainAxisSize: MainAxisSize.min, children: [TextField(controller: splitController, keyboardType:
 const TextInputType.numberWithOptions(decimal: true), decoration: const InputDecoration(labelText: '陋ｻ繝ｻ迚｡陜ｨ・ｰ霓､・ｹ (m)
', suffixText: 'm', border: OutlineInputBorder()))]),
                                                                                          ^^^^^^^^^^^^^^^^^^
lib/ui/screens/analysis_sheet_form.dart:578:193:
Error: Not a constant expression.
        content: Column(mainAxisSize: MainAxisSize.min, children: [TextField(controller: splitController, keyboardType:
 const TextInputType.numberWithOptions(decimal: true), decoration: const InputDecoration(labelText: '陋ｻ繝ｻ迚｡陜ｨ・ｰ霓､・ｹ (m)
', suffixText: 'm', border: OutlineInputBorder()))]),
                                                                                          ^^^^^^^^^^^^^^^
lib/ui/screens/analysis_sheet_form.dart:579:80:
Error: Not a constant expression.
        actions: [TextButton(onPressed: () => Navigator.pop(ctx), child: const Text('郢ｧ・ｭ郢晢ｽ｣郢晢ｽｳ郢ｧ・ｻ郢晢ｽｫ')), TextButto
n(onPressed: () { final val = double.tryParse(splitController.text); if (val != null && val > lapStart && val < lapEnd)
 Navigator.pop(ctx, val); }, child: const Text('陋ｻ繝ｻ迚｡'))],
                                                                               ^^^^
lib/ui/screens/analysis_sheet_form.dart:579:266:
Error: Not a constant expression.
        actions: [TextButton(onPressed: () => Navigator.pop(ctx), child: const Text('郢ｧ・ｭ郢晢ｽ｣郢晢ｽｳ郢ｧ・ｻ郢晢ｽｫ')), TextButto
n(onPressed: () { final val = double.tryParse(splitController.text); if (val != null && val > lapStart && val < lapEnd)
 Navigator.pop(ctx, val); }, child: const Text('陋ｻ繝ｻ迚｡'))],
                                                                                          ^^^^
lib/ui/screens/analysis_sheet_form.dart:573:29:
Error: The method 'TextEditingController' isn't defined for the type '_AnalysisSheetFormState'.
 - '_AnalysisSheetFormState' is from 'package:aquaanalyst_ai/ui/screens/analysis_sheet_form.dart' ('lib/ui/screens/anal
ysis_sheet_form.dart').
    final splitController = TextEditingController(text: ((lapStart + lapEnd) / 2).toString());
                            ^^^^^^^^^^^^^^^^^^^^^
lib/ui/screens/analysis_sheet_form.dart:577:16:
Error: The method 'Text' isn't defined for the type '_AnalysisSheetFormState'.
 - '_AnalysisSheetFormState' is from 'package:aquaanalyst_ai/ui/screens/analysis_sheet_form.dart' ('lib/ui/screens/anal
ysis_sheet_form.dart').
        title: Text('${lap.sectionController.text} 郢ｧ雋槭・陷托ｽｲ'),
               ^^^^
lib/ui/screens/analysis_sheet_form.dart:578:39:
Error: The getter 'MainAxisSize' isn't defined for the type '_AnalysisSheetFormState'.
 - '_AnalysisSheetFormState' is from 'package:aquaanalyst_ai/ui/screens/analysis_sheet_form.dart' ('lib/ui/screens/anal
ysis_sheet_form.dart').
        content: Column(mainAxisSize: MainAxisSize.min, children: [TextField(controller: splitController, keyboardType:
 const TextInputType.numberWithOptions(decimal: true), decoration: const InputDecoration(labelText: '陋ｻ繝ｻ迚｡陜ｨ・ｰ霓､・ｹ (m)
', suffixText: 'm', border: OutlineInputBorder()))]),
                                      ^^^^^^^^^^^^
lib/ui/screens/analysis_sheet_form.dart:578:68:
Error: The method 'TextField' isn't defined for the type '_AnalysisSheetFormState'.
 - '_AnalysisSheetFormState' is from 'package:aquaanalyst_ai/ui/screens/analysis_sheet_form.dart' ('lib/ui/screens/anal
ysis_sheet_form.dart').
        content: Column(mainAxisSize: MainAxisSize.min, children: [TextField(controller: splitController, keyboardType:
 const TextInputType.numberWithOptions(decimal: true), decoration: const InputDecoration(labelText: '陋ｻ繝ｻ迚｡陜ｨ・ｰ霓､・ｹ (m)
', suffixText: 'm', border: OutlineInputBorder()))]),
                                                                   ^^^^^^^^^
lib/ui/screens/analysis_sheet_form.dart:578:18:
Error: The method 'Column' isn't defined for the type '_AnalysisSheetFormState'.
 - '_AnalysisSheetFormState' is from 'package:aquaanalyst_ai/ui/screens/analysis_sheet_form.dart' ('lib/ui/screens/anal
ysis_sheet_form.dart').
        content: Column(mainAxisSize: MainAxisSize.min, children: [TextField(controller: splitController, keyboardType:
 const TextInputType.numberWithOptions(decimal: true), decoration: const InputDecoration(labelText: '陋ｻ繝ｻ迚｡陜ｨ・ｰ霓､・ｹ (m)
', suffixText: 'm', border: OutlineInputBorder()))]),
                 ^^^^^^
lib/ui/screens/analysis_sheet_form.dart:579:47:
Error: The getter 'Navigator' isn't defined for the type '_AnalysisSheetFormState'.
 - '_AnalysisSheetFormState' is from 'package:aquaanalyst_ai/ui/screens/analysis_sheet_form.dart' ('lib/ui/screens/anal
ysis_sheet_form.dart').
        actions: [TextButton(onPressed: () => Navigator.pop(ctx), child: const Text('郢ｧ・ｭ郢晢ｽ｣郢晢ｽｳ郢ｧ・ｻ郢晢ｽｫ')), TextButto
n(onPressed: () { final val = double.tryParse(splitController.text); if (val != null && val > lapStart && val < lapEnd)
 Navigator.pop(ctx, val); }, child: const Text('陋ｻ繝ｻ迚｡'))],
                                              ^^^^^^^^^
lib/ui/screens/analysis_sheet_form.dart:579:19:
Error: The method 'TextButton' isn't defined for the type '_AnalysisSheetFormState'.
 - '_AnalysisSheetFormState' is from 'package:aquaanalyst_ai/ui/screens/analysis_sheet_form.dart' ('lib/ui/screens/anal
ysis_sheet_form.dart').
        actions: [TextButton(onPressed: () => Navigator.pop(ctx), child: const Text('郢ｧ・ｭ郢晢ｽ｣郢晢ｽｳ郢ｧ・ｻ郢晢ｽｫ')), TextButto
n(onPressed: () { final val = double.tryParse(splitController.text); if (val != null && val > lapStart && val < lapEnd)
 Navigator.pop(ctx, val); }, child: const Text('陋ｻ繝ｻ迚｡'))],
                  ^^^^^^^^^^
lib/ui/screens/analysis_sheet_form.dart:579:225:
Error: The getter 'Navigator' isn't defined for the type '_AnalysisSheetFormState'.
 - '_AnalysisSheetFormState' is from 'package:aquaanalyst_ai/ui/screens/analysis_sheet_form.dart' ('lib/ui/screens/anal
ysis_sheet_form.dart').
        actions: [TextButton(onPressed: () => Navigator.pop(ctx), child: const Text('郢ｧ・ｭ郢晢ｽ｣郢晢ｽｳ郢ｧ・ｻ郢晢ｽｫ')), TextButto
n(onPressed: () { final val = double.tryParse(splitController.text); if (val != null && val > lapStart && val < lapEnd)
 Navigator.pop(ctx, val); }, child: const Text('陋ｻ繝ｻ迚｡'))],
                                                                                          ^^^^^^^^^
lib/ui/screens/analysis_sheet_form.dart:579:96:
Error: The method 'TextButton' isn't defined for the type '_AnalysisSheetFormState'.
 - '_AnalysisSheetFormState' is from 'package:aquaanalyst_ai/ui/screens/analysis_sheet_form.dart' ('lib/ui/screens/anal
ysis_sheet_form.dart').
        actions: [TextButton(onPressed: () => Navigator.pop(ctx), child: const Text('郢ｧ・ｭ郢晢ｽ｣郢晢ｽｳ郢ｧ・ｻ郢晢ｽｫ')), TextButto
n(onPressed: () { final val = double.tryParse(splitController.text); if (val != null && val > lapStart && val < lapEnd)
 Navigator.pop(ctx, val); }, child: const Text('陋ｻ繝ｻ迚｡'))],
                                                                                          ^^^^^^^^^^
lib/ui/screens/analysis_sheet_form.dart:576:25:
Error: The method 'AlertDialog' isn't defined for the type '_AnalysisSheetFormState'.
 - '_AnalysisSheetFormState' is from 'package:aquaanalyst_ai/ui/screens/analysis_sheet_form.dart' ('lib/ui/screens/anal
ysis_sheet_form.dart').
      builder: (ctx) => AlertDialog(
                        ^^^^^^^^^^^
lib/ui/screens/analysis_sheet_form.dart:574:26:
Error: The method 'showDialog' isn't defined for the type '_AnalysisSheetFormState'.
 - '_AnalysisSheetFormState' is from 'package:aquaanalyst_ai/ui/screens/analysis_sheet_form.dart' ('lib/ui/screens/anal
ysis_sheet_form.dart').
    final result = await showDialog<double>(
                         ^^^^^^^^^^
lib/ui/screens/analysis_sheet_form.dart:596:9:
Error: 'TextEditingController' isn't a type.
  final TextEditingController sectionController;
        ^^^^^^^^^^^^^^^^^^^^^
lib/ui/screens/analysis_sheet_form.dart:597:9:
Error: 'TextEditingController' isn't a type.
  final TextEditingController cumulativeController = TextEditingController();
        ^^^^^^^^^^^^^^^^^^^^^
lib/ui/screens/analysis_sheet_form.dart:597:54:
Error: Method not found: 'TextEditingController'.
  final TextEditingController cumulativeController = TextEditingController();
                                                     ^^^^^^^^^^^^^^^^^^^^^
lib/ui/screens/analysis_sheet_form.dart:598:9:
Error: 'TextEditingController' isn't a type.
  final TextEditingController timeController = TextEditingController();
        ^^^^^^^^^^^^^^^^^^^^^
lib/ui/screens/analysis_sheet_form.dart:598:48:
Error: Method not found: 'TextEditingController'.
  final TextEditingController timeController = TextEditingController();
                                               ^^^^^^^^^^^^^^^^^^^^^
lib/ui/screens/analysis_sheet_form.dart:599:9:
Error: 'TextEditingController' isn't a type.
  final TextEditingController strokeController = TextEditingController();
        ^^^^^^^^^^^^^^^^^^^^^
lib/ui/screens/analysis_sheet_form.dart:599:50:
Error: Method not found: 'TextEditingController'.
  final TextEditingController strokeController = TextEditingController();
                                                 ^^^^^^^^^^^^^^^^^^^^^
lib/ui/screens/analysis_sheet_form.dart:600:9:
Error: 'TextEditingController' isn't a type.
  final TextEditingController underwaterController = TextEditingController();
        ^^^^^^^^^^^^^^^^^^^^^
lib/ui/screens/analysis_sheet_form.dart:600:54:
Error: Method not found: 'TextEditingController'.
  final TextEditingController underwaterController = TextEditingController();
                                                     ^^^^^^^^^^^^^^^^^^^^^
lib/ui/screens/analysis_sheet_form.dart:601:9:
Error: 'TextEditingController' isn't a type.
  final TextEditingController memoController = TextEditingController();
        ^^^^^^^^^^^^^^^^^^^^^
lib/ui/screens/analysis_sheet_form.dart:601:48:
Error: Method not found: 'TextEditingController'.
  final TextEditingController memoController = TextEditingController();
                                               ^^^^^^^^^^^^^^^^^^^^^
lib/ui/screens/analysis_sheet_form.dart:602:62:
Error: Method not found: 'TextEditingController'.
  _LapEntry({required String section}) : sectionController = TextEditingController(text: section);
                                                             ^^^^^^^^^^^^^^^^^^^^^
lib/ui/widgets/training_form.dart:86:22:
Error: Expected ';' after this.
      const prompt = """
騾包ｽｻ陷剃ｸ槭・邵ｺ・ｮ雎鯉ｽｴ雎包ｽｳ邵ｺ・ｮ驍ｱ・ｴ驗吝・ﾎ鍋ｹ昜ｹ斟礼ｹ晢ｽｼ髯ｦ・ｨ郢ｧ螳夲ｽｪ・ｭ邵ｺ・ｿ陷ｿ謔ｶ笆ｲ邵ｺ・ｦ隰夲ｽｽ陷・ｽｺ邵ｺ蜉ｱ窶ｻ邵ｺ荳岩味邵ｺ霈費ｼ樒ｸｲ繝ｻ陷奇ｽｰ陋ｻ・ｷ邵ｺ霈費ｽ檎ｸｺ貅佩鍋ｹ昜
ｹ斟礼ｹ晢ｽｼ髯ｦ・ｨ邵ｲ竏ｵ辟碑ｭ厄ｽｸ邵ｺ髦ｪ繝ｻ郢晏ｸ厥｡郢ｧ・､郢晏現繝ｻ郢晢ｽｼ郢晏ｳｨﾂ竏壹＞郢晏干ﾎ懃ｸｺ・ｮ郢ｧ・ｹ郢ｧ・ｯ郢晢ｽｪ郢晢ｽｼ郢晢ｽｳ郢ｧ・ｷ郢晢ｽｧ郢昴・繝ｨ邵ｺ・ｪ邵ｺ・ｩ邵ｲ竏壺・邵ｺ・ｮ郢ｧ蛹ｻ竕ｧ
邵ｺ・ｪ陟厄ｽ｢陟台ｸ翫・騾包ｽｻ陷剃ｸ環ｰ郢ｧ蟲ｨ縲堤ｹｧ繧・ｽｯ・ｾ陟｢諛奇ｼ邵ｺ・ｦ邵ｺ荳岩味邵ｺ霈費ｼ樒ｸｲ繝ｻ
闔会ｽ･闕ｳ荵昴・郢晢ｽｫ郢晢ｽｼ郢晢ｽｫ郢ｧ雋槫ｮ崎楜蛹ｻ・邵ｺ・ｦ闔・ｺ鬮｢阮吮ｲ髫ｱ・ｭ邵ｺ・ｿ郢ｧ繝ｻ笘・ｸｺ繝ｻ・ｽ・｢陟台ｸ岩・隰ｨ・ｴ陟厄ｽ｢邵ｺ蜉ｱ窶ｻ邵ｺ荳岩味邵ｺ霈費ｼ槭・繝ｻ1. 邵ｲ髱ｴategory|Dis
tance...邵ｲ髦ｪ繝ｻ郢ｧ蛹ｻ竕ｧ邵ｺ・ｪ髯ｦ・ｨ邵ｺ・ｮ郢晏･繝｣郢敖郢晢ｽｼ髯ｦ蠕鯉ｽ・ｸｲ竏堋闃ｸ||邵ｲ髦ｪ繝ｻ郢ｧ蛹ｻ竕ｧ邵ｺ・ｪ郢ｧ・ｨ郢ｧ・ｯ郢ｧ・ｻ郢晢ｽｫ邵ｺ・ｮ隴ｫ・ｰ驍ｱ螢ｹ繝ｻ驕ｨ・ｺ郢ｧ・ｻ郢晢ｽｫ邵
ｺ・ｮ髫ｪ莨懈差邵ｺ・ｯ邵ｺ蜷ｶ竏狗ｸｺ・ｦ鬮ｯ・､陞滓じ・邵ｺ・ｦ邵ｺ荳岩味邵ｺ霈費ｼ樒ｸｲ繝ｻ2. 郢晏｣ｹ繝ｻ郢ｧ・ｸ闕ｳ遏ｩﾎ夂ｸｺ・ｮ邵ｲ驛｡trength Table邵ｲ髦ｪ竊醍ｸｺ・ｩ邵ｺ・ｮ髯ｬ諛・ｽｶ・ｳ隲繝ｻ・ｰ・
ｱ邵ｺ・ｯ髫ｱ・ｭ邵ｺ・ｿ陷ｿ謔ｶ・臥ｸｺ・ｪ邵ｺ繝ｻ縲堤ｸｺ荳岩味邵ｺ霈費ｼ樒ｸｲ繝ｻ3. 驕橸ｽｮ騾ｶ・ｮ繝ｻ繝ｻ-Up, Drill, Kick, Swim, Down驕ｲ莨夲ｽｼ蟲ｨﾂ竏ｬ・ｷ譎槫ｱｬ邵ｲ竏ｵ謔ｽ隰ｨ・ｰ邵ｲ竏壹
＠郢ｧ・､郢ｧ・ｯ郢晢ｽｫ郢ｧ・ｿ郢ｧ・､郢晢｣ｰ邵ｲ竏ｵ谺陞ｳ螢ｼ・ｼ・ｷ陟趣ｽｦ郢ｧ繝ｻ・｣諛・ｽｶ・ｳ髫ｱ・ｬ隴丞ｼｱ笆｡邵ｺ莉｣・定ｬ壽㈱窶ｳ陷・ｽｺ邵ｺ蜉ｱﾂ竏壹☆郢晢ｽｳ郢晏干ﾎ晉ｸｺ・ｪ郢昴・縺冗ｹｧ・ｹ郢晁肩・ｼ莠包ｽ
ｾ繝ｻ W-Up 300 x 1 6:00 A1繝ｻ蟲ｨ竊堤ｸｺ蜉ｱ窶ｻ陷・ｽｺ陷牙ｸ呻ｼ邵ｺ・ｦ邵ｺ荳岩味邵ｺ霈費ｼ樒ｸｲ繝ｻ      final aiService = ref.read(aiServiceProvider);
      final result = await aiService.generateContentWithImage(prompt, bytes, mimeType, modelId: GeminiService.modelFlas
h);

      if (!mounted) return;
      if (result != null && result.isNotEmpty && !result.startsWith('AI邵ｺ・ｮ陷・ｽｦ騾・・・ｸ・ｭ')) {
        setState(() {
          _menuController.text = result;
        });
        ScaffoldMessenger.of(context).showSnackBar(
          const SnackBar(content: Text('郢晏ｸ厥｡郢ｧ・､郢晏現繝ｻ郢晢ｽｼ郢晏ｳｨ繝ｻ髫ｱ・ｭ邵ｺ・ｿ陷ｿ謔ｶ・顔ｸｺ謔滂ｽｮ蠕｡・ｺ繝ｻ・邵ｺ・ｾ邵ｺ蜉ｱ笳・)),
        );
      } else {
        throw Exception(result ?? '髫暦ｽ｣隴ｫ莉呻ｽ､・ｱ隰ｨ繝ｻ);
      }
    } catch (e) {
      if (!mounted) return;
      GeminiService.showErrorDialog(context, e, title: '髫暦ｽ｣隴ｫ闊後♀郢晢ｽｩ郢晢ｽｼ');
    } finally {
      if (mounted) {
        setState(() => _isOcrLoading = false);
      }
    }
  }

  Future<void> _runDrylLandOcr() async {
    final source = await _showImageSourcePicker();
    if (source == null) return;

    final picker = ImagePicker();
    final pickedFile = await picker.pickImage(
      source: source,
      maxWidth: 1024,
      maxHeight: 1024,
      imageQuality: 85,
    );
    if (pickedFile == null) return;

    setState(() => _isDrylLandOcrLoading = true);

    try {
      final bytes = await pickedFile.readAsBytes();
      final mimeType = pickedFile.mimeType ?? 'image/jpeg';
      const prompt = """

lib/ui/widgets/training_form.dart:137:1:
Error: '騾包ｽｻ陷剃ｸ槭・邵ｺ・ｮ鬮ｯ・ｸ闕ｳ鄙ｫ繝ｨ郢晢ｽｬ郢晢ｽｼ郢昜ｹ斟ｦ郢ｧ・ｰ繝ｻ閧ｲ・ｭ荵昴Κ郢晢ｽｬ邵ｺ・ｪ邵ｺ・ｩ繝ｻ蟲ｨ繝ｻ髫ｪ蛟ｬ鮖ｸ郢ｧ蛛ｵ繝ｦ郢ｧ・ｭ郢ｧ・ｹ郢晏現竊堤ｸｺ蜉ｱ窶ｻ隰夲ｽｽ陷・ｽｺ邵ｺ蜉ｱ窶
ｻ邵ｺ荳岩味邵ｺ霈費ｼ樒ｸｲ繝ｻ isn't a type.
騾包ｽｻ陷剃ｸ槭・邵ｺ・ｮ鬮ｯ・ｸ闕ｳ鄙ｫ繝ｨ郢晢ｽｬ郢晢ｽｼ郢昜ｹ斟ｦ郢ｧ・ｰ繝ｻ閧ｲ・ｭ荵昴Κ郢晢ｽｬ邵ｺ・ｪ邵ｺ・ｩ繝ｻ蟲ｨ繝ｻ髫ｪ蛟ｬ鮖ｸ郢ｧ蛛ｵ繝ｦ郢ｧ・ｭ郢ｧ・ｹ郢晏現竊堤ｸｺ蜉ｱ窶ｻ隰夲ｽｽ陷・ｽｺ邵ｺ蜉ｱ窶ｻ邵ｺ荳岩味邵ｺ
霈費ｼ樒ｸｲ繝ｻ^^^^^^^^^^^^^^^^^^^^^^^^^^^^^^^^^^^^^^^
lib/ui/widgets/training_form.dart:138:1:
Error: Expected ';' after this.
郢晏ｸ厥｡郢ｧ・､郢晏現繝ｻ郢晢ｽｼ郢晏ｳｨ繝ｻ隰・玄蠍檎ｸｺ髦ｪﾎ鍋ｹ昜ｹ斟礼ｹ晢ｽｼ郢ｧ繝ｻﾂ竏壹Κ郢晢ｽｬ郢晢ｽｼ郢昜ｹ斟ｦ郢ｧ・ｰ髫ｪ蛟ｬ鮖ｸ郢ｧ・｢郢晏干ﾎ懃ｸｺ・ｮ郢ｧ・ｹ郢ｧ・ｯ郢晢ｽｪ郢晢ｽｼ郢晢ｽｳ郢ｧ・ｷ郢晢ｽｧ郢昴
・繝ｨ邵ｺ・ｪ邵ｺ・ｩ邵ｲ竏壺・邵ｺ・ｮ郢ｧ蛹ｻ竕ｧ邵ｺ・ｪ陟厄ｽ｢陟台ｸ翫・騾包ｽｻ陷剃ｸ翫堤ｹｧ繧・ｽｯ・ｾ陟｢諛奇ｼ邵ｺ・ｦ邵ｺ荳岩味邵ｺ霈費ｼ樒ｸｲ繝ｻ^^^^^^^^^^^^^^^^^^^^^^^^^^^^^^^^^^^^^
^^^^^^^^^^^^^^^^^^^^^^^^^
lib/ui/widgets/training_form.dart:140:1:
Error: Expected ';' after this.
郢ｧ・ｷ郢ｧ・ｹ郢昴・ﾎ堤ｸｺ・ｧ髢ｾ・ｪ陝ｾ・ｱ郢晏生縺帷ｹ晏現竊醍ｸｺ・ｩ郢ｧ螳壹・陷肴・・ｪ蟠趣ｽｭ蛟･笘・ｹｧ荵昶螺郢ｧ竏堋竏ｽ・ｻ・･闕ｳ荵昴・霓､・ｹ邵ｺ・ｫ雎包ｽｨ隲｢荳奇ｼ邵ｺ・ｦ隰ｨ・ｴ陟厄ｽ｢邵ｺ蜉ｱ窶ｻ邵ｺ荳岩味
邵ｺ霈費ｼ樒ｸｲ繝ｻ^^^^^^^^^^^^^^^^^^^^^^^^^^^^^^^^^^^^^^^^
lib/ui/widgets/training_form.dart:141:4:
Error: Expected ';' after this.
1. 陷ｷ繝ｻ繝ｨ郢晢ｽｬ郢晢ｽｼ郢昜ｹ斟ｦ郢ｧ・ｰ邵ｺ・ｮ邵ｲ讙趣ｽｨ・ｮ騾ｶ・ｮ陷ｷ髦ｪﾂ髦ｪ・・髯ｦ讙主ｲｼ邵ｺ・ｫ隴厄ｽｸ邵ｺ繝ｻ   ^^^^^^^^^^^^^^^^^^^^
lib/ui/widgets/training_form.dart:142:4:
Error: Expected ';' after this.
2. 邵ｺ譏ｴ繝ｻ闕ｳ荵昶・陷ｷ繝ｻ縺晉ｹ昴・繝ｨ邵ｺ・ｮ隲繝ｻ・ｰ・ｱ郢ｧ蛛ｵﾂ繝ｻ郢ｧ・ｻ郢昴・繝ｨ騾ｶ・ｮ 30.0kg 10陜玲ｧｭﾂ髦ｪ繝ｻ郢ｧ蛹ｻ竕ｧ邵ｺ・ｫ隴厄ｽｸ邵ｺ繝ｻ   ^^^^^^^^^^^^^^^^^^
lib/ui/widgets/training_form.dart:142:23:
Error: Expected ';' after this.
2. 邵ｺ譏ｴ繝ｻ闕ｳ荵昶・陷ｷ繝ｻ縺晉ｹ昴・繝ｨ邵ｺ・ｮ隲繝ｻ・ｰ・ｱ郢ｧ蛛ｵﾂ繝ｻ郢ｧ・ｻ郢昴・繝ｨ騾ｶ・ｮ 30.0kg 10陜玲ｧｭﾂ髦ｪ繝ｻ郢ｧ蛹ｻ竕ｧ邵ｺ・ｫ隴厄ｽｸ邵ｺ繝ｻ                      ^
^^^
lib/ui/widgets/training_form.dart:142:27:
Error: Expected ';' after this.
2. 邵ｺ譏ｴ繝ｻ闕ｳ荵昶・陷ｷ繝ｻ縺晉ｹ昴・繝ｨ邵ｺ・ｮ隲繝ｻ・ｰ・ｱ郢ｧ蛛ｵﾂ繝ｻ郢ｧ・ｻ郢昴・繝ｨ騾ｶ・ｮ 30.0kg 10陜玲ｧｭﾂ髦ｪ繝ｻ郢ｧ蛹ｻ竕ｧ邵ｺ・ｫ隴厄ｽｸ邵ｺ繝ｻ                       
   ^^
lib/ui/widgets/training_form.dart:142:30:
Error: Expected ';' after this.
2. 邵ｺ譏ｴ繝ｻ闕ｳ荵昶・陷ｷ繝ｻ縺晉ｹ昴・繝ｨ邵ｺ・ｮ隲繝ｻ・ｰ・ｱ郢ｧ蛛ｵﾂ繝ｻ郢ｧ・ｻ郢昴・繝ｨ騾ｶ・ｮ 30.0kg 10陜玲ｧｭﾂ髦ｪ繝ｻ郢ｧ蛹ｻ竕ｧ邵ｺ・ｫ隴厄ｽｸ邵ｺ繝ｻ                       
      ^^
lib/ui/widgets/training_form.dart:142:32:
Error: Expected ';' after this.
2. 邵ｺ譏ｴ繝ｻ闕ｳ荵昶・陷ｷ繝ｻ縺晉ｹ昴・繝ｨ邵ｺ・ｮ隲繝ｻ・ｰ・ｱ郢ｧ蛛ｵﾂ繝ｻ郢ｧ・ｻ郢昴・繝ｨ騾ｶ・ｮ 30.0kg 10陜玲ｧｭﾂ髦ｪ繝ｻ郢ｧ蛹ｻ竕ｧ邵ｺ・ｫ隴厄ｽｸ邵ｺ繝ｻ                       
        ^^^^^^^^
lib/ui/widgets/training_form.dart:143:4:
Error: Expected ';' after this.
3. 驕橸ｽｮ騾ｶ・ｮ邵ｺ謔滂ｽ､蟲ｨ・冗ｹｧ蜿･・ｰ・ｴ陷ｷ蛹ｻ繝ｻ邵ｲ竏ｵ逵邵ｺ蜉ｱ・樣◇・ｮ騾ｶ・ｮ陷ｷ髦ｪ・・髯ｦ譴ｧ蠍檎ｸｺ繝ｻ窶ｻ邵ｺ荵晢ｽ臥ｹｧ・ｻ郢昴・繝ｨ隲繝ｻ・ｰ・ｱ郢ｧ蝣､・ｶ螢ｹ・郢ｧ繝ｻ   ^^^^^^^
^^^^^^^^^^^^^^^^^^^^^^^^^^
lib/ui/widgets/training_form.dart:144:4:
Error: Expected ';' after this.
4. AI邵ｺ・ｮ隰厄ｽｨ隲｡・ｶ郢ｧ繝ｻ・ｧ・｣髫ｱ・ｬ隴√・竊醍ｸｺ・ｩ邵ｺ・ｯ闕ｳﾂ陋ｻ繝ｻ諤ｧ郢ｧ竏壺・邵ｺ繝ｻ・・ｸｺ・ｨ
   ^^^^^^^^^^^^^^^^^^^^
lib/ui/widgets/training_form.dart:146:1:
Error: '陷・ｽｺ陷牙ｸ托ｽｾ蜈ｷ・ｼ繝ｻ isn't a type.
陷・ｽｺ陷牙ｸ托ｽｾ蜈ｷ・ｼ繝ｻ^^^^
lib/ui/widgets/training_form.dart:147:1:
Error: Expected ';' after this.
郢晏生ﾎｦ郢昶・繝ｻ郢晢ｽｬ郢ｧ・ｹ
^^^^^^
lib/ui/widgets/training_form.dart:148:1:
Error: Expected ';' after this.
1郢ｧ・ｻ郢昴・繝ｨ騾ｶ・ｮ 60.0kg 10陜励・^
lib/ui/widgets/training_form.dart:148:2:
Error: Expected ';' after this.
1郢ｧ・ｻ郢昴・繝ｨ騾ｶ・ｮ 60.0kg 10陜励・ ^^^^
lib/ui/widgets/training_form.dart:148:7:
Error: Expected ';' after this.
1郢ｧ・ｻ郢昴・繝ｨ騾ｶ・ｮ 60.0kg 10陜励・      ^^^^
lib/ui/widgets/training_form.dart:148:11:
Error: Expected ';' after this.
1郢ｧ・ｻ郢昴・繝ｨ騾ｶ・ｮ 60.0kg 10陜励・          ^^
lib/ui/widgets/training_form.dart:148:14:
Error: Expected ';' after this.
1郢ｧ・ｻ郢昴・繝ｨ騾ｶ・ｮ 60.0kg 10陜励・             ^^
lib/ui/widgets/training_form.dart:148:16:
Error: Expected ';' after this.
1郢ｧ・ｻ郢昴・繝ｨ騾ｶ・ｮ 60.0kg 10陜励・               ^
lib/ui/widgets/training_form.dart:149:1:
Error: Expected ';' after this.
2郢ｧ・ｻ郢昴・繝ｨ騾ｶ・ｮ 60.0kg 8陜励・^
lib/ui/widgets/training_form.dart:149:2:
Error: Expected ';' after this.
2郢ｧ・ｻ郢昴・繝ｨ騾ｶ・ｮ 60.0kg 8陜励・ ^^^^
lib/ui/widgets/training_form.dart:149:7:
Error: Expected ';' after this.
2郢ｧ・ｻ郢昴・繝ｨ騾ｶ・ｮ 60.0kg 8陜励・      ^^^^
lib/ui/widgets/training_form.dart:149:11:
Error: Expected ';' after this.
2郢ｧ・ｻ郢昴・繝ｨ騾ｶ・ｮ 60.0kg 8陜励・          ^^
lib/ui/widgets/training_form.dart:149:14:
Error: Expected ';' after this.
2郢ｧ・ｻ郢昴・繝ｨ騾ｶ・ｮ 60.0kg 8陜励・             ^
lib/ui/widgets/training_form.dart:149:15:
Error: '陜励・ isn't a type.
2郢ｧ・ｻ郢昴・繝ｨ騾ｶ・ｮ 60.0kg 8陜励・              ^
lib/ui/widgets/training_form.dart:150:1:
Error: Expected ';' after this.
郢ｧ・ｹ郢ｧ・ｯ郢晢ｽｯ郢昴・繝ｨ
^^^^^
lib/ui/widgets/training_form.dart:151:1:
Error: Expected ';' after this.
1郢ｧ・ｻ郢昴・繝ｨ騾ｶ・ｮ 80.0kg 12陜励・^
lib/ui/widgets/training_form.dart:151:2:
Error: Expected ';' after this.
1郢ｧ・ｻ郢昴・繝ｨ騾ｶ・ｮ 80.0kg 12陜励・ ^^^^
lib/ui/widgets/training_form.dart:151:7:
Error: Expected ';' after this.
1郢ｧ・ｻ郢昴・繝ｨ騾ｶ・ｮ 80.0kg 12陜励・      ^^^^
lib/ui/widgets/training_form.dart:151:11:
Error: Expected ';' after this.
1郢ｧ・ｻ郢昴・繝ｨ騾ｶ・ｮ 80.0kg 12陜励・          ^^
lib/ui/widgets/training_form.dart:151:14:
Error: Expected ';' after this.
1郢ｧ・ｻ郢昴・繝ｨ騾ｶ・ｮ 80.0kg 12陜励・             ^^
lib/ui/widgets/training_form.dart:151:16:
Error: Expected ';' after this.
1郢ｧ・ｻ郢昴・繝ｨ騾ｶ・ｮ 80.0kg 12陜励・               ^
lib/ui/widgets/training_form.dart:721:37:
Error: Expected ';' after this.
        content: Text('邵ｲ繝ｻ{menu.name}邵ｲ髦ｪ・定恆莨∝求邵ｺ蜉ｱ窶ｻ郢ｧ繧・ｽ育ｹｧ髦ｪ・邵ｺ繝ｻ縲堤ｸｺ蜷ｶﾂｰ繝ｻ繝ｻ),
        actions: [
          TextButton(onPressed: () => Navigator.pop(ctx), child: const Text('郢ｧ・ｭ郢晢ｽ｣郢晢ｽｳ郢ｧ・ｻ郢晢ｽｫ')),
          TextButton(
            onPressed: () async {
              await _firestoreService.deleteMyMenu(menu.id);
              if (ctx.mounted) Navigator.pop(ctx);
            },
            style: TextButton.styleFrom(foregroundColor: Colors.red),
            child: const Text('陷台ｼ∝求'),
          ),
        ],
      ),
    );
  }
}


lib/ui/widgets/training_form.dart:83:5:
Error: A try block must be followed by an 'on', 'catch', or 'finally' clause.
    try {
    ^^^
lib/ui/widgets/training_form.dart:71:26:
Error: The method '_showImageSourcePicker' isn't defined for the type '_TrainingFormState'.
 - '_TrainingFormState' is from 'package:aquaanalyst_ai/ui/widgets/training_form.dart' ('lib/ui/widgets/training_form.d
art').
    final source = await _showImageSourcePicker();
                         ^^^^^^^^^^^^^^^^^^^^^^
lib/ui/widgets/training_form.dart:74:30:
Error: The getter 'picker' isn't defined for the type '_TrainingFormState'.
 - '_TrainingFormState' is from 'package:aquaanalyst_ai/ui/widgets/training_form.dart' ('lib/ui/widgets/training_form.d
art').
    final pickedFile = await picker.pickImage(
                             ^^^^^^
lib/ui/widgets/training_form.dart:140:1:
Error: The getter '郢ｧ・ｷ郢ｧ・ｹ郢昴・ﾎ堤ｸｺ・ｧ髢ｾ・ｪ陝ｾ・ｱ郢晏生縺帷ｹ晏現竊醍ｸｺ・ｩ郢ｧ螳壹・陷肴・・ｪ蟠趣ｽｭ蛟･笘・ｹｧ荵昶螺郢ｧ竏堋竏ｽ・ｻ・･闕ｳ荵昴・霓､・ｹ邵ｺ・ｫ雎包ｽｨ隲｢荳奇ｼ邵ｺ・ｦ
隰ｨ・ｴ陟厄ｽ｢邵ｺ蜉ｱ窶ｻ邵ｺ荳岩味邵ｺ霈費ｼ樒ｸｲ繝ｻ isn't defined for the type '_TrainingFormState'.
 - '_TrainingFormState' is from 'package:aquaanalyst_ai/ui/widgets/training_form.dart' ('lib/ui/widgets/training_form.d
art').
郢ｧ・ｷ郢ｧ・ｹ郢昴・ﾎ堤ｸｺ・ｧ髢ｾ・ｪ陝ｾ・ｱ郢晏生縺帷ｹ晏現竊醍ｸｺ・ｩ郢ｧ螳壹・陷肴・・ｪ蟠趣ｽｭ蛟･笘・ｹｧ荵昶螺郢ｧ竏堋竏ｽ・ｻ・･闕ｳ荵昴・霓､・ｹ邵ｺ・ｫ雎包ｽｨ隲｢荳奇ｼ邵ｺ・ｦ隰ｨ・ｴ陟厄ｽ｢邵ｺ蜉ｱ窶ｻ邵ｺ荳岩味
邵ｺ霈費ｼ樒ｸｲ繝ｻ^^^^^^^^^^^^^^^^^^^^^^^^^^^^^^^^^^^^^^^^
lib/ui/widgets/training_form.dart:141:4:
Error: The getter '陷ｷ繝ｻ繝ｨ郢晢ｽｬ郢晢ｽｼ郢昜ｹ斟ｦ郢ｧ・ｰ邵ｺ・ｮ邵ｲ讙趣ｽｨ・ｮ騾ｶ・ｮ陷ｷ髦ｪﾂ髦ｪ・・髯ｦ讙主ｲｼ邵ｺ・ｫ隴厄ｽｸ邵ｺ繝ｻ isn't defined for the type 'int'
.
1. 陷ｷ繝ｻ繝ｨ郢晢ｽｬ郢晢ｽｼ郢昜ｹ斟ｦ郢ｧ・ｰ邵ｺ・ｮ邵ｲ讙趣ｽｨ・ｮ騾ｶ・ｮ陷ｷ髦ｪﾂ髦ｪ・・髯ｦ讙主ｲｼ邵ｺ・ｫ隴厄ｽｸ邵ｺ繝ｻ   ^^^^^^^^^^^^^^^^^^^^
lib/ui/widgets/training_form.dart:142:4:
Error: The getter '邵ｺ譏ｴ繝ｻ闕ｳ荵昶・陷ｷ繝ｻ縺晉ｹ昴・繝ｨ邵ｺ・ｮ隲繝ｻ・ｰ・ｱ郢ｧ蛛ｵﾂ繝ｻ郢ｧ・ｻ郢昴・繝ｨ騾ｶ・ｮ' isn't defined for the type 'int'.
2. 邵ｺ譏ｴ繝ｻ闕ｳ荵昶・陷ｷ繝ｻ縺晉ｹ昴・繝ｨ邵ｺ・ｮ隲繝ｻ・ｰ・ｱ郢ｧ蛛ｵﾂ繝ｻ郢ｧ・ｻ郢昴・繝ｨ騾ｶ・ｮ 30.0kg 10陜玲ｧｭﾂ髦ｪ繝ｻ郢ｧ蛹ｻ竕ｧ邵ｺ・ｫ隴厄ｽｸ邵ｺ繝ｻ   ^^^^^^^^^^^^^^^^^^
lib/ui/widgets/training_form.dart:142:27:
Error: The getter 'kg' isn't defined for the type '_TrainingFormState'.
 - '_TrainingFormState' is from 'package:aquaanalyst_ai/ui/widgets/training_form.dart' ('lib/ui/widgets/training_form.d
art').
2. 邵ｺ譏ｴ繝ｻ闕ｳ荵昶・陷ｷ繝ｻ縺晉ｹ昴・繝ｨ邵ｺ・ｮ隲繝ｻ・ｰ・ｱ郢ｧ蛛ｵﾂ繝ｻ郢ｧ・ｻ郢昴・繝ｨ騾ｶ・ｮ 30.0kg 10陜玲ｧｭﾂ髦ｪ繝ｻ郢ｧ蛹ｻ竕ｧ邵ｺ・ｫ隴厄ｽｸ邵ｺ繝ｻ                       
   ^^
lib/ui/widgets/training_form.dart:142:32:
Error: The getter '陜玲ｧｭﾂ髦ｪ繝ｻ郢ｧ蛹ｻ竕ｧ邵ｺ・ｫ隴厄ｽｸ邵ｺ繝ｻ isn't defined for the type '_TrainingFormState'.
 - '_TrainingFormState' is from 'package:aquaanalyst_ai/ui/widgets/training_form.dart' ('lib/ui/widgets/training_form.d
art').
2. 邵ｺ譏ｴ繝ｻ闕ｳ荵昶・陷ｷ繝ｻ縺晉ｹ昴・繝ｨ邵ｺ・ｮ隲繝ｻ・ｰ・ｱ郢ｧ蛛ｵﾂ繝ｻ郢ｧ・ｻ郢昴・繝ｨ騾ｶ・ｮ 30.0kg 10陜玲ｧｭﾂ髦ｪ繝ｻ郢ｧ蛹ｻ竕ｧ邵ｺ・ｫ隴厄ｽｸ邵ｺ繝ｻ                       
        ^^^^^^^^
lib/ui/widgets/training_form.dart:143:4:
Error: The getter '驕橸ｽｮ騾ｶ・ｮ邵ｺ謔滂ｽ､蟲ｨ・冗ｹｧ蜿･・ｰ・ｴ陷ｷ蛹ｻ繝ｻ邵ｲ竏ｵ逵邵ｺ蜉ｱ・樣◇・ｮ騾ｶ・ｮ陷ｷ髦ｪ・・髯ｦ譴ｧ蠍檎ｸｺ繝ｻ窶ｻ邵ｺ荵晢ｽ臥ｹｧ・ｻ郢昴・繝ｨ隲繝ｻ・ｰ・ｱ郢ｧ蝣､・ｶ螢ｹ
・郢ｧ繝ｻ isn't defined for the type 'int'.
3. 驕橸ｽｮ騾ｶ・ｮ邵ｺ謔滂ｽ､蟲ｨ・冗ｹｧ蜿･・ｰ・ｴ陷ｷ蛹ｻ繝ｻ邵ｲ竏ｵ逵邵ｺ蜉ｱ・樣◇・ｮ騾ｶ・ｮ陷ｷ髦ｪ・・髯ｦ譴ｧ蠍檎ｸｺ繝ｻ窶ｻ邵ｺ荵晢ｽ臥ｹｧ・ｻ郢昴・繝ｨ隲繝ｻ・ｰ・ｱ郢ｧ蝣､・ｶ螢ｹ・郢ｧ繝ｻ   ^^^^^^^
^^^^^^^^^^^^^^^^^^^^^^^^^^
lib/ui/widgets/training_form.dart:144:4:
Error: The getter 'AI邵ｺ・ｮ隰厄ｽｨ隲｡・ｶ郢ｧ繝ｻ・ｧ・｣髫ｱ・ｬ隴√・竊醍ｸｺ・ｩ邵ｺ・ｯ闕ｳﾂ陋ｻ繝ｻ諤ｧ郢ｧ竏壺・邵ｺ繝ｻ・・ｸｺ・ｨ' isn't defined for the type 'int'.
4. AI邵ｺ・ｮ隰厄ｽｨ隲｡・ｶ郢ｧ繝ｻ・ｧ・｣髫ｱ・ｬ隴√・竊醍ｸｺ・ｩ邵ｺ・ｯ闕ｳﾂ陋ｻ繝ｻ諤ｧ郢ｧ竏壺・邵ｺ繝ｻ・・ｸｺ・ｨ
   ^^^^^^^^^^^^^^^^^^^^
lib/ui/widgets/training_form.dart:148:2:
Error: The getter '郢ｧ・ｻ郢昴・繝ｨ騾ｶ・ｮ' isn't defined for the type '_TrainingFormState'.
 - '_TrainingFormState' is from 'package:aquaanalyst_ai/ui/widgets/training_form.dart' ('lib/ui/widgets/training_form.d
art').
1郢ｧ・ｻ郢昴・繝ｨ騾ｶ・ｮ 60.0kg 10陜励・ ^^^^
lib/ui/widgets/training_form.dart:148:11:
Error: The getter 'kg' isn't defined for the type '_TrainingFormState'.
 - '_TrainingFormState' is from 'package:aquaanalyst_ai/ui/widgets/training_form.dart' ('lib/ui/widgets/training_form.d
art').
1郢ｧ・ｻ郢昴・繝ｨ騾ｶ・ｮ 60.0kg 10陜励・          ^^
lib/ui/widgets/training_form.dart:148:16:
Error: The getter '陜励・ isn't defined for the type '_TrainingFormState'.
 - '_TrainingFormState' is from 'package:aquaanalyst_ai/ui/widgets/training_form.dart' ('lib/ui/widgets/training_form.d
art').
1郢ｧ・ｻ郢昴・繝ｨ騾ｶ・ｮ 60.0kg 10陜励・               ^
lib/ui/widgets/training_form.dart:149:2:
Error: The getter '郢ｧ・ｻ郢昴・繝ｨ騾ｶ・ｮ' isn't defined for the type '_TrainingFormState'.
 - '_TrainingFormState' is from 'package:aquaanalyst_ai/ui/widgets/training_form.dart' ('lib/ui/widgets/training_form.d
art').
2郢ｧ・ｻ郢昴・繝ｨ騾ｶ・ｮ 60.0kg 8陜励・ ^^^^
lib/ui/widgets/training_form.dart:149:11:
Error: The getter 'kg' isn't defined for the type '_TrainingFormState'.
 - '_TrainingFormState' is from 'package:aquaanalyst_ai/ui/widgets/training_form.dart' ('lib/ui/widgets/training_form.d
art').
2郢ｧ・ｻ郢昴・繝ｨ騾ｶ・ｮ 60.0kg 8陜励・          ^^
lib/ui/widgets/training_form.dart:151:2:
Error: The getter '郢ｧ・ｻ郢昴・繝ｨ騾ｶ・ｮ' isn't defined for the type '_TrainingFormState'.
 - '_TrainingFormState' is from 'package:aquaanalyst_ai/ui/widgets/training_form.dart' ('lib/ui/widgets/training_form.d
art').
1郢ｧ・ｻ郢昴・繝ｨ騾ｶ・ｮ 80.0kg 12陜励・ ^^^^
lib/ui/widgets/training_form.dart:151:11:
Error: The getter 'kg' isn't defined for the type '_TrainingFormState'.
 - '_TrainingFormState' is from 'package:aquaanalyst_ai/ui/widgets/training_form.dart' ('lib/ui/widgets/training_form.d
art').
1郢ｧ・ｻ郢昴・繝ｨ騾ｶ・ｮ 80.0kg 12陜励・          ^^
lib/ui/widgets/training_form.dart:151:16:
Error: The getter '陜励・ isn't defined for the type '_TrainingFormState'.
 - '_TrainingFormState' is from 'package:aquaanalyst_ai/ui/widgets/training_form.dart' ('lib/ui/widgets/training_form.d
art').
1郢ｧ・ｻ郢昴・繝ｨ騾ｶ・ｮ 80.0kg 12陜励・               ^
lib/ui/widgets/training_form.dart:597:61:
Error: The getter 'e' isn't defined for the type '_TrainingFormState'.
 - '_TrainingFormState' is from 'package:aquaanalyst_ai/ui/widgets/training_form.dart' ('lib/ui/widgets/training_form.d
art').
                error: (e, st) => Center(child: Text('郢ｧ・ｨ郢晢ｽｩ郢晢ｽｼ: $e')),
                                                            ^
lib/ui/widgets/training_form.dart:721:27:
Error: The getter 'menu' isn't defined for the type '_TrainingFormState'.
 - '_TrainingFormState' is from 'package:aquaanalyst_ai/ui/widgets/training_form.dart' ('lib/ui/widgets/training_form.d
art').
Compiling lib\main.dart for the Web...                             73.3s
        content: Text('邵ｲ繝ｻ{menu.name}邵ｲ髦ｪ・定恆莨∝求邵ｺ蜉ｱ窶ｻ郢ｧ繧・ｽ育ｹｧ髦ｪ・邵ｺ繝ｻ縲堤ｸｺ蜷ｶﾂｰ繝ｻ繝ｻ),
                          ^^^^
lib/ui/widgets/body_composition_form.dart:64:25:
Error: The getter 'ref' isn't defined for the type '_BodyCompositionFormState'.
 - '_BodyCompositionFormState' is from 'package:aquaanalyst_ai/ui/widgets/body_composition_form.dart' ('lib/ui/widgets/
body_composition_form.dart').
      final aiService = ref.read(aiServiceProvider);
                        ^^^
lib/data/services/local_ai_service.dart:7:24:
Error: External JS interop member contains an invalid type: 'invalid-type'.
external JSOptions get _gemmaBridge;
                       ^
Error: Compilation failed.
  Command: C:\Program Files\flutter\bin\cache\dart-sdk\bin\dart.exe compile js --platform-binaries=C:\Program Files\flu
tter\bin\cache\flutter_web_sdk\kernel --invoker=flutter_tool -Ddart.vm.product=true -DFLUTTER_VERSION=3.41.5 -DFLUTTER_
CHANNEL=stable -DFLUTTER_GIT_URL=https://github.com/flutter/flutter.git -DFLUTTER_FRAMEWORK_REVISION=2c9eb20739 -DFLUTT
ER_ENGINE_REVISION=052f31d115 -DFLUTTER_DART_VERSION=3.11.3 -DFLUTTER_WEB_USE_SKIA=true -DFLUTTER_WEB_USE_SKWASM=false 
-DFLUTTER_WEB_CANVASKIT_URL=https://www.gstatic.com/flutter-canvaskit/052f31d115eceda8cbff1b3481fcde4330c4ae12/ --nativ
e-null-assertions --no-source-maps -O4 --minify -o C:\development\develop\aquaanalyst_ai\.dart_tool\flutter_build\7fba8
d8a3f4297df1e4d5ccbc93a0167\app.dill --packages=C:\development\develop\aquaanalyst_ai\.dart_tool\package_config.json --
cfe-only C:\development\develop\aquaanalyst_ai\.dart_tool\flutter_build\7fba8d8a3f4297df1e4d5ccbc93a0167\main.dart
#0      RunResult.throwException (package:flutter_tools/src/base/process.dart:153:5)
#1      _DefaultProcessUtils.run (package:flutter_tools/src/base/process.dart:379:19)
<asynchronous suspension>
#2      Dart2JSTarget.build (package:flutter_tools/src/build_system/targets/web.dart:208:5)
<asynchronous suspension>
#3      _BuildInstance._invokeInternal (package:flutter_tools/src/build_system/build_system.dart:937:9)
<asynchronous suspension>
#4      Future.wait.<anonymous closure> (dart:async/future.dart:546:21)
<asynchronous suspension>
#5      _BuildInstance.invokeTarget (package:flutter_tools/src/build_system/build_system.dart:875:32)
<asynchronous suspension>
#6      Future.wait.<anonymous closure> (dart:async/future.dart:546:21)
<asynchronous suspension>
#7      _BuildInstance.invokeTarget (package:flutter_tools/src/build_system/build_system.dart:875:32)
<asynchronous suspension>
#8      FlutterBuildSystem.build (package:flutter_tools/src/build_system/build_system.dart:684:16)
<asynchronous suspension>
#9      WebBuilder.buildWeb (package:flutter_tools/src/web/compile.dart:107:34)
<asynchronous suspension>
#10     BuildWebCommand.runCommand (package:flutter_tools/src/commands/build_web.dart:300:5)
<asynchronous suspension>
#11     FlutterCommand.run.<anonymous closure> (package:flutter_tools/src/runner/flutter_command.dart:1590:27)
<asynchronous suspension>
#12     AppContext.run.<anonymous closure> (package:flutter_tools/src/base/context.dart:154:19)
<asynchronous suspension>
#13     CommandRunner.runCommand (package:args/command_runner.dart:212:13)
<asynchronous suspension>
#14     FlutterCommandRunner.runCommand.<anonymous closure> (package:flutter_tools/src/runner/flutter_command_runner.da
rt:496:9)
<asynchronous suspension>
#15     AppContext.run.<anonymous closure> (package:flutter_tools/src/base/context.dart:154:19)
<asynchronous suspension>
#16     FlutterCommandRunner.runCommand (package:flutter_tools/src/runner/flutter_command_runner.dart:431:5)
<asynchronous suspension>
#17     FlutterCommandRunner.run.<anonymous closure> (package:flutter_tools/src/runner/flutter_command_runner.dart:307:
33)
<asynchronous suspension>
#18     run.<anonymous closure>.<anonymous closure> (package:flutter_tools/runner.dart:104:11)
<asynchronous suspension>
#19     AppContext.run.<anonymous closure> (package:flutter_tools/src/base/context.dart:154:19)
<asynchronous suspension>
#20     main (package:flutter_tools/executable.dart:103:3)
<asynchronous suspension>

Error: Failed to compile application for the Web.
